<?xml version="1.0"?>
<link_info>
   <banner>MSP430 Linker PC v4.2.1</banner>
   <copyright>Copyright (c) 2003-2013 Texas Instruments Incorporated</copyright>
   <link_time>0x53448610</link_time>
   <link_errors>0x0</link_errors>
   <output_file>MSP430_LP.out</output_file>
   <entry_point>
      <name>_c_int00</name>
      <address>0xddae</address>
   </entry_point>
   <input_file_list>
      <input_file id="fl-2">
         <path>.\application\</path>
         <kind>object</kind>
         <file>vlo_rand.obj</file>
         <name>vlo_rand.obj</name>
      </input_file>
      <input_file id="fl-3">
         <path>.\application\</path>
         <kind>object</kind>
         <file>main_tx.obj</file>
         <name>main_tx.obj</name>
      </input_file>
      <input_file id="fl-4">
         <path>.\bsp\</path>
         <kind>object</kind>
         <file>bsp.obj</file>
         <name>bsp.obj</name>
      </input_file>
      <input_file id="fl-5">
         <path>.\mrfi\</path>
         <kind>object</kind>
         <file>mrfi.obj</file>
         <name>mrfi.obj</name>
      </input_file>
      <input_file id="fl-6">
         <path>.\nwk\</path>
         <kind>object</kind>
         <file>nwk_globals.obj</file>
         <name>nwk_globals.obj</name>
      </input_file>
      <input_file id="fl-7">
         <path>.\nwk\</path>
         <kind>object</kind>
         <file>nwk_frame.obj</file>
         <name>nwk_frame.obj</name>
      </input_file>
      <input_file id="fl-8">
         <path>.\nwk\</path>
         <kind>object</kind>
         <file>nwk_api.obj</file>
         <name>nwk_api.obj</name>
      </input_file>
      <input_file id="fl-9">
         <path>.\nwk\</path>
         <kind>object</kind>
         <file>nwk_QMgmt.obj</file>
         <name>nwk_QMgmt.obj</name>
      </input_file>
      <input_file id="fl-a">
         <path>.\nwk\</path>
         <kind>object</kind>
         <file>nwk.obj</file>
         <name>nwk.obj</name>
      </input_file>
      <input_file id="fl-b">
         <path>.\nwk applications\</path>
         <kind>object</kind>
         <file>nwk_security.obj</file>
         <name>nwk_security.obj</name>
      </input_file>
      <input_file id="fl-c">
         <path>.\nwk applications\</path>
         <kind>object</kind>
         <file>nwk_ping.obj</file>
         <name>nwk_ping.obj</name>
      </input_file>
      <input_file id="fl-d">
         <path>.\nwk applications\</path>
         <kind>object</kind>
         <file>nwk_mgmt.obj</file>
         <name>nwk_mgmt.obj</name>
      </input_file>
      <input_file id="fl-e">
         <path>.\nwk applications\</path>
         <kind>object</kind>
         <file>nwk_link.obj</file>
         <name>nwk_link.obj</name>
      </input_file>
      <input_file id="fl-f">
         <path>.\nwk applications\</path>
         <kind>object</kind>
         <file>nwk_join.obj</file>
         <name>nwk_join.obj</name>
      </input_file>
      <input_file id="fl-10">
         <path>.\nwk applications\</path>
         <kind>object</kind>
         <file>nwk_ioctl.obj</file>
         <name>nwk_ioctl.obj</name>
      </input_file>
      <input_file id="fl-11">
         <path>.\nwk applications\</path>
         <kind>object</kind>
         <file>nwk_freq.obj</file>
         <name>nwk_freq.obj</name>
      </input_file>
      <input_file id="fl-2b">
         <path>C:\ti\ccsv5\tools\compiler\msp430_4.2.1\lib\</path>
         <kind>archive</kind>
         <file>rts430_eabi.lib</file>
         <name>asr32.obj</name>
      </input_file>
      <input_file id="fl-2c">
         <path>C:\ti\ccsv5\tools\compiler\msp430_4.2.1\lib\</path>
         <kind>archive</kind>
         <file>rts430_eabi.lib</file>
         <name>boot.obj</name>
      </input_file>
      <input_file id="fl-2d">
         <path>C:\ti\ccsv5\tools\compiler\msp430_4.2.1\lib\</path>
         <kind>archive</kind>
         <file>rts430_eabi.lib</file>
         <name>copy_decompress_none.obj</name>
      </input_file>
      <input_file id="fl-2e">
         <path>C:\ti\ccsv5\tools\compiler\msp430_4.2.1\lib\</path>
         <kind>archive</kind>
         <file>rts430_eabi.lib</file>
         <name>copy_decompress_rle.obj</name>
      </input_file>
      <input_file id="fl-2f">
         <path>C:\ti\ccsv5\tools\compiler\msp430_4.2.1\lib\</path>
         <kind>archive</kind>
         <file>rts430_eabi.lib</file>
         <name>copy_zero_init.obj</name>
      </input_file>
      <input_file id="fl-30">
         <path>C:\ti\ccsv5\tools\compiler\msp430_4.2.1\lib\</path>
         <kind>archive</kind>
         <file>rts430_eabi.lib</file>
         <name>div16s.obj</name>
      </input_file>
      <input_file id="fl-31">
         <path>C:\ti\ccsv5\tools\compiler\msp430_4.2.1\lib\</path>
         <kind>archive</kind>
         <file>rts430_eabi.lib</file>
         <name>div16u.obj</name>
      </input_file>
      <input_file id="fl-32">
         <path>C:\ti\ccsv5\tools\compiler\msp430_4.2.1\lib\</path>
         <kind>archive</kind>
         <file>rts430_eabi.lib</file>
         <name>div32u.obj</name>
      </input_file>
      <input_file id="fl-33">
         <path>C:\ti\ccsv5\tools\compiler\msp430_4.2.1\lib\</path>
         <kind>archive</kind>
         <file>rts430_eabi.lib</file>
         <name>epilog.obj</name>
      </input_file>
      <input_file id="fl-34">
         <path>C:\ti\ccsv5\tools\compiler\msp430_4.2.1\lib\</path>
         <kind>archive</kind>
         <file>rts430_eabi.lib</file>
         <name>exit.obj</name>
      </input_file>
      <input_file id="fl-35">
         <path>C:\ti\ccsv5\tools\compiler\msp430_4.2.1\lib\</path>
         <kind>archive</kind>
         <file>rts430_eabi.lib</file>
         <name>int02.obj</name>
      </input_file>
      <input_file id="fl-36">
         <path>C:\ti\ccsv5\tools\compiler\msp430_4.2.1\lib\</path>
         <kind>archive</kind>
         <file>rts430_eabi.lib</file>
         <name>int05.obj</name>
      </input_file>
      <input_file id="fl-37">
         <path>C:\ti\ccsv5\tools\compiler\msp430_4.2.1\lib\</path>
         <kind>archive</kind>
         <file>rts430_eabi.lib</file>
         <name>int06.obj</name>
      </input_file>
      <input_file id="fl-38">
         <path>C:\ti\ccsv5\tools\compiler\msp430_4.2.1\lib\</path>
         <kind>archive</kind>
         <file>rts430_eabi.lib</file>
         <name>int08.obj</name>
      </input_file>
      <input_file id="fl-39">
         <path>C:\ti\ccsv5\tools\compiler\msp430_4.2.1\lib\</path>
         <kind>archive</kind>
         <file>rts430_eabi.lib</file>
         <name>int10.obj</name>
      </input_file>
      <input_file id="fl-3a">
         <path>C:\ti\ccsv5\tools\compiler\msp430_4.2.1\lib\</path>
         <kind>archive</kind>
         <file>rts430_eabi.lib</file>
         <name>int11.obj</name>
      </input_file>
      <input_file id="fl-3b">
         <path>C:\ti\ccsv5\tools\compiler\msp430_4.2.1\lib\</path>
         <kind>archive</kind>
         <file>rts430_eabi.lib</file>
         <name>int12.obj</name>
      </input_file>
      <input_file id="fl-3c">
         <path>C:\ti\ccsv5\tools\compiler\msp430_4.2.1\lib\</path>
         <kind>archive</kind>
         <file>rts430_eabi.lib</file>
         <name>int13.obj</name>
      </input_file>
      <input_file id="fl-3d">
         <path>C:\ti\ccsv5\tools\compiler\msp430_4.2.1\lib\</path>
         <kind>archive</kind>
         <file>rts430_eabi.lib</file>
         <name>int14.obj</name>
      </input_file>
      <input_file id="fl-3e">
         <path>C:\ti\ccsv5\tools\compiler\msp430_4.2.1\lib\</path>
         <kind>archive</kind>
         <file>rts430_eabi.lib</file>
         <name>isr_trap.obj</name>
      </input_file>
      <input_file id="fl-3f">
         <path>C:\ti\ccsv5\tools\compiler\msp430_4.2.1\lib\</path>
         <kind>archive</kind>
         <file>rts430_eabi.lib</file>
         <name>lsr16.obj</name>
      </input_file>
      <input_file id="fl-40">
         <path>C:\ti\ccsv5\tools\compiler\msp430_4.2.1\lib\</path>
         <kind>archive</kind>
         <file>rts430_eabi.lib</file>
         <name>memcmp.obj</name>
      </input_file>
      <input_file id="fl-41">
         <path>C:\ti\ccsv5\tools\compiler\msp430_4.2.1\lib\</path>
         <kind>archive</kind>
         <file>rts430_eabi.lib</file>
         <name>memcpy.obj</name>
      </input_file>
      <input_file id="fl-42">
         <path>C:\ti\ccsv5\tools\compiler\msp430_4.2.1\lib\</path>
         <kind>archive</kind>
         <file>rts430_eabi.lib</file>
         <name>memmov.obj</name>
      </input_file>
      <input_file id="fl-43">
         <path>C:\ti\ccsv5\tools\compiler\msp430_4.2.1\lib\</path>
         <kind>archive</kind>
         <file>rts430_eabi.lib</file>
         <name>memset.obj</name>
      </input_file>
      <input_file id="fl-44">
         <path>C:\ti\ccsv5\tools\compiler\msp430_4.2.1\lib\</path>
         <kind>archive</kind>
         <file>rts430_eabi.lib</file>
         <name>mult16.obj</name>
      </input_file>
      <input_file id="fl-45">
         <path>C:\ti\ccsv5\tools\compiler\msp430_4.2.1\lib\</path>
         <kind>archive</kind>
         <file>rts430_eabi.lib</file>
         <name>mult32.obj</name>
      </input_file>
      <input_file id="fl-46">
         <path>C:\ti\ccsv5\tools\compiler\msp430_4.2.1\lib\</path>
         <kind>archive</kind>
         <file>rts430_eabi.lib</file>
         <name>strstr.obj</name>
      </input_file>
      <input_file id="fl-47">
         <path>C:\ti\ccsv5\tools\compiler\msp430_4.2.1\lib\</path>
         <kind>archive</kind>
         <file>rts430_eabi.lib</file>
         <name>_lock.obj</name>
      </input_file>
      <input_file id="fl-48">
         <path>C:\ti\ccsv5\tools\compiler\msp430_4.2.1\lib\</path>
         <kind>archive</kind>
         <file>rts430_eabi.lib</file>
         <name>args_main.obj</name>
      </input_file>
      <input_file id="fl-49">
         <path>C:\ti\ccsv5\tools\compiler\msp430_4.2.1\lib\</path>
         <kind>archive</kind>
         <file>rts430_eabi.lib</file>
         <name>autoinit.obj</name>
      </input_file>
   </input_file_list>
   <object_component_list>
      <object_component id="oc-4e">
         <name>.stack</name>
         <uninitialized>true</uninitialized>
         <run_address>0x3b0</run_address>
         <size>0x2</size>
         <input_file_ref idref="fl-2c"/>
      </object_component>
      <object_component id="oc-485">
         <name>.stack</name>
         <uninitialized>true</uninitialized>
         <run_address>0x3b0</run_address>
         <size>0x0</size>
      </object_component>
      <object_component id="oc-13e">
         <name>.text:MRFI_Init</name>
         <load_address>0xc000</load_address>
         <run_address>0xc000</run_address>
         <size>0x1d0</size>
         <input_file_ref idref="fl-5"/>
      </object_component>
      <object_component id="oc-433">
         <name>.text:smpl_send_link_reply</name>
         <load_address>0xc1d0</load_address>
         <run_address>0xc1d0</run_address>
         <size>0x198</size>
         <input_file_ref idref="fl-e"/>
      </object_component>
      <object_component id="oc-cc">
         <name>.text:nwk_link</name>
         <load_address>0xc368</load_address>
         <run_address>0xc368</run_address>
         <size>0x158</size>
         <input_file_ref idref="fl-e"/>
      </object_component>
      <object_component id="oc-3c0">
         <name>.text:nwk_QfindOldest</name>
         <load_address>0xc4c0</load_address>
         <run_address>0xc4c0</run_address>
         <size>0x12a</size>
         <input_file_ref idref="fl-9"/>
      </object_component>
      <object_component id="oc-398">
         <name>.text:MRFI_Transmit</name>
         <load_address>0xc5ea</load_address>
         <run_address>0xc5ea</run_address>
         <size>0x102</size>
         <input_file_ref idref="fl-5"/>
      </object_component>
      <object_component id="oc-15c">
         <name>.text:nwk_join</name>
         <load_address>0xc6ec</load_address>
         <run_address>0xc6ec</run_address>
         <size>0xfa</size>
         <input_file_ref idref="fl-f"/>
      </object_component>
      <object_component id="oc-169">
         <name>.text:nwk_allocateLocalRxPort</name>
         <load_address>0xc7e6</load_address>
         <run_address>0xc7e6</run_address>
         <size>0xde</size>
         <input_file_ref idref="fl-a"/>
      </object_component>
      <object_component id="oc-fa">
         <name>.text:Mrfi_SyncPinRxIsr</name>
         <load_address>0xc8c4</load_address>
         <run_address>0xc8c4</run_address>
         <size>0xd8</size>
         <input_file_ref idref="fl-5"/>
      </object_component>
      <object_component id="oc-33f">
         <name>.text:nwk_retrieveFrame</name>
         <load_address>0xc99c</load_address>
         <run_address>0xc99c</run_address>
         <size>0xb2</size>
         <input_file_ref idref="fl-7"/>
      </object_component>
      <object_component id="oc-136">
         <name>.text:SMPL_Ioctl</name>
         <load_address>0xca4e</load_address>
         <run_address>0xca4e</run_address>
         <size>0xb0</size>
         <input_file_ref idref="fl-8"/>
      </object_component>
      <object_component id="oc-31e">
         <name>.text:dispatchFrame</name>
         <load_address>0xcafe</load_address>
         <run_address>0xcafe</run_address>
         <size>0xae</size>
         <input_file_ref idref="fl-7"/>
      </object_component>
      <object_component id="oc-2f1">
         <name>.text:nwk_buildFrame</name>
         <load_address>0xcbac</load_address>
         <run_address>0xcbac</run_address>
         <size>0x9e</size>
         <input_file_ref idref="fl-7"/>
      </object_component>
      <object_component id="oc-1f9">
         <name>.text</name>
         <load_address>0xcc4a</load_address>
         <run_address>0xcc4a</run_address>
         <size>0x9e</size>
         <input_file_ref idref="fl-2"/>
      </object_component>
      <object_component id="oc-304">
         <name>.text:spiBurstFifoAccess</name>
         <load_address>0xcce8</load_address>
         <run_address>0xcce8</run_address>
         <size>0x8c</size>
         <input_file_ref idref="fl-5"/>
      </object_component>
      <object_component id="oc-143">
         <name>.text:nwk_nwkInit</name>
         <load_address>0xcd74</load_address>
         <run_address>0xcd74</run_address>
         <size>0x86</size>
         <input_file_ref idref="fl-a"/>
      </object_component>
      <object_component id="oc-314">
         <name>.text:nwk_QfindSlot</name>
         <load_address>0xcdfa</load_address>
         <run_address>0xcdfa</run_address>
         <size>0x82</size>
         <input_file_ref idref="fl-9"/>
      </object_component>
      <object_component id="oc-1b0">
         <name>.text:SMPL_SendOpt</name>
         <load_address>0xce7c</load_address>
         <run_address>0xce7c</run_address>
         <size>0x7e</size>
         <input_file_ref idref="fl-8"/>
      </object_component>
      <object_component id="oc-212">
         <name>.text:nwk_radioControl</name>
         <load_address>0xcefa</load_address>
         <run_address>0xcefa</run_address>
         <size>0x78</size>
         <input_file_ref idref="fl-10"/>
      </object_component>
      <object_component id="oc-6e">
         <name>.text:main</name>
         <load_address>0xcf72</load_address>
         <run_address>0xcf72</run_address>
         <size>0x72</size>
         <input_file_ref idref="fl-3"/>
      </object_component>
      <object_component id="oc-12b">
         <name>.text:createRandomAddress</name>
         <load_address>0xcfe4</load_address>
         <run_address>0xcfe4</run_address>
         <size>0x6a</size>
         <input_file_ref idref="fl-3"/>
      </object_component>
      <object_component id="oc-3b3">
         <name>.text:nwk_isConnectionValid</name>
         <load_address>0xd04e</load_address>
         <run_address>0xd04e</run_address>
         <size>0x68</size>
         <input_file_ref idref="fl-a"/>
      </object_component>
      <object_component id="oc-8c">
         <name>.text:__TI_decompress_rle_core</name>
         <load_address>0xd0b6</load_address>
         <run_address>0xd0b6</run_address>
         <size>0x5e</size>
         <input_file_ref idref="fl-2e"/>
      </object_component>
      <object_component id="oc-69">
         <name>.text:_auto_init</name>
         <load_address>0xd114</load_address>
         <run_address>0xd114</run_address>
         <size>0x5e</size>
         <input_file_ref idref="fl-49"/>
      </object_component>
      <object_component id="oc-bc">
         <name>.text:Init_Addr</name>
         <load_address>0xd172</load_address>
         <run_address>0xd172</run_address>
         <size>0x58</size>
         <input_file_ref idref="fl-3"/>
      </object_component>
      <object_component id="oc-24d">
         <name>.text</name>
         <load_address>0xd1ca</load_address>
         <run_address>0xd1ca</run_address>
         <size>0x58</size>
         <input_file_ref idref="fl-32"/>
      </object_component>
      <object_component id="oc-217">
         <name>.text:nwk_rawSend</name>
         <load_address>0xd222</load_address>
         <run_address>0xd222</run_address>
         <size>0x54</size>
         <input_file_ref idref="fl-10"/>
      </object_component>
      <object_component id="oc-164">
         <name>.text:nwk_getNextConnection</name>
         <load_address>0xd276</load_address>
         <run_address>0xd276</run_address>
         <size>0x50</size>
         <input_file_ref idref="fl-a"/>
      </object_component>
      <object_component id="oc-1e2">
         <name>.text:mrfiSpiCmdStrobe</name>
         <load_address>0xd2c6</load_address>
         <run_address>0xd2c6</run_address>
         <size>0x4e</size>
         <input_file_ref idref="fl-5"/>
      </object_component>
      <object_component id="oc-251">
         <name>.text</name>
         <load_address>0xd314</load_address>
         <run_address>0xd314</run_address>
         <size>0x4c</size>
         <input_file_ref idref="fl-3f"/>
      </object_component>
      <object_component id="oc-c6">
         <name>.text:Init_UART</name>
         <load_address>0xd360</load_address>
         <run_address>0xd360</run_address>
         <size>0x4a</size>
         <input_file_ref idref="fl-3"/>
      </object_component>
      <object_component id="oc-2fe">
         <name>.text:spiRegAccess</name>
         <load_address>0xd3aa</load_address>
         <run_address>0xd3aa</run_address>
         <size>0x48</size>
         <input_file_ref idref="fl-5"/>
      </object_component>
      <object_component id="oc-1d0">
         <name>.text:MRFI_RxAddrIsFiltered</name>
         <load_address>0xd3f2</load_address>
         <run_address>0xd3f2</run_address>
         <size>0x46</size>
         <input_file_ref idref="fl-5"/>
      </object_component>
      <object_component id="oc-443">
         <name>.text:nwk_isLinkDuplicate</name>
         <load_address>0xd438</load_address>
         <run_address>0xd438</run_address>
         <size>0x46</size>
         <input_file_ref idref="fl-a"/>
      </object_component>
      <object_component id="oc-42d">
         <name>.text:smpl_send_ping_reply</name>
         <load_address>0xd47e</load_address>
         <run_address>0xd47e</run_address>
         <size>0x46</size>
         <input_file_ref idref="fl-c"/>
      </object_component>
      <object_component id="oc-338">
         <name>.text:MRFI_Rssi</name>
         <load_address>0xd4c4</load_address>
         <run_address>0xd4c4</run_address>
         <size>0x44</size>
         <input_file_ref idref="fl-5"/>
      </object_component>
      <object_component id="oc-225">
         <name>.text:mrfiSpiInit</name>
         <load_address>0xd508</load_address>
         <run_address>0xd508</run_address>
         <size>0x42</size>
         <input_file_ref idref="fl-5"/>
      </object_component>
      <object_component id="oc-2b5">
         <name>.text:initializeConnection</name>
         <load_address>0xd54a</load_address>
         <run_address>0xd54a</run_address>
         <size>0x3e</size>
         <input_file_ref idref="fl-a"/>
      </object_component>
      <object_component id="oc-193">
         <name>.text:MRFI_ReplyDelay</name>
         <load_address>0xd588</load_address>
         <run_address>0xd588</run_address>
         <size>0x3c</size>
         <input_file_ref idref="fl-5"/>
      </object_component>
      <object_component id="oc-5a">
         <name>.text:USCI0RX_ISR</name>
         <load_address>0xd5c4</load_address>
         <run_address>0xd5c4</run_address>
         <size>0x3c</size>
         <input_file_ref idref="fl-3"/>
      </object_component>
      <object_component id="oc-17a">
         <name>.text:nwk_putNumObjectIntoMsg</name>
         <load_address>0xd600</load_address>
         <run_address>0xd600</run_address>
         <size>0x3c</size>
         <input_file_ref idref="fl-a"/>
      </object_component>
      <object_component id="oc-414">
         <name>.text:nwk_isValidReply</name>
         <load_address>0xd63c</load_address>
         <run_address>0xd63c</run_address>
         <size>0x3a</size>
         <input_file_ref idref="fl-a"/>
      </object_component>
      <object_component id="oc-3ff">
         <name>.text:nwk_processMgmt</name>
         <load_address>0xd676</load_address>
         <run_address>0xd676</run_address>
         <size>0x3a</size>
         <input_file_ref idref="fl-d"/>
      </object_component>
      <object_component id="oc-148">
         <name>.text:MRFI_WakeUp</name>
         <load_address>0xd6b0</load_address>
         <run_address>0xd6b0</run_address>
         <size>0x36</size>
         <input_file_ref idref="fl-5"/>
      </object_component>
      <object_component id="oc-da">
         <name>.text:strstr</name>
         <load_address>0xd6e6</load_address>
         <run_address>0xd6e6</run_address>
         <size>0x36</size>
         <input_file_ref idref="fl-46"/>
      </object_component>
      <object_component id="oc-23b">
         <name>.text:MRFI_SetRFPwr</name>
         <load_address>0xd71c</load_address>
         <run_address>0xd71c</run_address>
         <size>0x34</size>
         <input_file_ref idref="fl-5"/>
      </object_component>
      <object_component id="oc-152">
         <name>.text:MRFI_SetRxAddrFilter</name>
         <load_address>0xd750</load_address>
         <run_address>0xd750</run_address>
         <size>0x34</size>
         <input_file_ref idref="fl-5"/>
      </object_component>
      <object_component id="oc-c1">
         <name>.text:SMPL_Init</name>
         <load_address>0xd784</load_address>
         <run_address>0xd784</run_address>
         <size>0x34</size>
         <input_file_ref idref="fl-8"/>
      </object_component>
      <object_component id="oc-20d">
         <name>.text:nwk_deviceAddress</name>
         <load_address>0xd7b8</load_address>
         <run_address>0xd7b8</run_address>
         <size>0x34</size>
         <input_file_ref idref="fl-10"/>
      </object_component>
      <object_component id="oc-236">
         <name>.text:MRFI_SetLogicalChannel</name>
         <load_address>0xd7ec</load_address>
         <run_address>0xd7ec</run_address>
         <size>0x32</size>
         <input_file_ref idref="fl-5"/>
      </object_component>
      <object_component id="oc-3a9">
         <name>.text:nwk_QadjustOrder</name>
         <load_address>0xd81e</load_address>
         <run_address>0xd81e</run_address>
         <size>0x32</size>
         <input_file_ref idref="fl-9"/>
      </object_component>
      <object_component id="oc-2e7">
         <name>.text:nwk_getConnInfo</name>
         <load_address>0xd850</load_address>
         <run_address>0xd850</run_address>
         <size>0x32</size>
         <input_file_ref idref="fl-a"/>
      </object_component>
      <object_component id="oc-27d">
         <name>.text:nwk_linkInit</name>
         <load_address>0xd882</load_address>
         <run_address>0xd882</run_address>
         <size>0x32</size>
         <input_file_ref idref="fl-e"/>
      </object_component>
      <object_component id="oc-2d6">
         <name>.text:Mrfi_DelayUsecSem</name>
         <load_address>0xd8b4</load_address>
         <run_address>0xd8b4</run_address>
         <size>0x30</size>
         <input_file_ref idref="fl-5"/>
      </object_component>
      <object_component id="oc-387">
         <name>.text:map_lid2idx</name>
         <load_address>0xd8e4</load_address>
         <run_address>0xd8e4</run_address>
         <size>0x30</size>
         <input_file_ref idref="fl-a"/>
      </object_component>
      <object_component id="oc-21c">
         <name>.text:nwk_rawReceive</name>
         <load_address>0xd914</load_address>
         <run_address>0xd914</run_address>
         <size>0x30</size>
         <input_file_ref idref="fl-10"/>
      </object_component>
      <object_component id="oc-2f6">
         <name>.text:nwk_sendFrame</name>
         <load_address>0xd944</load_address>
         <run_address>0xd944</run_address>
         <size>0x30</size>
         <input_file_ref idref="fl-7"/>
      </object_component>
      <object_component id="oc-1d6">
         <name>.text:Mrfi_CalculateRssi</name>
         <load_address>0xd974</load_address>
         <run_address>0xd974</run_address>
         <size>0x2e</size>
         <input_file_ref idref="fl-5"/>
      </object_component>
      <object_component id="oc-240">
         <name>.text:Mrfi_RxModeOff</name>
         <load_address>0xd9a2</load_address>
         <run_address>0xd9a2</run_address>
         <size>0x2c</size>
         <input_file_ref idref="fl-5"/>
      </object_component>
      <object_component id="oc-30f">
         <name>.text</name>
         <load_address>0xd9ce</load_address>
         <run_address>0xd9ce</run_address>
         <size>0x2c</size>
         <input_file_ref idref="fl-30"/>
      </object_component>
      <object_component id="oc-22a">
         <name>.text:Mrfi_DelayUsec</name>
         <load_address>0xd9fa</load_address>
         <run_address>0xd9fa</run_address>
         <size>0x2a</size>
         <input_file_ref idref="fl-5"/>
      </object_component>
      <object_component id="oc-2ec">
         <name>.text:nwk_checkConnInfo</name>
         <load_address>0xda24</load_address>
         <run_address>0xda24</run_address>
         <size>0x2a</size>
         <input_file_ref idref="fl-a"/>
      </object_component>
      <object_component id="oc-3e6">
         <name>.text:nwk_processPing</name>
         <load_address>0xda4e</load_address>
         <run_address>0xda4e</run_address>
         <size>0x28</size>
         <input_file_ref idref="fl-c"/>
      </object_component>
      <object_component id="oc-3dd">
         <name>.text:Mrfi_RandomBackoffDelay</name>
         <load_address>0xda76</load_address>
         <run_address>0xda76</run_address>
         <size>0x26</size>
         <input_file_ref idref="fl-5"/>
      </object_component>
      <object_component id="oc-208">
         <name>.text:nwk_connectionControl</name>
         <load_address>0xda9c</load_address>
         <run_address>0xda9c</run_address>
         <size>0x26</size>
         <input_file_ref idref="fl-10"/>
      </object_component>
      <object_component id="oc-25a">
         <name>.text:nwk_globalsInit</name>
         <load_address>0xdac2</load_address>
         <run_address>0xdac2</run_address>
         <size>0x26</size>
         <input_file_ref idref="fl-6"/>
      </object_component>
      <object_component id="oc-273">
         <name>.text:nwk_joinInit</name>
         <load_address>0xdae8</load_address>
         <run_address>0xdae8</run_address>
         <size>0x26</size>
         <input_file_ref idref="fl-f"/>
      </object_component>
      <object_component id="oc-3eb">
         <name>.text:nwk_processLink</name>
         <load_address>0xdb0e</load_address>
         <run_address>0xdb0e</run_address>
         <size>0x26</size>
         <input_file_ref idref="fl-e"/>
      </object_component>
      <object_component id="oc-249">
         <name>.text</name>
         <load_address>0xdb34</load_address>
         <run_address>0xdb34</run_address>
         <size>0x26</size>
         <input_file_ref idref="fl-45"/>
      </object_component>
      <object_component id="oc-19d">
         <name>.text:MRFI_Sleep</name>
         <load_address>0xdb5a</load_address>
         <run_address>0xdb5a</run_address>
         <size>0x24</size>
         <input_file_ref idref="fl-5"/>
      </object_component>
      <object_component id="oc-157">
         <name>.text:MRFI_EnableRxAddrFilter</name>
         <load_address>0xdb7e</load_address>
         <run_address>0xdb7e</run_address>
         <size>0x22</size>
         <input_file_ref idref="fl-5"/>
      </object_component>
      <object_component id="oc-18e">
         <name>.text:MRFI_RxOn</name>
         <load_address>0xdba0</load_address>
         <run_address>0xdba0</run_address>
         <size>0x22</size>
         <input_file_ref idref="fl-5"/>
      </object_component>
      <object_component id="oc-2bb">
         <name>.text:memcmp</name>
         <load_address>0xdbc2</load_address>
         <run_address>0xdbc2</run_address>
         <size>0x22</size>
         <input_file_ref idref="fl-40"/>
      </object_component>
      <object_component id="oc-b7">
         <name>.text:BSP_Init</name>
         <load_address>0xdbe4</load_address>
         <run_address>0xdbe4</run_address>
         <size>0x20</size>
         <input_file_ref idref="fl-4"/>
      </object_component>
      <object_component id="oc-11e">
         <name>.text:BSP_InitBoard</name>
         <load_address>0xdc04</load_address>
         <run_address>0xdc04</run_address>
         <size>0x20</size>
         <input_file_ref idref="fl-4"/>
      </object_component>
      <object_component id="oc-1dd">
         <name>.text:MRFI_RxCompleteISR</name>
         <load_address>0xdc24</load_address>
         <run_address>0xdc24</run_address>
         <size>0x20</size>
         <input_file_ref idref="fl-7"/>
      </object_component>
      <object_component id="oc-198">
         <name>.text:MRFI_RxIdle</name>
         <load_address>0xdc44</load_address>
         <run_address>0xdc44</run_address>
         <size>0x20</size>
         <input_file_ref idref="fl-5"/>
      </object_component>
      <object_component id="oc-41f">
         <name>.text:handleLinkRequest</name>
         <load_address>0xdc64</load_address>
         <run_address>0xdc64</run_address>
         <size>0x20</size>
         <input_file_ref idref="fl-e"/>
      </object_component>
      <object_component id="oc-2c5">
         <name>.text:memmove</name>
         <load_address>0xdc84</load_address>
         <run_address>0xdc84</run_address>
         <size>0x20</size>
         <input_file_ref idref="fl-42"/>
      </object_component>
      <object_component id="oc-25f">
         <name>.text:nwk_frameInit</name>
         <load_address>0xdca4</load_address>
         <run_address>0xdca4</run_address>
         <size>0x20</size>
         <input_file_ref idref="fl-7"/>
      </object_component>
      <object_component id="oc-3f0">
         <name>.text:nwk_processJoin</name>
         <load_address>0xdcc4</load_address>
         <run_address>0xdcc4</run_address>
         <size>0x20</size>
         <input_file_ref idref="fl-f"/>
      </object_component>
      <object_component id="oc-d1">
         <name>.text:BSP_Delay</name>
         <load_address>0xdce4</load_address>
         <run_address>0xdce4</run_address>
         <size>0x1e</size>
         <input_file_ref idref="fl-4"/>
      </object_component>
      <object_component id="oc-5f">
         <name>.text:Timer0A0</name>
         <load_address>0xdd02</load_address>
         <run_address>0xdd02</run_address>
         <size>0x1e</size>
         <input_file_ref idref="fl-3"/>
      </object_component>
      <object_component id="oc-1ba">
         <name>.text:mrfiSpiReadReg</name>
         <load_address>0xdd20</load_address>
         <run_address>0xdd20</run_address>
         <size>0x1e</size>
         <input_file_ref idref="fl-5"/>
      </object_component>
      <object_component id="oc-264">
         <name>.text:nwk_QInit</name>
         <load_address>0xdd3e</load_address>
         <run_address>0xdd3e</run_address>
         <size>0x1e</size>
         <input_file_ref idref="fl-9"/>
      </object_component>
      <object_component id="oc-a0">
         <name>.text:MRFI_GpioIsr</name>
         <load_address>0xdd5c</load_address>
         <run_address>0xdd5c</run_address>
         <size>0x1c</size>
         <input_file_ref idref="fl-5"/>
      </object_component>
      <object_component id="oc-332">
         <name>.text:nwk_setMyAddress</name>
         <load_address>0xdd78</load_address>
         <run_address>0xdd78</run_address>
         <size>0x1c</size>
         <input_file_ref idref="fl-6"/>
      </object_component>
      <object_component id="oc-55">
         <name>.text:BSP_GpioPort1Isr</name>
         <load_address>0xdd94</load_address>
         <run_address>0xdd94</run_address>
         <size>0x1a</size>
         <input_file_ref idref="fl-5"/>
      </object_component>
      <object_component id="oc-3a">
         <name>.text:_c_int00_noexit</name>
         <load_address>0xddae</load_address>
         <run_address>0xddae</run_address>
         <size>0x1a</size>
         <input_file_ref idref="fl-2c"/>
      </object_component>
      <object_component id="oc-22f">
         <name>.text:mrfiSpiWriteReg</name>
         <load_address>0xddc8</load_address>
         <run_address>0xddc8</run_address>
         <size>0x1a</size>
         <input_file_ref idref="fl-5"/>
      </object_component>
      <object_component id="oc-35f">
         <name>.text:MRFI_RandomByte</name>
         <load_address>0xdde2</load_address>
         <run_address>0xdde2</run_address>
         <size>0x16</size>
         <input_file_ref idref="fl-5"/>
      </object_component>
      <object_component id="oc-2d0">
         <name>.text:Mrfi_RxModeOn</name>
         <load_address>0xddf8</load_address>
         <run_address>0xddf8</run_address>
         <size>0x16</size>
         <input_file_ref idref="fl-5"/>
      </object_component>
      <object_component id="oc-3a2">
         <name>.text</name>
         <load_address>0xde0e</load_address>
         <run_address>0xde0e</run_address>
         <size>0x16</size>
         <input_file_ref idref="fl-31"/>
      </object_component>
      <object_component id="oc-44">
         <name>.text:decompress:ZI:__TI_zero_init</name>
         <load_address>0xde24</load_address>
         <run_address>0xde24</run_address>
         <size>0x14</size>
         <input_file_ref idref="fl-2f"/>
      </object_component>
      <object_component id="oc-1fe">
         <name>.text:ioctlPreInitAccessIsOK</name>
         <load_address>0xde38</load_address>
         <run_address>0xde38</run_address>
         <size>0x14</size>
         <input_file_ref idref="fl-8"/>
      </object_component>
      <object_component id="oc-1c6">
         <name>.text:memset</name>
         <load_address>0xde4c</load_address>
         <run_address>0xde4c</run_address>
         <size>0x14</size>
         <input_file_ref idref="fl-43"/>
      </object_component>
      <object_component id="oc-1a6">
         <name>.text</name>
         <load_address>0xde60</load_address>
         <run_address>0xde60</run_address>
         <size>0x14</size>
         <input_file_ref idref="fl-44"/>
      </object_component>
      <object_component id="oc-3f">
         <name>.text:decompress:none:__TI_decompress_none</name>
         <load_address>0xde74</load_address>
         <run_address>0xde74</run_address>
         <size>0x12</size>
         <input_file_ref idref="fl-2d"/>
      </object_component>
      <object_component id="oc-79">
         <name>.text:memcpy</name>
         <load_address>0xde86</load_address>
         <run_address>0xde86</run_address>
         <size>0x12</size>
         <input_file_ref idref="fl-41"/>
      </object_component>
      <object_component id="oc-14d">
         <name>.text:nwk_getMyAddress</name>
         <load_address>0xde98</load_address>
         <run_address>0xde98</run_address>
         <size>0x12</size>
         <input_file_ref idref="fl-6"/>
      </object_component>
      <object_component id="oc-299">
         <name>.text:nwk_setLinkToken</name>
         <load_address>0xdeaa</load_address>
         <run_address>0xdeaa</run_address>
         <size>0x12</size>
         <input_file_ref idref="fl-e"/>
      </object_component>
      <object_component id="oc-245">
         <name>.text:l_asr</name>
         <load_address>0xdebc</load_address>
         <run_address>0xdebc</run_address>
         <size>0x10</size>
         <input_file_ref idref="fl-2b"/>
      </object_component>
      <object_component id="oc-b1">
         <name>.text</name>
         <load_address>0xdecc</load_address>
         <run_address>0xdecc</run_address>
         <size>0x10</size>
         <input_file_ref idref="fl-33"/>
      </object_component>
      <object_component id="oc-319">
         <name>.text:MRFI_Receive</name>
         <load_address>0xdedc</load_address>
         <run_address>0xdedc</run_address>
         <size>0xe</size>
         <input_file_ref idref="fl-5"/>
      </object_component>
      <object_component id="oc-3d8">
         <name>.text:mrfiSpiWriteTxFifo</name>
         <load_address>0xdeea</load_address>
         <run_address>0xdeea</run_address>
         <size>0xe</size>
         <input_file_ref idref="fl-5"/>
      </object_component>
      <object_component id="oc-43e">
         <name>.text:nwk_getNumObjectFromMsg</name>
         <load_address>0xdef8</load_address>
         <run_address>0xdef8</run_address>
         <size>0xe</size>
         <input_file_ref idref="fl-a"/>
      </object_component>
      <object_component id="oc-29e">
         <name>.text:nwk_setAPAddress</name>
         <load_address>0xdf06</load_address>
         <run_address>0xdf06</run_address>
         <size>0xe</size>
         <input_file_ref idref="fl-6"/>
      </object_component>
      <object_component id="oc-406">
         <name>.text:MRFI_PostKillSem</name>
         <load_address>0xdf14</load_address>
         <run_address>0xdf14</run_address>
         <size>0xc</size>
         <input_file_ref idref="fl-5"/>
      </object_component>
      <object_component id="oc-419">
         <name>.text:handlePingRequest</name>
         <load_address>0xdf20</load_address>
         <run_address>0xdf20</run_address>
         <size>0xc</size>
         <input_file_ref idref="fl-c"/>
      </object_component>
      <object_component id="oc-1bf">
         <name>.text:mrfiSpiReadRxFifo</name>
         <load_address>0xdf2c</load_address>
         <run_address>0xdf2c</run_address>
         <size>0xc</size>
         <input_file_ref idref="fl-5"/>
      </object_component>
      <object_component id="oc-1f3">
         <name>.text:BSP_InitButtons</name>
         <load_address>0xdf38</load_address>
         <run_address>0xdf38</run_address>
         <size>0xa</size>
         <input_file_ref idref="fl-4"/>
      </object_component>
      <object_component id="oc-123">
         <name>.text:BSP_InitDrivers</name>
         <load_address>0xdf42</load_address>
         <run_address>0xdf42</run_address>
         <size>0xa</size>
         <input_file_ref idref="fl-4"/>
      </object_component>
      <object_component id="oc-1ee">
         <name>.text:BSP_InitLeds</name>
         <load_address>0xdf4c</load_address>
         <run_address>0xdf4c</run_address>
         <size>0xa</size>
         <input_file_ref idref="fl-4"/>
      </object_component>
      <object_component id="oc-64">
         <name>.text:_system_pre_init</name>
         <load_address>0xdf56</load_address>
         <run_address>0xdf56</run_address>
         <size>0xa</size>
         <input_file_ref idref="fl-4"/>
      </object_component>
      <object_component id="oc-278">
         <name>.text:nwk_mgmtInit</name>
         <load_address>0xdf60</load_address>
         <run_address>0xdf60</run_address>
         <size>0xa</size>
         <input_file_ref idref="fl-d"/>
      </object_component>
      <object_component id="oc-26e">
         <name>.text:nwk_pingInit</name>
         <load_address>0xdf6a</load_address>
         <run_address>0xdf6a</run_address>
         <size>0xa</size>
         <input_file_ref idref="fl-c"/>
      </object_component>
      <object_component id="oc-e0">
         <name>.text:SMPL_Send</name>
         <load_address>0xdf74</load_address>
         <run_address>0xdf74</run_address>
         <size>0x8</size>
         <input_file_ref idref="fl-8"/>
      </object_component>
      <object_component id="oc-189">
         <name>.text:MRFI_GetRadioState</name>
         <load_address>0xdf7c</load_address>
         <run_address>0xdf7c</run_address>
         <size>0x6</size>
         <input_file_ref idref="fl-5"/>
      </object_component>
      <object_component id="oc-51">
         <name>.text:__TI_ISR_TRAP</name>
         <load_address>0xdf82</load_address>
         <run_address>0xdf82</run_address>
         <size>0x6</size>
         <input_file_ref idref="fl-3e"/>
      </object_component>
      <object_component id="oc-49">
         <name>.text:decompress:rle24:__TI_decompress_rle24</name>
         <load_address>0xdf88</load_address>
         <run_address>0xdf88</run_address>
         <size>0x6</size>
         <input_file_ref idref="fl-2e"/>
      </object_component>
      <object_component id="oc-16e">
         <name>.text:nwk_freeConnection</name>
         <load_address>0xdf8e</load_address>
         <run_address>0xdf8e</run_address>
         <size>0x6</size>
         <input_file_ref idref="fl-a"/>
      </object_component>
      <object_component id="oc-173">
         <name>.text:nwk_getBCastAddress</name>
         <load_address>0xdf94</load_address>
         <run_address>0xdf94</run_address>
         <size>0x6</size>
         <input_file_ref idref="fl-6"/>
      </object_component>
      <object_component id="oc-203">
         <name>.text:nwk_getFWVersion</name>
         <load_address>0xdf9a</load_address>
         <run_address>0xdf9a</run_address>
         <size>0x6</size>
         <input_file_ref idref="fl-6"/>
      </object_component>
      <object_component id="oc-17f">
         <name>.text:nwk_getMyRxType</name>
         <load_address>0xdfa0</load_address>
         <run_address>0xdfa0</run_address>
         <size>0x6</size>
         <input_file_ref idref="fl-7"/>
      </object_component>
      <object_component id="oc-184">
         <name>.text:nwk_getProtocolVersion</name>
         <load_address>0xdfa6</load_address>
         <run_address>0xdfa6</run_address>
         <size>0x6</size>
         <input_file_ref idref="fl-6"/>
      </object_component>
      <object_component id="oc-73">
         <name>.text:abort</name>
         <load_address>0xdfac</load_address>
         <run_address>0xdfac</run_address>
         <size>0x4</size>
         <input_file_ref idref="fl-34"/>
      </object_component>
      <object_component id="oc-3fa">
         <name>.text:nwk_processFreq</name>
         <load_address>0xdfb0</load_address>
         <run_address>0xdfb0</run_address>
         <size>0x4</size>
         <input_file_ref idref="fl-11"/>
      </object_component>
      <object_component id="oc-3f5">
         <name>.text:nwk_processSecurity</name>
         <load_address>0xdfb4</load_address>
         <run_address>0xdfb4</run_address>
         <size>0x4</size>
         <input_file_ref idref="fl-b"/>
      </object_component>
      <object_component id="oc-269">
         <name>.text:nwk_freqInit</name>
         <load_address>0xdfb8</load_address>
         <run_address>0xdfb8</run_address>
         <size>0x2</size>
         <input_file_ref idref="fl-11"/>
      </object_component>
      <object_component id="oc-282">
         <name>.text:nwk_securityInit</name>
         <load_address>0xdfba</load_address>
         <run_address>0xdfba</run_address>
         <size>0x2</size>
         <input_file_ref idref="fl-b"/>
      </object_component>
      <object_component id="oc-484">
         <name>.cinit..data.load</name>
         <load_address>0xe026</load_address>
         <run_address>0xe026</run_address>
         <size>0xe</size>
      </object_component>
      <object_component id="oc-481">
         <name>__TI_handler_table</name>
         <load_address>0xe034</load_address>
         <run_address>0xe034</run_address>
         <size>0x6</size>
      </object_component>
      <object_component id="oc-483">
         <name>.cinit..bss.load</name>
         <load_address>0xe03a</load_address>
         <run_address>0xe03a</run_address>
         <size>0x4</size>
      </object_component>
      <object_component id="oc-482">
         <name>__TI_cinit_table</name>
         <load_address>0xe03e</load_address>
         <run_address>0xe03e</run_address>
         <size>0x8</size>
      </object_component>
      <object_component id="oc-234">
         <name>.const:mrfiRadioCfg</name>
         <load_address>0xdfbc</load_address>
         <run_address>0xdfbc</run_address>
         <size>0x3e</size>
         <input_file_ref idref="fl-5"/>
      </object_component>
      <object_component id="oc-3b1">
         <name>.const:func</name>
         <load_address>0xdffa</load_address>
         <run_address>0xdffa</run_address>
         <size>0xc</size>
         <input_file_ref idref="fl-7"/>
      </object_component>
      <object_component id="oc-28e">
         <name>.const</name>
         <load_address>0xe006</load_address>
         <run_address>0xe006</run_address>
         <size>0x9</size>
         <input_file_ref idref="fl-6"/>
      </object_component>
      <object_component id="oc-d6">
         <name>.const:.string:$P$T0$1</name>
         <load_address>0xe010</load_address>
         <run_address>0xe010</run_address>
         <size>0x5</size>
         <input_file_ref idref="fl-3"/>
      </object_component>
      <object_component id="oc-d9">
         <name>.const:.string</name>
         <load_address>0xe016</load_address>
         <run_address>0xe016</run_address>
         <size>0x4</size>
         <input_file_ref idref="fl-3"/>
      </object_component>
      <object_component id="oc-291">
         <name>.const:.string:mrfiBroadcastAddr</name>
         <load_address>0xe01a</load_address>
         <run_address>0xe01a</run_address>
         <size>0x4</size>
         <input_file_ref idref="fl-5"/>
      </object_component>
      <object_component id="oc-34a">
         <name>.const:.string:mrfiLogicalChanTable</name>
         <load_address>0xe01e</load_address>
         <run_address>0xe01e</run_address>
         <size>0x4</size>
         <input_file_ref idref="fl-5"/>
      </object_component>
      <object_component id="oc-34d">
         <name>.const:.string:mrfiRFPowerTable</name>
         <load_address>0xe022</load_address>
         <run_address>0xe022</run_address>
         <size>0x3</size>
         <input_file_ref idref="fl-5"/>
      </object_component>
      <object_component id="oc-2e">
         <name>.int02</name>
         <load_address>0xffe4</load_address>
         <run_address>0xffe4</run_address>
         <size>0x2</size>
         <input_file_ref idref="fl-35"/>
      </object_component>
      <object_component id="oc-2f">
         <name>.int03</name>
         <load_address>0xffe6</load_address>
         <run_address>0xffe6</run_address>
         <size>0x2</size>
         <input_file_ref idref="fl-5"/>
      </object_component>
      <object_component id="oc-30">
         <name>.int05</name>
         <load_address>0xffea</load_address>
         <run_address>0xffea</run_address>
         <size>0x2</size>
         <input_file_ref idref="fl-36"/>
      </object_component>
      <object_component id="oc-31">
         <name>.int06</name>
         <load_address>0xffec</load_address>
         <run_address>0xffec</run_address>
         <size>0x2</size>
         <input_file_ref idref="fl-37"/>
      </object_component>
      <object_component id="oc-32">
         <name>.int07</name>
         <load_address>0xffee</load_address>
         <run_address>0xffee</run_address>
         <size>0x2</size>
         <input_file_ref idref="fl-3"/>
      </object_component>
      <object_component id="oc-33">
         <name>.int08</name>
         <load_address>0xfff0</load_address>
         <run_address>0xfff0</run_address>
         <size>0x2</size>
         <input_file_ref idref="fl-38"/>
      </object_component>
      <object_component id="oc-34">
         <name>.int09</name>
         <load_address>0xfff2</load_address>
         <run_address>0xfff2</run_address>
         <size>0x2</size>
         <input_file_ref idref="fl-3"/>
      </object_component>
      <object_component id="oc-35">
         <name>.int10</name>
         <load_address>0xfff4</load_address>
         <run_address>0xfff4</run_address>
         <size>0x2</size>
         <input_file_ref idref="fl-39"/>
      </object_component>
      <object_component id="oc-36">
         <name>.int11</name>
         <load_address>0xfff6</load_address>
         <run_address>0xfff6</run_address>
         <size>0x2</size>
         <input_file_ref idref="fl-3a"/>
      </object_component>
      <object_component id="oc-37">
         <name>.int12</name>
         <load_address>0xfff8</load_address>
         <run_address>0xfff8</run_address>
         <size>0x2</size>
         <input_file_ref idref="fl-3b"/>
      </object_component>
      <object_component id="oc-38">
         <name>.int13</name>
         <load_address>0xfffa</load_address>
         <run_address>0xfffa</run_address>
         <size>0x2</size>
         <input_file_ref idref="fl-3c"/>
      </object_component>
      <object_component id="oc-39">
         <name>.int14</name>
         <load_address>0xfffc</load_address>
         <run_address>0xfffc</run_address>
         <size>0x2</size>
         <input_file_ref idref="fl-3d"/>
      </object_component>
      <object_component id="oc-50">
         <name>.reset</name>
         <load_address>0xfffe</load_address>
         <run_address>0xfffe</run_address>
         <size>0x2</size>
         <input_file_ref idref="fl-2c"/>
      </object_component>
      <object_component id="oc-ae">
         <name>.common:sensor</name>
         <uninitialized>true</uninitialized>
         <run_address>0x2a0</run_address>
         <size>0x4</size>
      </object_component>
      <object_component id="oc-aa">
         <name>.common:i</name>
         <uninitialized>true</uninitialized>
         <run_address>0x2a6</run_address>
         <size>0x2</size>
      </object_component>
      <object_component id="oc-df">
         <name>.common:linkIDTemp</name>
         <uninitialized>true</uninitialized>
         <run_address>0x2aa</run_address>
         <size>0x1</size>
      </object_component>
      <object_component id="oc-135">
         <name>.common:lAddr</name>
         <uninitialized>true</uninitialized>
         <run_address>0x294</run_address>
         <size>0x4</size>
      </object_component>
      <object_component id="oc-130">
         <name>.common:Flash_Addr</name>
         <uninitialized>true</uninitialized>
         <run_address>0x2a4</run_address>
         <size>0x2</size>
      </object_component>
      <object_component id="oc-d8">
         <name>.common:uartMsg</name>
         <uninitialized>true</uninitialized>
         <run_address>0x280</run_address>
         <size>0x14</size>
      </object_component>
      <object_component id="oc-3af">
         <name>.common:mrfiIncomingPacket</name>
         <uninitialized>true</uninitialized>
         <run_address>0x268</run_address>
         <size>0x18</size>
      </object_component>
      <object_component id="oc-383">
         <name>.common:sAPAddress</name>
         <uninitialized>true</uninitialized>
         <run_address>0x298</run_address>
         <size>0x4</size>
      </object_component>
      <object_component id="oc-3bd">
         <name>.common:sMyRAMAddress</name>
         <uninitialized>true</uninitialized>
         <run_address>0x29c</run_address>
         <size>0x4</size>
      </object_component>
      <object_component id="oc-40c">
         <name>.common:sInFrameQ</name>
         <uninitialized>true</uninitialized>
         <run_address>0x200</run_address>
         <size>0x34</size>
      </object_component>
      <object_component id="oc-3a8">
         <name>.common:sOutFrameQ</name>
         <uninitialized>true</uninitialized>
         <run_address>0x234</run_address>
         <size>0x34</size>
      </object_component>
      <object_component id="oc-448">
         <name>.common:sServiceLinkID</name>
         <uninitialized>true</uninitialized>
         <run_address>0x2a8</run_address>
         <size>0x2</size>
      </object_component>
      <object_component id="oc-13c">
         <name>.data</name>
         <load_address>0x2eb</load_address>
         <run_address>0x2eb</run_address>
         <size>0x1</size>
         <input_file_ref idref="fl-8"/>
      </object_component>
      <object_component id="oc-178">
         <name>.data</name>
         <load_address>0x2ec</load_address>
         <run_address>0x2ec</run_address>
         <size>0x7</size>
         <input_file_ref idref="fl-e"/>
      </object_component>
      <object_component id="oc-1a4">
         <name>.data</name>
         <load_address>0x2db</load_address>
         <run_address>0x2db</run_address>
         <size>0x1</size>
         <input_file_ref idref="fl-4"/>
      </object_component>
      <object_component id="oc-1b8">
         <name>.data</name>
         <load_address>0x2d2</load_address>
         <run_address>0x2d2</run_address>
         <size>0x9</size>
         <input_file_ref idref="fl-5"/>
      </object_component>
      <object_component id="oc-258">
         <name>.data</name>
         <load_address>0x2ac</load_address>
         <run_address>0x2ac</run_address>
         <size>0x26</size>
         <input_file_ref idref="fl-a"/>
      </object_component>
      <object_component id="oc-28a">
         <name>.data</name>
         <load_address>0x2f3</load_address>
         <run_address>0x2f3</run_address>
         <size>0x1</size>
         <input_file_ref idref="fl-6"/>
      </object_component>
      <object_component id="oc-293">
         <name>.data:mrfiRxFilterAddr</name>
         <load_address>0x2f4</load_address>
         <run_address>0x2f4</run_address>
         <size>0x4</size>
         <input_file_ref idref="fl-5"/>
      </object_component>
      <object_component id="oc-297">
         <name>.data</name>
         <load_address>0x2e4</load_address>
         <run_address>0x2e4</run_address>
         <size>0x7</size>
         <input_file_ref idref="fl-f"/>
      </object_component>
      <object_component id="oc-2cb">
         <name>.data</name>
         <load_address>0x2dc</load_address>
         <run_address>0x2dc</run_address>
         <size>0x8</size>
         <input_file_ref idref="fl-7"/>
      </object_component>
      <object_component id="oc-36a">
         <name>.data</name>
         <load_address>0x2fb</load_address>
         <run_address>0x2fb</run_address>
         <size>0x1</size>
         <input_file_ref idref="fl-c"/>
      </object_component>
      <object_component id="oc-36e">
         <name>.data</name>
         <load_address>0x2f8</load_address>
         <run_address>0x2f8</run_address>
         <size>0x3</size>
         <input_file_ref idref="fl-d"/>
      </object_component>
      <object_component id="oc-3b">
         <name>.debug_info</name>
         <load_address>0x0</load_address>
         <run_address>0x0</run_address>
         <size>0x125</size>
         <input_file_ref idref="fl-2c"/>
      </object_component>
      <object_component id="oc-42">
         <name>.debug_info</name>
         <load_address>0x125</load_address>
         <run_address>0x125</run_address>
         <size>0x194</size>
         <input_file_ref idref="fl-2d"/>
      </object_component>
      <object_component id="oc-46">
         <name>.debug_info</name>
         <load_address>0x2b9</load_address>
         <run_address>0x2b9</run_address>
         <size>0x16a</size>
         <input_file_ref idref="fl-2f"/>
      </object_component>
      <object_component id="oc-4c">
         <name>.debug_info</name>
         <load_address>0x423</load_address>
         <run_address>0x423</run_address>
         <size>0x18e</size>
         <input_file_ref idref="fl-2e"/>
      </object_component>
      <object_component id="oc-4f">
         <name>.debug_info</name>
         <load_address>0x5b1</load_address>
         <run_address>0x5b1</run_address>
         <size>0xaa</size>
         <input_file_ref idref="fl-2c"/>
      </object_component>
      <object_component id="oc-53">
         <name>.debug_info</name>
         <load_address>0x65b</load_address>
         <run_address>0x65b</run_address>
         <size>0xc2</size>
         <input_file_ref idref="fl-3e"/>
      </object_component>
      <object_component id="oc-57">
         <name>.debug_info</name>
         <load_address>0x71d</load_address>
         <run_address>0x71d</run_address>
         <size>0x205</size>
         <input_file_ref idref="fl-5"/>
      </object_component>
      <object_component id="oc-5b">
         <name>.debug_info</name>
         <load_address>0x922</load_address>
         <run_address>0x922</run_address>
         <size>0x12c</size>
         <input_file_ref idref="fl-3"/>
      </object_component>
      <object_component id="oc-60">
         <name>.debug_info</name>
         <load_address>0xa4e</load_address>
         <run_address>0xa4e</run_address>
         <size>0x127</size>
         <input_file_ref idref="fl-3"/>
      </object_component>
      <object_component id="oc-65">
         <name>.debug_info</name>
         <load_address>0xb75</load_address>
         <run_address>0xb75</run_address>
         <size>0x1d7</size>
         <input_file_ref idref="fl-4"/>
      </object_component>
      <object_component id="oc-6b">
         <name>.debug_info</name>
         <load_address>0xd4c</load_address>
         <run_address>0xd4c</run_address>
         <size>0x14d</size>
         <input_file_ref idref="fl-49"/>
      </object_component>
      <object_component id="oc-6f">
         <name>.debug_info</name>
         <load_address>0xe99</load_address>
         <run_address>0xe99</run_address>
         <size>0x1b0</size>
         <input_file_ref idref="fl-3"/>
      </object_component>
      <object_component id="oc-74">
         <name>.debug_info</name>
         <load_address>0x1049</load_address>
         <run_address>0x1049</run_address>
         <size>0xcc</size>
         <input_file_ref idref="fl-34"/>
      </object_component>
      <object_component id="oc-7a">
         <name>.debug_info</name>
         <load_address>0x1115</load_address>
         <run_address>0x1115</run_address>
         <size>0x157</size>
         <input_file_ref idref="fl-41"/>
      </object_component>
      <object_component id="oc-7f">
         <name>.debug_info</name>
         <load_address>0x126c</load_address>
         <run_address>0x126c</run_address>
         <size>0x46</size>
         <input_file_ref idref="fl-2d"/>
      </object_component>
      <object_component id="oc-84">
         <name>.debug_info</name>
         <load_address>0x12b2</load_address>
         <run_address>0x12b2</run_address>
         <size>0x164</size>
         <input_file_ref idref="fl-2d"/>
      </object_component>
      <object_component id="oc-86">
         <name>.debug_info</name>
         <load_address>0x1416</load_address>
         <run_address>0x1416</run_address>
         <size>0x46</size>
         <input_file_ref idref="fl-2f"/>
      </object_component>
      <object_component id="oc-8b">
         <name>.debug_info</name>
         <load_address>0x145c</load_address>
         <run_address>0x145c</run_address>
         <size>0x11f</size>
         <input_file_ref idref="fl-2f"/>
      </object_component>
      <object_component id="oc-8f">
         <name>.debug_info</name>
         <load_address>0x157b</load_address>
         <run_address>0x157b</run_address>
         <size>0x1e9</size>
         <input_file_ref idref="fl-2e"/>
      </object_component>
      <object_component id="oc-92">
         <name>.debug_info</name>
         <load_address>0x1764</load_address>
         <run_address>0x1764</run_address>
         <size>0x129</size>
         <input_file_ref idref="fl-2e"/>
      </object_component>
      <object_component id="oc-93">
         <name>.debug_info</name>
         <load_address>0x188d</load_address>
         <run_address>0x188d</run_address>
         <size>0x39</size>
         <input_file_ref idref="fl-2e"/>
      </object_component>
      <object_component id="oc-9a">
         <name>.debug_info</name>
         <load_address>0x18c6</load_address>
         <run_address>0x18c6</run_address>
         <size>0x84</size>
         <input_file_ref idref="fl-3"/>
      </object_component>
      <object_component id="oc-a1">
         <name>.debug_info</name>
         <load_address>0x194a</load_address>
         <run_address>0x194a</run_address>
         <size>0x1ea</size>
         <input_file_ref idref="fl-5"/>
      </object_component>
      <object_component id="oc-a7">
         <name>.debug_info</name>
         <load_address>0x1b34</load_address>
         <run_address>0x1b34</run_address>
         <size>0x819</size>
         <input_file_ref idref="fl-3"/>
      </object_component>
      <object_component id="oc-b4">
         <name>.debug_info</name>
         <load_address>0x234d</load_address>
         <run_address>0x234d</run_address>
         <size>0xe1</size>
         <input_file_ref idref="fl-33"/>
      </object_component>
      <object_component id="oc-b6">
         <name>.debug_info</name>
         <load_address>0x242e</load_address>
         <run_address>0x242e</run_address>
         <size>0x2ba</size>
         <input_file_ref idref="fl-49"/>
      </object_component>
      <object_component id="oc-b8">
         <name>.debug_info</name>
         <load_address>0x26e8</load_address>
         <run_address>0x26e8</run_address>
         <size>0x1d3</size>
         <input_file_ref idref="fl-4"/>
      </object_component>
      <object_component id="oc-be">
         <name>.debug_info</name>
         <load_address>0x28bb</load_address>
         <run_address>0x28bb</run_address>
         <size>0x152</size>
         <input_file_ref idref="fl-3"/>
      </object_component>
      <object_component id="oc-c2">
         <name>.debug_info</name>
         <load_address>0x2a0d</load_address>
         <run_address>0x2a0d</run_address>
         <size>0x280</size>
         <input_file_ref idref="fl-8"/>
      </object_component>
      <object_component id="oc-c8">
         <name>.debug_info</name>
         <load_address>0x2c8d</load_address>
         <run_address>0x2c8d</run_address>
         <size>0x127</size>
         <input_file_ref idref="fl-3"/>
      </object_component>
      <object_component id="oc-cd">
         <name>.debug_info</name>
         <load_address>0x2db4</load_address>
         <run_address>0x2db4</run_address>
         <size>0x40a</size>
         <input_file_ref idref="fl-e"/>
      </object_component>
      <object_component id="oc-d2">
         <name>.debug_info</name>
         <load_address>0x31be</load_address>
         <run_address>0x31be</run_address>
         <size>0x21b</size>
         <input_file_ref idref="fl-4"/>
      </object_component>
      <object_component id="oc-d7">
         <name>.debug_info</name>
         <load_address>0x33d9</load_address>
         <run_address>0x33d9</run_address>
         <size>0xda</size>
         <input_file_ref idref="fl-3"/>
      </object_component>
      <object_component id="oc-dc">
         <name>.debug_info</name>
         <load_address>0x34b3</load_address>
         <run_address>0x34b3</run_address>
         <size>0x16c</size>
         <input_file_ref idref="fl-46"/>
      </object_component>
      <object_component id="oc-e1">
         <name>.debug_info</name>
         <load_address>0x361f</load_address>
         <run_address>0x361f</run_address>
         <size>0x20a</size>
         <input_file_ref idref="fl-8"/>
      </object_component>
      <object_component id="oc-e8">
         <name>.debug_info</name>
         <load_address>0x3829</load_address>
         <run_address>0x3829</run_address>
         <size>0x127</size>
         <input_file_ref idref="fl-41"/>
      </object_component>
      <object_component id="oc-e9">
         <name>.debug_info</name>
         <load_address>0x3950</load_address>
         <run_address>0x3950</run_address>
         <size>0x2c</size>
         <input_file_ref idref="fl-5"/>
      </object_component>
      <object_component id="oc-ee">
         <name>.debug_info</name>
         <load_address>0x397c</load_address>
         <run_address>0x397c</run_address>
         <size>0x2c</size>
         <input_file_ref idref="fl-2d"/>
      </object_component>
      <object_component id="oc-fb">
         <name>.debug_info</name>
         <load_address>0x39a8</load_address>
         <run_address>0x39a8</run_address>
         <size>0x363</size>
         <input_file_ref idref="fl-5"/>
      </object_component>
      <object_component id="oc-102">
         <name>.debug_info</name>
         <load_address>0x3d0b</load_address>
         <run_address>0x3d0b</run_address>
         <size>0x692</size>
         <input_file_ref idref="fl-3"/>
      </object_component>
      <object_component id="oc-107">
         <name>.debug_info</name>
         <load_address>0x439d</load_address>
         <run_address>0x439d</run_address>
         <size>0x5e</size>
         <input_file_ref idref="fl-3"/>
      </object_component>
      <object_component id="oc-10c">
         <name>.debug_info</name>
         <load_address>0x43fb</load_address>
         <run_address>0x43fb</run_address>
         <size>0x6d</size>
         <input_file_ref idref="fl-3"/>
      </object_component>
      <object_component id="oc-111">
         <name>.debug_info</name>
         <load_address>0x4468</load_address>
         <run_address>0x4468</run_address>
         <size>0x62</size>
         <input_file_ref idref="fl-3"/>
      </object_component>
      <object_component id="oc-119">
         <name>.debug_info</name>
         <load_address>0x44ca</load_address>
         <run_address>0x44ca</run_address>
         <size>0x39</size>
         <input_file_ref idref="fl-49"/>
      </object_component>
      <object_component id="oc-11f">
         <name>.debug_info</name>
         <load_address>0x4503</load_address>
         <run_address>0x4503</run_address>
         <size>0x1cd</size>
         <input_file_ref idref="fl-4"/>
      </object_component>
      <object_component id="oc-124">
         <name>.debug_info</name>
         <load_address>0x46d0</load_address>
         <run_address>0x46d0</run_address>
         <size>0x1fe</size>
         <input_file_ref idref="fl-4"/>
      </object_component>
      <object_component id="oc-12c">
         <name>.debug_info</name>
         <load_address>0x48ce</load_address>
         <run_address>0x48ce</run_address>
         <size>0x1b8</size>
         <input_file_ref idref="fl-3"/>
      </object_component>
      <object_component id="oc-137">
         <name>.debug_info</name>
         <load_address>0x4a86</load_address>
         <run_address>0x4a86</run_address>
         <size>0x318</size>
         <input_file_ref idref="fl-8"/>
      </object_component>
      <object_component id="oc-13d">
         <name>.debug_info</name>
         <load_address>0x4d9e</load_address>
         <run_address>0x4d9e</run_address>
         <size>0x115</size>
         <input_file_ref idref="fl-8"/>
      </object_component>
      <object_component id="oc-13f">
         <name>.debug_info</name>
         <load_address>0x4eb3</load_address>
         <run_address>0x4eb3</run_address>
         <size>0x457</size>
         <input_file_ref idref="fl-5"/>
      </object_component>
      <object_component id="oc-144">
         <name>.debug_info</name>
         <load_address>0x530a</load_address>
         <run_address>0x530a</run_address>
         <size>0x2bc</size>
         <input_file_ref idref="fl-a"/>
      </object_component>
      <object_component id="oc-149">
         <name>.debug_info</name>
         <load_address>0x55c6</load_address>
         <run_address>0x55c6</run_address>
         <size>0x1fe</size>
         <input_file_ref idref="fl-5"/>
      </object_component>
      <object_component id="oc-14e">
         <name>.debug_info</name>
         <load_address>0x57c4</load_address>
         <run_address>0x57c4</run_address>
         <size>0x1e4</size>
         <input_file_ref idref="fl-6"/>
      </object_component>
      <object_component id="oc-155">
         <name>.debug_info</name>
         <load_address>0x59a8</load_address>
         <run_address>0x59a8</run_address>
         <size>0x229</size>
         <input_file_ref idref="fl-5"/>
      </object_component>
      <object_component id="oc-159">
         <name>.debug_info</name>
         <load_address>0x5bd1</load_address>
         <run_address>0x5bd1</run_address>
         <size>0x1fa</size>
         <input_file_ref idref="fl-5"/>
      </object_component>
      <object_component id="oc-15d">
         <name>.debug_info</name>
         <load_address>0x5dcb</load_address>
         <run_address>0x5dcb</run_address>
         <size>0x3ba</size>
         <input_file_ref idref="fl-f"/>
      </object_component>
      <object_component id="oc-162">
         <name>.debug_info</name>
         <load_address>0x6185</load_address>
         <run_address>0x6185</run_address>
         <size>0x74d</size>
         <input_file_ref idref="fl-8"/>
      </object_component>
      <object_component id="oc-165">
         <name>.debug_info</name>
         <load_address>0x68d2</load_address>
         <run_address>0x68d2</run_address>
         <size>0x239</size>
         <input_file_ref idref="fl-a"/>
      </object_component>
      <object_component id="oc-16a">
         <name>.debug_info</name>
         <load_address>0x6b0b</load_address>
         <run_address>0x6b0b</run_address>
         <size>0x280</size>
         <input_file_ref idref="fl-a"/>
      </object_component>
      <object_component id="oc-16f">
         <name>.debug_info</name>
         <load_address>0x6d8b</load_address>
         <run_address>0x6d8b</run_address>
         <size>0x1f9</size>
         <input_file_ref idref="fl-a"/>
      </object_component>
      <object_component id="oc-174">
         <name>.debug_info</name>
         <load_address>0x6f84</load_address>
         <run_address>0x6f84</run_address>
         <size>0x1eb</size>
         <input_file_ref idref="fl-6"/>
      </object_component>
      <object_component id="oc-179">
         <name>.debug_info</name>
         <load_address>0x716f</load_address>
         <run_address>0x716f</run_address>
         <size>0x18b</size>
         <input_file_ref idref="fl-e"/>
      </object_component>
      <object_component id="oc-17b">
         <name>.debug_info</name>
         <load_address>0x72fa</load_address>
         <run_address>0x72fa</run_address>
         <size>0x284</size>
         <input_file_ref idref="fl-a"/>
      </object_component>
      <object_component id="oc-180">
         <name>.debug_info</name>
         <load_address>0x757e</load_address>
         <run_address>0x757e</run_address>
         <size>0x1df</size>
         <input_file_ref idref="fl-7"/>
      </object_component>
      <object_component id="oc-185">
         <name>.debug_info</name>
         <load_address>0x775d</load_address>
         <run_address>0x775d</run_address>
         <size>0x1f0</size>
         <input_file_ref idref="fl-6"/>
      </object_component>
      <object_component id="oc-18a">
         <name>.debug_info</name>
         <load_address>0x794d</load_address>
         <run_address>0x794d</run_address>
         <size>0x1e2</size>
         <input_file_ref idref="fl-5"/>
      </object_component>
      <object_component id="oc-18f">
         <name>.debug_info</name>
         <load_address>0x7b2f</load_address>
         <run_address>0x7b2f</run_address>
         <size>0x1e0</size>
         <input_file_ref idref="fl-5"/>
      </object_component>
      <object_component id="oc-194">
         <name>.debug_info</name>
         <load_address>0x7d0f</load_address>
         <run_address>0x7d0f</run_address>
         <size>0x21c</size>
         <input_file_ref idref="fl-5"/>
      </object_component>
      <object_component id="oc-199">
         <name>.debug_info</name>
         <load_address>0x7f2b</load_address>
         <run_address>0x7f2b</run_address>
         <size>0x1e5</size>
         <input_file_ref idref="fl-5"/>
      </object_component>
      <object_component id="oc-19e">
         <name>.debug_info</name>
         <load_address>0x8110</load_address>
         <run_address>0x8110</run_address>
         <size>0x202</size>
         <input_file_ref idref="fl-5"/>
      </object_component>
      <object_component id="oc-1a3">
         <name>.debug_info</name>
         <load_address>0x8312</load_address>
         <run_address>0x8312</run_address>
         <size>0x766</size>
         <input_file_ref idref="fl-e"/>
      </object_component>
      <object_component id="oc-1a5">
         <name>.debug_info</name>
         <load_address>0x8a78</load_address>
         <run_address>0x8a78</run_address>
         <size>0x116</size>
         <input_file_ref idref="fl-4"/>
      </object_component>
      <object_component id="oc-1a7">
         <name>.debug_info</name>
         <load_address>0x8b8e</load_address>
         <run_address>0x8b8e</run_address>
         <size>0xd4</size>
         <input_file_ref idref="fl-44"/>
      </object_component>
      <object_component id="oc-1ab">
         <name>.debug_info</name>
         <load_address>0x8c62</load_address>
         <run_address>0x8c62</run_address>
         <size>0x282</size>
         <input_file_ref idref="fl-4"/>
      </object_component>
      <object_component id="oc-1af">
         <name>.debug_info</name>
         <load_address>0x8ee4</load_address>
         <run_address>0x8ee4</run_address>
         <size>0x117</size>
         <input_file_ref idref="fl-46"/>
      </object_component>
      <object_component id="oc-1b1">
         <name>.debug_info</name>
         <load_address>0x8ffb</load_address>
         <run_address>0x8ffb</run_address>
         <size>0x302</size>
         <input_file_ref idref="fl-8"/>
      </object_component>
      <object_component id="oc-1b9">
         <name>.debug_info</name>
         <load_address>0x92fd</load_address>
         <run_address>0x92fd</run_address>
         <size>0x224</size>
         <input_file_ref idref="fl-5"/>
      </object_component>
      <object_component id="oc-1bb">
         <name>.debug_info</name>
         <load_address>0x9521</load_address>
         <run_address>0x9521</run_address>
         <size>0x208</size>
         <input_file_ref idref="fl-5"/>
      </object_component>
      <object_component id="oc-1c2">
         <name>.debug_info</name>
         <load_address>0x9729</load_address>
         <run_address>0x9729</run_address>
         <size>0x235</size>
         <input_file_ref idref="fl-5"/>
      </object_component>
      <object_component id="oc-1c5">
         <name>.debug_info</name>
         <load_address>0x995e</load_address>
         <run_address>0x995e</run_address>
         <size>0x4f6</size>
         <input_file_ref idref="fl-5"/>
      </object_component>
      <object_component id="oc-1c7">
         <name>.debug_info</name>
         <load_address>0x9e54</load_address>
         <run_address>0x9e54</run_address>
         <size>0x183</size>
         <input_file_ref idref="fl-43"/>
      </object_component>
      <object_component id="oc-1d2">
         <name>.debug_info</name>
         <load_address>0x9fd7</load_address>
         <run_address>0x9fd7</run_address>
         <size>0x28a</size>
         <input_file_ref idref="fl-5"/>
      </object_component>
      <object_component id="oc-1d7">
         <name>.debug_info</name>
         <load_address>0xa261</load_address>
         <run_address>0xa261</run_address>
         <size>0x238</size>
         <input_file_ref idref="fl-5"/>
      </object_component>
      <object_component id="oc-1df">
         <name>.debug_info</name>
         <load_address>0xa499</load_address>
         <run_address>0xa499</run_address>
         <size>0x235</size>
         <input_file_ref idref="fl-7"/>
      </object_component>
      <object_component id="oc-1e3">
         <name>.debug_info</name>
         <load_address>0xa6ce</load_address>
         <run_address>0xa6ce</run_address>
         <size>0x221</size>
         <input_file_ref idref="fl-5"/>
      </object_component>
      <object_component id="oc-1e8">
         <name>.debug_info</name>
         <load_address>0xa8ef</load_address>
         <run_address>0xa8ef</run_address>
         <size>0x2c</size>
         <input_file_ref idref="fl-3"/>
      </object_component>
      <object_component id="oc-1ef">
         <name>.debug_info</name>
         <load_address>0xa91b</load_address>
         <run_address>0xa91b</run_address>
         <size>0x1c3</size>
         <input_file_ref idref="fl-4"/>
      </object_component>
      <object_component id="oc-1f4">
         <name>.debug_info</name>
         <load_address>0xaade</load_address>
         <run_address>0xaade</run_address>
         <size>0x1cf</size>
         <input_file_ref idref="fl-4"/>
      </object_component>
      <object_component id="oc-1fa">
         <name>.debug_info</name>
         <load_address>0xacad</load_address>
         <run_address>0xacad</run_address>
         <size>0x103</size>
         <input_file_ref idref="fl-2"/>
      </object_component>
      <object_component id="oc-1ff">
         <name>.debug_info</name>
         <load_address>0xadb0</load_address>
         <run_address>0xadb0</run_address>
         <size>0x208</size>
         <input_file_ref idref="fl-8"/>
      </object_component>
      <object_component id="oc-204">
         <name>.debug_info</name>
         <load_address>0xafb8</load_address>
         <run_address>0xafb8</run_address>
         <size>0x1e4</size>
         <input_file_ref idref="fl-6"/>
      </object_component>
      <object_component id="oc-20a">
         <name>.debug_info</name>
         <load_address>0xb19c</load_address>
         <run_address>0xb19c</run_address>
         <size>0x2ad</size>
         <input_file_ref idref="fl-10"/>
      </object_component>
      <object_component id="oc-20e">
         <name>.debug_info</name>
         <load_address>0xb449</load_address>
         <run_address>0xb449</run_address>
         <size>0x298</size>
         <input_file_ref idref="fl-10"/>
      </object_component>
      <object_component id="oc-214">
         <name>.debug_info</name>
         <load_address>0xb6e1</load_address>
         <run_address>0xb6e1</run_address>
         <size>0x30c</size>
         <input_file_ref idref="fl-10"/>
      </object_component>
      <object_component id="oc-218">
         <name>.debug_info</name>
         <load_address>0xb9ed</load_address>
         <run_address>0xb9ed</run_address>
         <size>0x279</size>
         <input_file_ref idref="fl-10"/>
      </object_component>
      <object_component id="oc-21e">
         <name>.debug_info</name>
         <load_address>0xbc66</load_address>
         <run_address>0xbc66</run_address>
         <size>0x24b</size>
         <input_file_ref idref="fl-10"/>
      </object_component>
      <object_component id="oc-226">
         <name>.debug_info</name>
[...]
         <name>mrfiSpiReadRxFifo</name>
         <value>0xdf2c</value>
         <object_component_ref idref="oc-1bf"/>
      </symbol>
      <symbol id="sm-2d3">
         <name>MRFI_ReplyDelay</name>
         <value>0xd588</value>
         <object_component_ref idref="oc-193"/>
      </symbol>
      <symbol id="sm-2d4">
         <name>MRFI_WakeUp</name>
         <value>0xd6b0</value>
         <object_component_ref idref="oc-148"/>
      </symbol>
      <symbol id="sm-2d5">
         <name>MRFI_Transmit</name>
         <value>0xc5ea</value>
         <object_component_ref idref="oc-398"/>
      </symbol>
      <symbol id="sm-2d6">
         <name>mrfiSpiWriteReg</name>
         <value>0xddc8</value>
         <object_component_ref idref="oc-22f"/>
      </symbol>
      <symbol id="sm-2d7">
         <name>mrfiSpiWriteTxFifo</name>
         <value>0xdeea</value>
         <object_component_ref idref="oc-3d8"/>
      </symbol>
      <symbol id="sm-2d8">
         <name>MRFI_RxIdle</name>
         <value>0xdc44</value>
         <object_component_ref idref="oc-198"/>
      </symbol>
      <symbol id="sm-2d9">
         <name>MRFI_GetRadioState</name>
         <value>0xdf7c</value>
         <object_component_ref idref="oc-189"/>
      </symbol>
      <symbol id="sm-2da">
         <name>MRFI_EnableRxAddrFilter</name>
         <value>0xdb7e</value>
         <object_component_ref idref="oc-157"/>
      </symbol>
      <symbol id="sm-2db">
         <name>MRFI_SetRFPwr</name>
         <value>0xd71c</value>
         <object_component_ref idref="oc-23b"/>
      </symbol>
      <symbol id="sm-2dc">
         <name>mrfiSpiInit</name>
         <value>0xd508</value>
         <object_component_ref idref="oc-225"/>
      </symbol>
      <symbol id="sm-2dd">
         <name>MRFI_Receive</name>
         <value>0xdedc</value>
         <object_component_ref idref="oc-319"/>
      </symbol>
      <symbol id="sm-2de">
         <name>BSP_GpioPort1Isr</name>
         <value>0xdd94</value>
         <object_component_ref idref="oc-55"/>
      </symbol>
      <symbol id="sm-31e">
         <name>nwk_getProtocolVersion</name>
         <value>0xdfa6</value>
         <object_component_ref idref="oc-184"/>
      </symbol>
      <symbol id="sm-31f">
         <name>nwk_getFWVersion</name>
         <value>0xdf9a</value>
         <object_component_ref idref="oc-203"/>
      </symbol>
      <symbol id="sm-320">
         <name>nwk_globalsInit</name>
         <value>0xdac2</value>
         <object_component_ref idref="oc-25a"/>
      </symbol>
      <symbol id="sm-321">
         <name>nwk_setAPAddress</name>
         <value>0xdf06</value>
         <object_component_ref idref="oc-29e"/>
      </symbol>
      <symbol id="sm-322">
         <name>nwk_setMyAddress</name>
         <value>0xdd78</value>
         <object_component_ref idref="oc-332"/>
      </symbol>
      <symbol id="sm-323">
         <name>nwk_getBCastAddress</name>
         <value>0xdf94</value>
         <object_component_ref idref="oc-173"/>
      </symbol>
      <symbol id="sm-324">
         <name>nwk_getMyAddress</name>
         <value>0xde98</value>
         <object_component_ref idref="oc-14d"/>
      </symbol>
      <symbol id="sm-382">
         <name>nwk_buildFrame</name>
         <value>0xcbac</value>
         <object_component_ref idref="oc-2f1"/>
      </symbol>
      <symbol id="sm-383">
         <name>nwk_sendFrame</name>
         <value>0xd944</value>
         <object_component_ref idref="oc-2f6"/>
      </symbol>
      <symbol id="sm-384">
         <name>nwk_getMyRxType</name>
         <value>0xdfa0</value>
         <object_component_ref idref="oc-17f"/>
      </symbol>
      <symbol id="sm-385">
         <name>nwk_frameInit</name>
         <value>0xdca4</value>
         <object_component_ref idref="oc-25f"/>
      </symbol>
      <symbol id="sm-386">
         <name>nwk_retrieveFrame</name>
         <value>0xc99c</value>
         <object_component_ref idref="oc-33f"/>
      </symbol>
      <symbol id="sm-387">
         <name>MRFI_RxCompleteISR</name>
         <value>0xdc24</value>
         <object_component_ref idref="oc-1dd"/>
      </symbol>
      <symbol id="sm-3c7">
         <name>SMPL_Send</name>
         <value>0xdf74</value>
         <object_component_ref idref="oc-e0"/>
      </symbol>
      <symbol id="sm-3c8">
         <name>SMPL_Init</name>
         <value>0xd784</value>
         <object_component_ref idref="oc-c1"/>
      </symbol>
      <symbol id="sm-3c9">
         <name>SMPL_SendOpt</name>
         <value>0xce7c</value>
         <object_component_ref idref="oc-1b0"/>
      </symbol>
      <symbol id="sm-3ca">
         <name>SMPL_Ioctl</name>
         <value>0xca4e</value>
         <object_component_ref idref="oc-136"/>
      </symbol>
      <symbol id="sm-40c">
         <name>nwk_QadjustOrder</name>
         <value>0xd81e</value>
         <object_component_ref idref="oc-3a9"/>
      </symbol>
      <symbol id="sm-40d">
         <name>nwk_QfindSlot</name>
         <value>0xcdfa</value>
         <object_component_ref idref="oc-314"/>
      </symbol>
      <symbol id="sm-40e">
         <name>nwk_QInit</name>
         <value>0xdd3e</value>
         <object_component_ref idref="oc-264"/>
      </symbol>
      <symbol id="sm-40f">
         <name>nwk_QfindOldest</name>
         <value>0xc4c0</value>
         <object_component_ref idref="oc-3c0"/>
      </symbol>
      <symbol id="sm-49a">
         <name>nwk_getNextConnection</name>
         <value>0xd276</value>
         <object_component_ref idref="oc-164"/>
      </symbol>
      <symbol id="sm-49b">
         <name>nwk_freeConnection</name>
         <value>0xdf8e</value>
         <object_component_ref idref="oc-16e"/>
      </symbol>
      <symbol id="sm-49c">
         <name>nwk_checkConnInfo</name>
         <value>0xda24</value>
         <object_component_ref idref="oc-2ec"/>
      </symbol>
      <symbol id="sm-49d">
         <name>nwk_isLinkDuplicate</name>
         <value>0xd438</value>
         <object_component_ref idref="oc-443"/>
      </symbol>
      <symbol id="sm-49e">
         <name>nwk_isConnectionValid</name>
         <value>0xd04e</value>
         <object_component_ref idref="oc-3b3"/>
      </symbol>
      <symbol id="sm-49f">
         <name>nwk_isValidReply</name>
         <value>0xd63c</value>
         <object_component_ref idref="oc-414"/>
      </symbol>
      <symbol id="sm-4a0">
         <name>nwk_putNumObjectIntoMsg</name>
         <value>0xd600</value>
         <object_component_ref idref="oc-17a"/>
      </symbol>
      <symbol id="sm-4a1">
         <name>nwk_allocateLocalRxPort</name>
         <value>0xc7e6</value>
         <object_component_ref idref="oc-169"/>
      </symbol>
      <symbol id="sm-4a2">
         <name>nwk_nwkInit</name>
         <value>0xcd74</value>
         <object_component_ref idref="oc-143"/>
      </symbol>
      <symbol id="sm-4a3">
         <name>nwk_getConnInfo</name>
         <value>0xd850</value>
         <object_component_ref idref="oc-2e7"/>
      </symbol>
      <symbol id="sm-4a4">
         <name>nwk_getNumObjectFromMsg</name>
         <value>0xdef8</value>
         <object_component_ref idref="oc-43e"/>
      </symbol>
      <symbol id="sm-4b5">
         <name>nwk_securityInit</name>
         <value>0xdfba</value>
         <object_component_ref idref="oc-282"/>
      </symbol>
      <symbol id="sm-4b6">
         <name>nwk_processSecurity</name>
         <value>0xdfb4</value>
         <object_component_ref idref="oc-3f5"/>
      </symbol>
      <symbol id="sm-4de">
         <name>nwk_processPing</name>
         <value>0xda4e</value>
         <object_component_ref idref="oc-3e6"/>
      </symbol>
      <symbol id="sm-4df">
         <name>nwk_pingInit</name>
         <value>0xdf6a</value>
         <object_component_ref idref="oc-26e"/>
      </symbol>
      <symbol id="sm-4f9">
         <name>nwk_mgmtInit</name>
         <value>0xdf60</value>
         <object_component_ref idref="oc-278"/>
      </symbol>
      <symbol id="sm-4fa">
         <name>nwk_processMgmt</name>
         <value>0xd676</value>
         <object_component_ref idref="oc-3ff"/>
      </symbol>
      <symbol id="sm-54e">
         <name>nwk_linkInit</name>
         <value>0xd882</value>
         <object_component_ref idref="oc-27d"/>
      </symbol>
      <symbol id="sm-54f">
         <name>nwk_setLinkToken</name>
         <value>0xdeaa</value>
         <object_component_ref idref="oc-299"/>
      </symbol>
      <symbol id="sm-550">
         <name>nwk_link</name>
         <value>0xc368</value>
         <object_component_ref idref="oc-cc"/>
      </symbol>
      <symbol id="sm-551">
         <name>nwk_processLink</name>
         <value>0xdb0e</value>
         <object_component_ref idref="oc-3eb"/>
      </symbol>
      <symbol id="sm-57b">
         <name>nwk_processJoin</name>
         <value>0xdcc4</value>
         <object_component_ref idref="oc-3f0"/>
      </symbol>
      <symbol id="sm-57c">
         <name>nwk_joinInit</name>
         <value>0xdae8</value>
         <object_component_ref idref="oc-273"/>
      </symbol>
      <symbol id="sm-57d">
         <name>nwk_join</name>
         <value>0xc6ec</value>
         <object_component_ref idref="oc-15c"/>
      </symbol>
      <symbol id="sm-5b2">
         <name>nwk_radioControl</name>
         <value>0xcefa</value>
         <object_component_ref idref="oc-212"/>
      </symbol>
      <symbol id="sm-5b3">
         <name>nwk_rawSend</name>
         <value>0xd222</value>
         <object_component_ref idref="oc-217"/>
      </symbol>
      <symbol id="sm-5b4">
         <name>nwk_rawReceive</name>
         <value>0xd914</value>
         <object_component_ref idref="oc-21c"/>
      </symbol>
      <symbol id="sm-5b5">
         <name>nwk_connectionControl</name>
         <value>0xda9c</value>
         <object_component_ref idref="oc-208"/>
      </symbol>
      <symbol id="sm-5b6">
         <name>nwk_deviceAddress</name>
         <value>0xd7b8</value>
         <object_component_ref idref="oc-20d"/>
      </symbol>
      <symbol id="sm-5c7">
         <name>nwk_freqInit</name>
         <value>0xdfb8</value>
         <object_component_ref idref="oc-269"/>
      </symbol>
      <symbol id="sm-5c8">
         <name>nwk_processFreq</name>
         <value>0xdfb0</value>
         <object_component_ref idref="oc-3fa"/>
      </symbol>
      <symbol id="sm-5d1">
         <name>__mspabi_sral</name>
         <value>0xdebc</value>
         <object_component_ref idref="oc-245"/>
      </symbol>
      <symbol id="sm-5df">
         <name>_c_int00_noexit</name>
         <value>0xddae</value>
         <object_component_ref idref="oc-3a"/>
      </symbol>
      <symbol id="sm-5e0">
         <name>_c_int00</name>
         <value>0xddae</value>
         <object_component_ref idref="oc-3a"/>
      </symbol>
      <symbol id="sm-5e1">
         <name>_stack</name>
         <value>0x3b0</value>
         <object_component_ref idref="oc-4e"/>
      </symbol>
      <symbol id="sm-5e2">
         <name>_reset_vector</name>
         <value>0xfffe</value>
         <object_component_ref idref="oc-50"/>
      </symbol>
      <symbol id="sm-5f7">
         <name>__TI_decompress_none</name>
         <value>0xde74</value>
         <object_component_ref idref="oc-3f"/>
      </symbol>
      <symbol id="sm-617">
         <name>__TI_decompress_rle24</name>
         <value>0xdf88</value>
         <object_component_ref idref="oc-49"/>
      </symbol>
      <symbol id="sm-629">
         <name>__TI_zero_init</name>
         <value>0xde24</value>
         <object_component_ref idref="oc-44"/>
      </symbol>
      <symbol id="sm-634">
         <name>__mspabi_remi</name>
         <value>0xd9ce</value>
         <object_component_ref idref="oc-30f"/>
      </symbol>
      <symbol id="sm-635">
         <name>__mspabi_divi</name>
         <value>0xd9ce</value>
         <object_component_ref idref="oc-30f"/>
      </symbol>
      <symbol id="sm-63e">
         <name>__mspabi_remu</name>
         <value>0xde0e</value>
         <object_component_ref idref="oc-3a2"/>
      </symbol>
      <symbol id="sm-63f">
         <name>__mspabi_divu</name>
         <value>0xde0e</value>
         <object_component_ref idref="oc-3a2"/>
      </symbol>
      <symbol id="sm-64c">
         <name>__mspabi_remul</name>
         <value>0xd1ca</value>
         <object_component_ref idref="oc-24d"/>
      </symbol>
      <symbol id="sm-64d">
         <name>__mspabi_divul</name>
         <value>0xd1ca</value>
         <object_component_ref idref="oc-24d"/>
      </symbol>
      <symbol id="sm-655">
         <name>__mspabi_func_epilog_2</name>
         <value>0xded6</value>
         <object_component_ref idref="oc-b1"/>
      </symbol>
      <symbol id="sm-656">
         <name>__mspabi_func_epilog_3</name>
         <value>0xded4</value>
         <object_component_ref idref="oc-b1"/>
      </symbol>
      <symbol id="sm-657">
         <name>__mspabi_func_epilog_1</name>
         <value>0xded8</value>
         <object_component_ref idref="oc-b1"/>
      </symbol>
      <symbol id="sm-658">
         <name>__mspabi_func_epilog_6</name>
         <value>0xdece</value>
         <object_component_ref idref="oc-b1"/>
      </symbol>
      <symbol id="sm-659">
         <name>__mspabi_func_epilog_7</name>
         <value>0xdecc</value>
         <object_component_ref idref="oc-b1"/>
      </symbol>
      <symbol id="sm-65a">
         <name>__mspabi_func_epilog_4</name>
         <value>0xded2</value>
         <object_component_ref idref="oc-b1"/>
      </symbol>
      <symbol id="sm-65b">
         <name>__mspabi_func_epilog_5</name>
         <value>0xded0</value>
         <object_component_ref idref="oc-b1"/>
      </symbol>
      <symbol id="sm-664">
         <name>C$$EXIT</name>
         <value>0xdfac</value>
         <object_component_ref idref="oc-73"/>
      </symbol>
      <symbol id="sm-665">
         <name>abort</name>
         <value>0xdfac</value>
         <object_component_ref idref="oc-73"/>
      </symbol>
      <symbol id="sm-668">
         <name>__TI_int02</name>
         <value>0xffe4</value>
         <object_component_ref idref="oc-2e"/>
      </symbol>
      <symbol id="sm-66b">
         <name>__TI_int05</name>
         <value>0xffea</value>
         <object_component_ref idref="oc-30"/>
      </symbol>
      <symbol id="sm-66e">
         <name>__TI_int06</name>
         <value>0xffec</value>
         <object_component_ref idref="oc-31"/>
      </symbol>
      <symbol id="sm-671">
         <name>__TI_int08</name>
         <value>0xfff0</value>
         <object_component_ref idref="oc-33"/>
      </symbol>
      <symbol id="sm-674">
         <name>__TI_int10</name>
         <value>0xfff4</value>
         <object_component_ref idref="oc-35"/>
      </symbol>
      <symbol id="sm-677">
         <name>__TI_int11</name>
         <value>0xfff6</value>
         <object_component_ref idref="oc-36"/>
      </symbol>
      <symbol id="sm-67a">
         <name>__TI_int12</name>
         <value>0xfff8</value>
         <object_component_ref idref="oc-37"/>
      </symbol>
      <symbol id="sm-67d">
         <name>__TI_int13</name>
         <value>0xfffa</value>
         <object_component_ref idref="oc-38"/>
      </symbol>
      <symbol id="sm-680">
         <name>__TI_int14</name>
         <value>0xfffc</value>
         <object_component_ref idref="oc-39"/>
      </symbol>
      <symbol id="sm-687">
         <name>__TI_ISR_TRAP</name>
         <value>0xdf82</value>
         <object_component_ref idref="oc-51"/>
      </symbol>
      <symbol id="sm-68e">
         <name>__mspabi_srli_8</name>
         <value>0xd33e</value>
         <object_component_ref idref="oc-251"/>
      </symbol>
      <symbol id="sm-68f">
         <name>__mspabi_srli_9</name>
         <value>0xd33a</value>
         <object_component_ref idref="oc-251"/>
      </symbol>
      <symbol id="sm-690">
         <name>__mspabi_srli_6</name>
         <value>0xd346</value>
         <object_component_ref idref="oc-251"/>
      </symbol>
      <symbol id="sm-691">
         <name>__mspabi_srli_7</name>
         <value>0xd342</value>
         <object_component_ref idref="oc-251"/>
      </symbol>
      <symbol id="sm-692">
         <name>__mspabi_srli_4</name>
         <value>0xd34e</value>
         <object_component_ref idref="oc-251"/>
      </symbol>
      <symbol id="sm-693">
         <name>__mspabi_srli_5</name>
         <value>0xd34a</value>
         <object_component_ref idref="oc-251"/>
      </symbol>
      <symbol id="sm-694">
         <name>__mspabi_srli_2</name>
         <value>0xd356</value>
         <object_component_ref idref="oc-251"/>
      </symbol>
      <symbol id="sm-695">
         <name>__mspabi_srli_3</name>
         <value>0xd352</value>
         <object_component_ref idref="oc-251"/>
      </symbol>
      <symbol id="sm-696">
         <name>__mspabi_srli_1</name>
         <value>0xd35a</value>
         <object_component_ref idref="oc-251"/>
      </symbol>
      <symbol id="sm-697">
         <name>__mspabi_srli</name>
         <value>0xd314</value>
         <object_component_ref idref="oc-251"/>
      </symbol>
      <symbol id="sm-698">
         <name>__mspabi_srli_15</name>
         <value>0xd322</value>
         <object_component_ref idref="oc-251"/>
      </symbol>
      <symbol id="sm-699">
         <name>__mspabi_srli_14</name>
         <value>0xd326</value>
         <object_component_ref idref="oc-251"/>
      </symbol>
      <symbol id="sm-69a">
         <name>__mspabi_srli_13</name>
         <value>0xd32a</value>
         <object_component_ref idref="oc-251"/>
      </symbol>
      <symbol id="sm-69b">
         <name>__mspabi_srli_12</name>
         <value>0xd32e</value>
         <object_component_ref idref="oc-251"/>
      </symbol>
      <symbol id="sm-69c">
         <name>__mspabi_srli_11</name>
         <value>0xd332</value>
         <object_component_ref idref="oc-251"/>
      </symbol>
      <symbol id="sm-69d">
         <name>__mspabi_srli_10</name>
         <value>0xd336</value>
         <object_component_ref idref="oc-251"/>
      </symbol>
      <symbol id="sm-6ab">
         <name>memcmp</name>
         <value>0xdbc2</value>
         <object_component_ref idref="oc-2bb"/>
      </symbol>
      <symbol id="sm-6b8">
         <name>memcpy</name>
         <value>0xde86</value>
         <object_component_ref idref="oc-79"/>
      </symbol>
      <symbol id="sm-6c6">
         <name>memmove</name>
         <value>0xdc84</value>
         <object_component_ref idref="oc-2c5"/>
      </symbol>
      <symbol id="sm-6d3">
         <name>memset</name>
         <value>0xde4c</value>
         <object_component_ref idref="oc-1c6"/>
      </symbol>
      <symbol id="sm-6dc">
         <name>__mspabi_mpyi</name>
         <value>0xde60</value>
         <object_component_ref idref="oc-1a6"/>
      </symbol>
      <symbol id="sm-6e5">
         <name>__mspabi_mpyl</name>
         <value>0xdb34</value>
         <object_component_ref idref="oc-249"/>
      </symbol>
      <symbol id="sm-6f7">
         <name>strstr</name>
         <value>0xd6e6</value>
         <object_component_ref idref="oc-da"/>
      </symbol>
      <symbol id="sm-70e">
         <name>_auto_init</name>
         <value>0xd114</value>
         <object_component_ref idref="oc-69"/>
      </symbol>
      <symbol id="sm-70f">
         <name>__TI_exit</name>
         <value>0x1</value>
      </symbol>
      <symbol id="sm-710">
         <name>__TI_args_main</name>
         <value>0x1</value>
      </symbol>
      <symbol id="sm-711">
         <name>__TI_INITARRAY_Base</name>
         <value>0x0</value>
      </symbol>
      <symbol id="sm-712">
         <name>__TI_INITARRAY_Limit</name>
         <value>0x0</value>
      </symbol>
      <symbol id="sm-715">
         <name>SMPL_Link</name>
         <value>0xc368</value>
      </symbol>
   </symbol_table>
   <title>Link successful</title>
</link_info>
