******************************************************************************
                  MSP430 Linker PC v4.2.1                      
******************************************************************************
>> Linked Mon Apr 14 13:58:13 2014

OUTPUT FILE NAME:   <MSP430_LP.out>
ENTRY POINT SYMBOL: "_c_int00"  address: 0000ddee


MEMORY CONFIGURATION

         name            origin    length      used     unused   attr    fill
----------------------  --------  ---------  --------  --------  ----  --------
  SFR                   00000000   00000010  00000000  00000010  RWIX
  PERIPHERALS_8BIT      00000010   000000f0  00000000  000000f0  RWIX
  PERIPHERALS_16BIT     00000100   00000100  00000000  00000100  RWIX
  RAM                   00000200   00000200  000001d7  00000029  RWIX
  INFOD                 00001000   00000040  00000000  00000040  RWIX
  INFOC                 00001040   00000040  00000000  00000040  RWIX
  INFOB                 00001080   00000040  00000000  00000040  RWIX
  INFOA                 000010c0   00000040  00000000  00000040  RWIX
  FLASH                 0000c000   00003fe0  0000208d  00001f53  RWIX
  INT00                 0000ffe0   00000002  00000000  00000002  RWIX
  INT01                 0000ffe2   00000002  00000000  00000002  RWIX
  INT02                 0000ffe4   00000002  00000002  00000000  RWIX
  INT03                 0000ffe6   00000002  00000002  00000000  RWIX
  INT04                 0000ffe8   00000002  00000000  00000002  RWIX
  INT05                 0000ffea   00000002  00000002  00000000  RWIX
  INT06                 0000ffec   00000002  00000002  00000000  RWIX
  INT07                 0000ffee   00000002  00000002  00000000  RWIX
  INT08                 0000fff0   00000002  00000002  00000000  RWIX
  INT09                 0000fff2   00000002  00000002  00000000  RWIX
  INT10                 0000fff4   00000002  00000002  00000000  RWIX
  INT11                 0000fff6   00000002  00000002  00000000  RWIX
  INT12                 0000fff8   00000002  00000002  00000000  RWIX
  INT13                 0000fffa   00000002  00000002  00000000  RWIX
  INT14                 0000fffc   00000002  00000002  00000000  RWIX
  RESET                 0000fffe   00000002  00000002  00000000  RWIX


SECTION ALLOCATION MAP

 output                                  attributes/
section   page    origin      length       input sections
--------  ----  ----------  ----------   ----------------
.init_array 
*          0    0000c000    00000000     UNINITIALIZED

.bss       0    00000200    00000137     UNINITIALIZED
                  00000200    00000096     (.common:uartMsg)
                  00000296    00000034     (.common:sInFrameQ)
                  000002ca    00000034     (.common:sOutFrameQ)
                  000002fe    00000018     (.common:mrfiIncomingPacket)
                  00000316    00000008     (.common:msg)
                  0000031e    00000004     (.common:lAddr)
                  00000322    00000004     (.common:sAPAddress)
                  00000326    00000004     (.common:sMyRAMAddress)
                  0000032a    00000004     (.common:sensor)
                  0000032e    00000002     (.common:Flash_Addr)
                  00000330    00000002     (.common:i)
                  00000332    00000002     (.common:msgLen)
                  00000334    00000002     (.common:sServiceLinkID)
                  00000336    00000001     (.common:linkIDTemp)

.TI.noinit 
*          0    00000200    00000000     UNINITIALIZED

.data      0    00000338    00000050     UNINITIALIZED
                  00000338    00000026     nwk.obj (.data)
                  0000035e    00000009     mrfi.obj (.data)
                  00000367    00000001     bsp.obj (.data)
                  00000368    00000008     nwk_frame.obj (.data)
                  00000370    00000007     nwk_join.obj (.data)
                  00000377    00000001     nwk_api.obj (.data)
                  00000378    00000007     nwk_link.obj (.data)
                  0000037f    00000001     nwk_globals.obj (.data)
                  00000380    00000004     mrfi.obj (.data:mrfiRxFilterAddr)
                  00000384    00000003     nwk_mgmt.obj (.data)
                  00000387    00000001     nwk_ping.obj (.data)

.TI.persistent 
*          0    00000338    00000000     UNINITIALIZED

.stack     0    000003b0    00000050     UNINITIALIZED
                  000003b0    00000002     rts430_eabi.lib : boot.obj (.stack)
                  000003b2    0000004e     --HOLE--

.text      0    0000c000    00001ffc     
                  0000c000    000001d0     mrfi.obj (.text:MRFI_Init)
                  0000c1d0    00000198     nwk_link.obj (.text:smpl_send_link_reply)
                  0000c368    00000158     nwk_link.obj (.text:nwk_link)
                  0000c4c0    0000012a     nwk_QMgmt.obj (.text:nwk_QfindOldest)
                  0000c5ea    00000102     mrfi.obj (.text:MRFI_Transmit)
                  0000c6ec    000000fa     nwk_join.obj (.text:nwk_join)
                  0000c7e6    000000de     nwk.obj (.text:nwk_allocateLocalRxPort)
                  0000c8c4    000000d8     mrfi.obj (.text:Mrfi_SyncPinRxIsr)
                  0000c99c    000000b2     nwk_frame.obj (.text:nwk_retrieveFrame)
                  0000ca4e    000000b0     nwk_api.obj (.text:SMPL_Ioctl)
                  0000cafe    000000ae     nwk_frame.obj (.text:dispatchFrame)
                  0000cbac    0000009e     nwk_frame.obj (.text:nwk_buildFrame)
                  0000cc4a    0000009e     vlo_rand.obj (.text)
                  0000cce8    0000008c     mrfi.obj (.text:spiBurstFifoAccess)
                  0000cd74    00000086     nwk.obj (.text:nwk_nwkInit)
                  0000cdfa    00000084     main_tx.obj (.text:main)
                  0000ce7e    00000082     nwk_QMgmt.obj (.text:nwk_QfindSlot)
                  0000cf00    0000007e     nwk_api.obj (.text:SMPL_SendOpt)
                  0000cf7e    00000078     nwk_ioctl.obj (.text:nwk_radioControl)
                  0000cff6    0000006a     main_tx.obj (.text:createRandomAddress)
                  0000d060    00000068     nwk.obj (.text:nwk_isConnectionValid)
                  0000d0c8    0000005e     rts430_eabi.lib : copy_decompress_rle.obj (.text:__TI_decompress_rle_core)
                  0000d126    0000005e                     : autoinit.obj (.text:_auto_init)
                  0000d184    00000058     main_tx.obj (.text:Init_Addr)
                  0000d1dc    00000058     rts430_eabi.lib : div32u.obj (.text)
                  0000d234    00000054     nwk_ioctl.obj (.text:nwk_rawSend)
                  0000d288    00000050     nwk.obj (.text:nwk_getNextConnection)
                  0000d2d8    0000004e     mrfi.obj (.text:mrfiSpiCmdStrobe)
                  0000d326    0000004c     rts430_eabi.lib : lsr16.obj (.text)
                  0000d372    0000004a     main_tx.obj (.text:Init_UART)
                  0000d3bc    00000048     mrfi.obj (.text:spiRegAccess)
                  0000d404    00000046     mrfi.obj (.text:MRFI_RxAddrIsFiltered)
                  0000d44a    00000046     nwk.obj (.text:nwk_isLinkDuplicate)
                  0000d490    00000046     nwk_ping.obj (.text:smpl_send_ping_reply)
                  0000d4d6    00000044     mrfi.obj (.text:MRFI_Rssi)
                  0000d51a    00000042     main_tx.obj (.text:USCI0RX_ISR)
                  0000d55c    00000042     mrfi.obj (.text:mrfiSpiInit)
                  0000d59e    0000003e     nwk.obj (.text:initializeConnection)
                  0000d5dc    0000003c     mrfi.obj (.text:MRFI_ReplyDelay)
                  0000d618    0000003c     nwk.obj (.text:nwk_putNumObjectIntoMsg)
                  0000d654    0000003a     nwk.obj (.text:nwk_isValidReply)
                  0000d68e    0000003a     nwk_mgmt.obj (.text:nwk_processMgmt)
                  0000d6c8    00000036     mrfi.obj (.text:MRFI_WakeUp)
                  0000d6fe    00000036     rts430_eabi.lib : strstr.obj (.text:strstr)
                  0000d734    00000034     mrfi.obj (.text:MRFI_SetRFPwr)
                  0000d768    00000034     mrfi.obj (.text:MRFI_SetRxAddrFilter)
                  0000d79c    00000034     nwk_api.obj (.text:SMPL_Init)
                  0000d7d0    00000034     nwk_ioctl.obj (.text:nwk_deviceAddress)
                  0000d804    00000032     mrfi.obj (.text:MRFI_SetLogicalChannel)
                  0000d836    00000032     nwk_QMgmt.obj (.text:nwk_QadjustOrder)
                  0000d868    00000032     nwk.obj (.text:nwk_getConnInfo)
                  0000d89a    00000032     nwk_link.obj (.text:nwk_linkInit)
                  0000d8cc    00000030     mrfi.obj (.text:Mrfi_DelayUsecSem)
                  0000d8fc    00000030     nwk.obj (.text:map_lid2idx)
                  0000d92c    00000030     nwk_ioctl.obj (.text:nwk_rawReceive)
                  0000d95c    00000030     nwk_frame.obj (.text:nwk_sendFrame)
                  0000d98c    0000002e     mrfi.obj (.text:Mrfi_CalculateRssi)
                  0000d9ba    0000002c     mrfi.obj (.text:Mrfi_RxModeOff)
                  0000d9e6    0000002c     rts430_eabi.lib : div16s.obj (.text)
                  0000da12    0000002a     mrfi.obj (.text:Mrfi_DelayUsec)
                  0000da3c    0000002a     nwk.obj (.text:nwk_checkConnInfo)
                  0000da66    00000028     main_tx.obj (.text:USCI0TX_ISR)
                  0000da8e    00000028     nwk_ping.obj (.text:nwk_processPing)
                  0000dab6    00000026     mrfi.obj (.text:Mrfi_RandomBackoffDelay)
                  0000dadc    00000026     nwk_ioctl.obj (.text:nwk_connectionControl)
                  0000db02    00000026     nwk_globals.obj (.text:nwk_globalsInit)
                  0000db28    00000026     nwk_join.obj (.text:nwk_joinInit)
                  0000db4e    00000026     nwk_link.obj (.text:nwk_processLink)
                  0000db74    00000026     rts430_eabi.lib : mult32.obj (.text)
                  0000db9a    00000024     mrfi.obj (.text:MRFI_Sleep)
                  0000dbbe    00000022     mrfi.obj (.text:MRFI_EnableRxAddrFilter)
                  0000dbe0    00000022     mrfi.obj (.text:MRFI_RxOn)
                  0000dc02    00000022     rts430_eabi.lib : memcmp.obj (.text:memcmp)
                  0000dc24    00000020     bsp.obj (.text:BSP_Init)
                  0000dc44    00000020     bsp.obj (.text:BSP_InitBoard)
                  0000dc64    00000020     nwk_frame.obj (.text:MRFI_RxCompleteISR)
                  0000dc84    00000020     mrfi.obj (.text:MRFI_RxIdle)
                  0000dca4    00000020     nwk_link.obj (.text:handleLinkRequest)
                  0000dcc4    00000020     rts430_eabi.lib : memmov.obj (.text:memmove)
                  0000dce4    00000020     nwk_frame.obj (.text:nwk_frameInit)
                  0000dd04    00000020     nwk_join.obj (.text:nwk_processJoin)
                  0000dd24    0000001e     bsp.obj (.text:BSP_Delay)
                  0000dd42    0000001e     main_tx.obj (.text:Timer0A0)
                  0000dd60    0000001e     mrfi.obj (.text:mrfiSpiReadReg)
                  0000dd7e    0000001e     nwk_QMgmt.obj (.text:nwk_QInit)
                  0000dd9c    0000001c     mrfi.obj (.text:MRFI_GpioIsr)
                  0000ddb8    0000001c     nwk_globals.obj (.text:nwk_setMyAddress)
                  0000ddd4    0000001a     mrfi.obj (.text:BSP_GpioPort1Isr)
                  0000ddee    0000001a     rts430_eabi.lib : boot.obj (.text:_c_int00_noexit)
                  0000de08    0000001a     mrfi.obj (.text:mrfiSpiWriteReg)
                  0000de22    00000016     mrfi.obj (.text:MRFI_RandomByte)
                  0000de38    00000016     mrfi.obj (.text:Mrfi_RxModeOn)
                  0000de4e    00000016     rts430_eabi.lib : div16u.obj (.text)
                  0000de64    00000014                     : copy_zero_init.obj (.text:decompress:ZI:__TI_zero_init)
                  0000de78    00000014     nwk_api.obj (.text:ioctlPreInitAccessIsOK)
                  0000de8c    00000014     rts430_eabi.lib : memset.obj (.text:memset)
                  0000dea0    00000014                     : mult16.obj (.text)
                  0000deb4    00000012                     : copy_decompress_none.obj (.text:decompress:none:__TI_decompress_none)
                  0000dec6    00000012                     : memcpy.obj (.text:memcpy)
                  0000ded8    00000012     nwk_globals.obj (.text:nwk_getMyAddress)
                  0000deea    00000012     nwk_link.obj (.text:nwk_setLinkToken)
                  0000defc    00000010     rts430_eabi.lib : asr32.obj (.text:l_asr)
                  0000df0c    00000010                     : epilog.obj (.text)
                  0000df1c    0000000e     mrfi.obj (.text:MRFI_Receive)
                  0000df2a    0000000e     mrfi.obj (.text:mrfiSpiWriteTxFifo)
                  0000df38    0000000e     nwk.obj (.text:nwk_getNumObjectFromMsg)
                  0000df46    0000000e     nwk_globals.obj (.text:nwk_setAPAddress)
                  0000df54    0000000c     mrfi.obj (.text:MRFI_PostKillSem)
                  0000df60    0000000c     nwk_ping.obj (.text:handlePingRequest)
                  0000df6c    0000000c     mrfi.obj (.text:mrfiSpiReadRxFifo)
                  0000df78    0000000a     bsp.obj (.text:BSP_InitButtons)
                  0000df82    0000000a     bsp.obj (.text:BSP_InitDrivers)
                  0000df8c    0000000a     bsp.obj (.text:BSP_InitLeds)
                  0000df96    0000000a     bsp.obj (.text:_system_pre_init)
                  0000dfa0    0000000a     nwk_mgmt.obj (.text:nwk_mgmtInit)
                  0000dfaa    0000000a     nwk_ping.obj (.text:nwk_pingInit)
                  0000dfb4    00000008     nwk_api.obj (.text:SMPL_Send)
                  0000dfbc    00000006     mrfi.obj (.text:MRFI_GetRadioState)
                  0000dfc2    00000006     rts430_eabi.lib : isr_trap.obj (.text:__TI_ISR_TRAP)
                  0000dfc8    00000006                     : copy_decompress_rle.obj (.text:decompress:rle24:__TI_decompress_rle24)
                  0000dfce    00000006     nwk.obj (.text:nwk_freeConnection)
                  0000dfd4    00000006     nwk_globals.obj (.text:nwk_getBCastAddress)
                  0000dfda    00000006     nwk_globals.obj (.text:nwk_getFWVersion)
                  0000dfe0    00000006     nwk_frame.obj (.text:nwk_getMyRxType)
                  0000dfe6    00000006     nwk_globals.obj (.text:nwk_getProtocolVersion)
                  0000dfec    00000004     rts430_eabi.lib : exit.obj (.text:abort)
                  0000dff0    00000004     nwk_freq.obj (.text:nwk_processFreq)
                  0000dff4    00000004     nwk_security.obj (.text:nwk_processSecurity)
                  0000dff8    00000002     nwk_freq.obj (.text:nwk_freqInit)
                  0000dffa    00000002     nwk_security.obj (.text:nwk_securityInit)

.const     0    0000dffc    00000071     
                  0000dffc    0000003e     mrfi.obj (.const:mrfiRadioCfg)
                  0000e03a    0000000e     main_tx.obj (.const:.string:string1)
                  0000e048    0000000c     nwk_frame.obj (.const:func)
                  0000e054    00000009     nwk_globals.obj (.const)
                  0000e05d    00000001     --HOLE-- [fill = 0]
                  0000e05e    00000004     main_tx.obj (.const:.string)
                  0000e062    00000004     mrfi.obj (.const:.string:mrfiBroadcastAddr)
                  0000e066    00000004     mrfi.obj (.const:.string:mrfiLogicalChanTable)
                  0000e06a    00000003     mrfi.obj (.const:.string:mrfiRFPowerTable)

.cinit     0    0000e06e    00000020     
                  0000e06e    0000000e     (.cinit..data.load) [load image, compression = rle]
                  0000e07c    00000006     (__TI_handler_table)
                  0000e082    00000004     (.cinit..bss.load) [load image, compression = zero_init]
                  0000e086    00000008     (__TI_cinit_table)

PORT1      0    0000ffe4    00000002     
                  0000ffe4    00000002     rts430_eabi.lib : int02.obj (.int02)

PORT2      0    0000ffe6    00000002     
                  0000ffe6    00000002     mrfi.obj (.int03)

ADC10      0    0000ffea    00000002     
                  0000ffea    00000002     rts430_eabi.lib : int05.obj (.int05)

USCIAB0TX 
*          0    0000ffec    00000002     
                  0000ffec    00000002     main_tx.obj (.int06)

USCIAB0RX 
*          0    0000ffee    00000002     
                  0000ffee    00000002     main_tx.obj (.int07)

TIMER0_A1 
*          0    0000fff0    00000002     
                  0000fff0    00000002     rts430_eabi.lib : int08.obj (.int08)

TIMER0_A0 
*          0    0000fff2    00000002     
                  0000fff2    00000002     main_tx.obj (.int09)

WDT        0    0000fff4    00000002     
                  0000fff4    00000002     rts430_eabi.lib : int10.obj (.int10)

COMPARATORA 
*          0    0000fff6    00000002     
                  0000fff6    00000002     rts430_eabi.lib : int11.obj (.int11)

TIMER1_A1 
*          0    0000fff8    00000002     
                  0000fff8    00000002     rts430_eabi.lib : int12.obj (.int12)

TIMER1_A0 
*          0    0000fffa    00000002     
                  0000fffa    00000002     rts430_eabi.lib : int13.obj (.int13)

NMI        0    0000fffc    00000002     
                  0000fffc    00000002     rts430_eabi.lib : int14.obj (.int14)

.reset     0    0000fffe    00000002     
                  0000fffe    00000002     rts430_eabi.lib : boot.obj (.reset)


LINKER GENERATED COPY TABLES

__TI_cinit_table @ 0000e086 records: 2, size/record: 4, table size: 8
	.data: load addr=0000e06e, load size=0000000e bytes, run addr=00000338, run size=00000050 bytes, compression=rle
	.bss: load addr=0000e082, load size=00000004 bytes, run addr=00000200, run size=00000137 bytes, compression=zero_init


LINKER GENERATED HANDLER TABLE

__TI_handler_table @ 0000e07c records: 3, size/record: 2, table size: 6
	index: 0, handler: __TI_zero_init
	index: 1, handler: __TI_decompress_rle24
	index: 2, handler: __TI_decompress_none


GLOBAL SYMBOLS: SORTED ALPHABETICALLY BY Name 

address    name
--------   ----
0000004a   ADC10AE0
000001b0   ADC10CTL0
000001b2   ADC10CTL1
00000048   ADC10DTC0
00000049   ADC10DTC1
000001b4   ADC10MEM
000001bc   ADC10SA
00000057   BCSCTL1
00000058   BCSCTL2
00000053   BCSCTL3
0000dd24   BSP_Delay
0000ddd4   BSP_GpioPort1Isr
0000dc24   BSP_Init
0000dc44   BSP_InitBoard
0000df78   BSP_InitButtons
0000df82   BSP_InitDrivers
0000df8c   BSP_InitLeds
0000dfec   C$$EXIT
00000059   CACTL1
0000005a   CACTL2
000010fb   CALBC1_12MHZ
000010f9   CALBC1_16MHZ
000010ff   CALBC1_1MHZ
000010fd   CALBC1_8MHZ
000010fa   CALDCO_12MHZ
000010f8   CALDCO_16MHZ
000010fe   CALDCO_1MHZ
000010fc   CALDCO_8MHZ
0000005b   CAPD
00000056   DCOCTL
00000128   FCTL1
0000012a   FCTL2
0000012c   FCTL3
0000032e   Flash_Addr
00000000   IE1
00000001   IE2
00000002   IFG1
00000003   IFG2
0000d184   Init_Addr
0000d372   Init_UART
0000dbbe   MRFI_EnableRxAddrFilter
0000dfbc   MRFI_GetRadioState
0000dd9c   MRFI_GpioIsr
0000c000   MRFI_Init
0000df54   MRFI_PostKillSem
0000de22   MRFI_RandomByte
0000df1c   MRFI_Receive
0000d5dc   MRFI_ReplyDelay
0000d4d6   MRFI_Rssi
0000d404   MRFI_RxAddrIsFiltered
0000dc64   MRFI_RxCompleteISR
0000dc84   MRFI_RxIdle
0000dbe0   MRFI_RxOn
0000d804   MRFI_SetLogicalChannel
0000d734   MRFI_SetRFPwr
0000d768   MRFI_SetRxAddrFilter
0000db9a   MRFI_Sleep
0000c5ea   MRFI_Transmit
0000d6c8   MRFI_WakeUp
00000022   P1DIR
00000025   P1IE
00000024   P1IES
00000023   P1IFG
00000020   P1IN
00000021   P1OUT
00000027   P1REN
00000026   P1SEL
00000041   P1SEL2
0000002a   P2DIR
0000002d   P2IE
0000002c   P2IES
0000002b   P2IFG
00000028   P2IN
00000029   P2OUT
0000002f   P2REN
0000002e   P2SEL
00000042   P2SEL2
0000001a   P3DIR
00000018   P3IN
00000019   P3OUT
00000010   P3REN
0000001b   P3SEL
00000043   P3SEL2
0000d79c   SMPL_Init
0000ca4e   SMPL_Ioctl
0000c368   SMPL_Link
0000dfb4   SMPL_Send
0000cf00   SMPL_SendOpt
00000172   TA0CCR0
00000174   TA0CCR1
00000176   TA0CCR2
00000162   TA0CCTL0
00000164   TA0CCTL1
00000166   TA0CCTL2
00000160   TA0CTL
0000012e   TA0IV
00000170   TA0R
00000192   TA1CCR0
00000194   TA1CCR1
00000196   TA1CCR2
00000182   TA1CCTL0
00000184   TA1CCTL1
00000186   TA1CCTL2
00000180   TA1CTL
0000011e   TA1IV
00000190   TA1R
0000cc4a   TI_getRandomIntegerFromADC
0000cc72   TI_getRandomIntegerFromVLO
0000dd42   Timer0A0
0000005d   UCA0ABCTL
00000062   UCA0BR0
00000063   UCA0BR1
00000060   UCA0CTL0
00000061   UCA0CTL1
0000005f   UCA0IRRCTL
0000005e   UCA0IRTCTL
00000064   UCA0MCTL
00000066   UCA0RXBUF
00000065   UCA0STAT
00000067   UCA0TXBUF
0000006a   UCB0BR0
0000006b   UCB0BR1
00000068   UCB0CTL0
00000069   UCB0CTL1
0000006c   UCB0I2CIE
00000118   UCB0I2COA
0000011a   UCB0I2CSA
0000006e   UCB0RXBUF
0000006d   UCB0STAT
0000006f   UCB0TXBUF
0000d51a   USCI0RX_ISR
0000da66   USCI0TX_ISR
00000120   WDTCTL
00000400   __STACK_END
00000050   __STACK_SIZE
0000e086   __TI_CINIT_Base
0000e08e   __TI_CINIT_Limit
0000e07c   __TI_Handler_Table_Base
0000e082   __TI_Handler_Table_Limit
UNDEFED    __TI_INITARRAY_Base
UNDEFED    __TI_INITARRAY_Limit
0000dfc2   __TI_ISR_TRAP
00000001   __TI_args_main
0000deb4   __TI_decompress_none
0000dfc8   __TI_decompress_rle24
00000001   __TI_exit
0000ffe4   __TI_int02
0000ffe6   __TI_int03
0000ffea   __TI_int05
0000ffec   __TI_int06
0000ffee   __TI_int07
0000fff0   __TI_int08
0000fff2   __TI_int09
0000fff4   __TI_int10
0000fff6   __TI_int11
0000fff8   __TI_int12
0000fffa   __TI_int13
0000fffc   __TI_int14
0000de64   __TI_zero_init
ffffffff   __binit__
ffffffff   __c_args__
0000d9e6   __mspabi_divi
0000de4e   __mspabi_divu
0000d1dc   __mspabi_divul
0000df18   __mspabi_func_epilog_1
0000df16   __mspabi_func_epilog_2
0000df14   __mspabi_func_epilog_3
0000df12   __mspabi_func_epilog_4
0000df10   __mspabi_func_epilog_5
0000df0e   __mspabi_func_epilog_6
0000df0c   __mspabi_func_epilog_7
0000dea0   __mspabi_mpyi
0000db74   __mspabi_mpyl
0000d9e6   __mspabi_remi
0000de4e   __mspabi_remu
0000d1dc   __mspabi_remul
0000defc   __mspabi_sral
0000d326   __mspabi_srli
0000d36c   __mspabi_srli_1
0000d348   __mspabi_srli_10
0000d344   __mspabi_srli_11
0000d340   __mspabi_srli_12
0000d33c   __mspabi_srli_13
0000d338   __mspabi_srli_14
0000d334   __mspabi_srli_15
0000d368   __mspabi_srli_2
0000d364   __mspabi_srli_3
0000d360   __mspabi_srli_4
0000d35c   __mspabi_srli_5
0000d358   __mspabi_srli_6
0000d354   __mspabi_srli_7
0000d350   __mspabi_srli_8
0000d34c   __mspabi_srli_9
0000d126   _auto_init
0000ddee   _c_int00
0000ddee   _c_int00_noexit
0000fffe   _reset_vector
000003b0   _stack
0000df96   _system_pre_init
0000dfec   abort
ffffffff   binit
0000cff6   createRandomAddress
00000330   i
0000031e   lAddr
00000336   linkIDTemp
0000cdfa   main
0000dc02   memcmp
0000dec6   memcpy
0000dcc4   memmove
0000de8c   memset
0000e062   mrfiBroadcastAddr
0000d2d8   mrfiSpiCmdStrobe
0000d55c   mrfiSpiInit
0000dd60   mrfiSpiReadReg
0000df6c   mrfiSpiReadRxFifo
0000de08   mrfiSpiWriteReg
0000df2a   mrfiSpiWriteTxFifo
00000316   msg
00000332   msgLen
0000dd7e   nwk_QInit
0000d836   nwk_QadjustOrder
0000c4c0   nwk_QfindOldest
0000ce7e   nwk_QfindSlot
0000c7e6   nwk_allocateLocalRxPort
0000cbac   nwk_buildFrame
0000da3c   nwk_checkConnInfo
0000dadc   nwk_connectionControl
0000d7d0   nwk_deviceAddress
0000dce4   nwk_frameInit
0000dfce   nwk_freeConnection
0000dff8   nwk_freqInit
0000dfd4   nwk_getBCastAddress
0000d868   nwk_getConnInfo
0000dfda   nwk_getFWVersion
0000ded8   nwk_getMyAddress
0000dfe0   nwk_getMyRxType
0000d288   nwk_getNextConnection
0000df38   nwk_getNumObjectFromMsg
0000dfe6   nwk_getProtocolVersion
0000db02   nwk_globalsInit
0000d060   nwk_isConnectionValid
0000d44a   nwk_isLinkDuplicate
0000d654   nwk_isValidReply
0000c6ec   nwk_join
0000db28   nwk_joinInit
0000c368   nwk_link
0000d89a   nwk_linkInit
0000dfa0   nwk_mgmtInit
0000cd74   nwk_nwkInit
0000dfaa   nwk_pingInit
0000dff0   nwk_processFreq
0000dd04   nwk_processJoin
0000db4e   nwk_processLink
0000d68e   nwk_processMgmt
0000da8e   nwk_processPing
0000dff4   nwk_processSecurity
0000d618   nwk_putNumObjectIntoMsg
0000cf7e   nwk_radioControl
0000d92c   nwk_rawReceive
0000d234   nwk_rawSend
0000c99c   nwk_retrieveFrame
0000dffa   nwk_securityInit
0000d95c   nwk_sendFrame
0000df46   nwk_setAPAddress
0000deea   nwk_setLinkToken
0000ddb8   nwk_setMyAddress
0000032a   sensor
0000e03a   string1
0000d6fe   strstr
00000200   uartMsg


GLOBAL SYMBOLS: SORTED BY Symbol Address 

address    name
--------   ----
00000000   IE1
00000001   IE2
00000001   __TI_args_main
00000001   __TI_exit
00000002   IFG1
00000003   IFG2
00000010   P3REN
00000018   P3IN
00000019   P3OUT
0000001a   P3DIR
0000001b   P3SEL
00000020   P1IN
00000021   P1OUT
00000022   P1DIR
00000023   P1IFG
00000024   P1IES
00000025   P1IE
00000026   P1SEL
00000027   P1REN
00000028   P2IN
00000029   P2OUT
0000002a   P2DIR
0000002b   P2IFG
0000002c   P2IES
0000002d   P2IE
0000002e   P2SEL
0000002f   P2REN
00000041   P1SEL2
00000042   P2SEL2
00000043   P3SEL2
00000048   ADC10DTC0
00000049   ADC10DTC1
0000004a   ADC10AE0
00000050   __STACK_SIZE
00000053   BCSCTL3
00000056   DCOCTL
00000057   BCSCTL1
00000058   BCSCTL2
00000059   CACTL1
0000005a   CACTL2
0000005b   CAPD
0000005d   UCA0ABCTL
0000005e   UCA0IRTCTL
0000005f   UCA0IRRCTL
00000060   UCA0CTL0
00000061   UCA0CTL1
00000062   UCA0BR0
00000063   UCA0BR1
00000064   UCA0MCTL
00000065   UCA0STAT
00000066   UCA0RXBUF
00000067   UCA0TXBUF
00000068   UCB0CTL0
00000069   UCB0CTL1
0000006a   UCB0BR0
0000006b   UCB0BR1
0000006c   UCB0I2CIE
0000006d   UCB0STAT
0000006e   UCB0RXBUF
0000006f   UCB0TXBUF
00000118   UCB0I2COA
0000011a   UCB0I2CSA
0000011e   TA1IV
00000120   WDTCTL
00000128   FCTL1
0000012a   FCTL2
0000012c   FCTL3
0000012e   TA0IV
00000160   TA0CTL
00000162   TA0CCTL0
00000164   TA0CCTL1
00000166   TA0CCTL2
00000170   TA0R
00000172   TA0CCR0
00000174   TA0CCR1
00000176   TA0CCR2
00000180   TA1CTL
00000182   TA1CCTL0
00000184   TA1CCTL1
00000186   TA1CCTL2
00000190   TA1R
00000192   TA1CCR0
00000194   TA1CCR1
00000196   TA1CCR2
000001b0   ADC10CTL0
000001b2   ADC10CTL1
000001b4   ADC10MEM
000001bc   ADC10SA
00000200   uartMsg
00000316   msg
0000031e   lAddr
0000032a   sensor
0000032e   Flash_Addr
00000330   i
00000332   msgLen
00000336   linkIDTemp
000003b0   _stack
00000400   __STACK_END
000010f8   CALDCO_16MHZ
000010f9   CALBC1_16MHZ
000010fa   CALDCO_12MHZ
000010fb   CALBC1_12MHZ
000010fc   CALDCO_8MHZ
000010fd   CALBC1_8MHZ
000010fe   CALDCO_1MHZ
000010ff   CALBC1_1MHZ
0000c000   MRFI_Init
0000c368   SMPL_Link
0000c368   nwk_link
0000c4c0   nwk_QfindOldest
0000c5ea   MRFI_Transmit
0000c6ec   nwk_join
0000c7e6   nwk_allocateLocalRxPort
0000c99c   nwk_retrieveFrame
0000ca4e   SMPL_Ioctl
0000cbac   nwk_buildFrame
0000cc4a   TI_getRandomIntegerFromADC
0000cc72   TI_getRandomIntegerFromVLO
0000cd74   nwk_nwkInit
0000cdfa   main
0000ce7e   nwk_QfindSlot
0000cf00   SMPL_SendOpt
0000cf7e   nwk_radioControl
0000cff6   createRandomAddress
0000d060   nwk_isConnectionValid
0000d126   _auto_init
0000d184   Init_Addr
0000d1dc   __mspabi_divul
0000d1dc   __mspabi_remul
0000d234   nwk_rawSend
0000d288   nwk_getNextConnection
0000d2d8   mrfiSpiCmdStrobe
0000d326   __mspabi_srli
0000d334   __mspabi_srli_15
0000d338   __mspabi_srli_14
0000d33c   __mspabi_srli_13
0000d340   __mspabi_srli_12
0000d344   __mspabi_srli_11
0000d348   __mspabi_srli_10
0000d34c   __mspabi_srli_9
0000d350   __mspabi_srli_8
0000d354   __mspabi_srli_7
0000d358   __mspabi_srli_6
0000d35c   __mspabi_srli_5
0000d360   __mspabi_srli_4
0000d364   __mspabi_srli_3
0000d368   __mspabi_srli_2
0000d36c   __mspabi_srli_1
0000d372   Init_UART
0000d404   MRFI_RxAddrIsFiltered
0000d44a   nwk_isLinkDuplicate
0000d4d6   MRFI_Rssi
0000d51a   USCI0RX_ISR
0000d55c   mrfiSpiInit
0000d5dc   MRFI_ReplyDelay
0000d618   nwk_putNumObjectIntoMsg
0000d654   nwk_isValidReply
0000d68e   nwk_processMgmt
0000d6c8   MRFI_WakeUp
0000d6fe   strstr
0000d734   MRFI_SetRFPwr
0000d768   MRFI_SetRxAddrFilter
0000d79c   SMPL_Init
0000d7d0   nwk_deviceAddress
0000d804   MRFI_SetLogicalChannel
0000d836   nwk_QadjustOrder
0000d868   nwk_getConnInfo
0000d89a   nwk_linkInit
0000d92c   nwk_rawReceive
0000d95c   nwk_sendFrame
0000d9e6   __mspabi_divi
0000d9e6   __mspabi_remi
0000da3c   nwk_checkConnInfo
0000da66   USCI0TX_ISR
0000da8e   nwk_processPing
0000dadc   nwk_connectionControl
0000db02   nwk_globalsInit
0000db28   nwk_joinInit
0000db4e   nwk_processLink
0000db74   __mspabi_mpyl
0000db9a   MRFI_Sleep
0000dbbe   MRFI_EnableRxAddrFilter
0000dbe0   MRFI_RxOn
0000dc02   memcmp
0000dc24   BSP_Init
0000dc44   BSP_InitBoard
0000dc64   MRFI_RxCompleteISR
0000dc84   MRFI_RxIdle
0000dcc4   memmove
0000dce4   nwk_frameInit
0000dd04   nwk_processJoin
0000dd24   BSP_Delay
0000dd42   Timer0A0
0000dd60   mrfiSpiReadReg
0000dd7e   nwk_QInit
0000dd9c   MRFI_GpioIsr
0000ddb8   nwk_setMyAddress
0000ddd4   BSP_GpioPort1Isr
0000ddee   _c_int00
0000ddee   _c_int00_noexit
0000de08   mrfiSpiWriteReg
0000de22   MRFI_RandomByte
0000de4e   __mspabi_divu
0000de4e   __mspabi_remu
0000de64   __TI_zero_init
0000de8c   memset
0000dea0   __mspabi_mpyi
0000deb4   __TI_decompress_none
0000dec6   memcpy
0000ded8   nwk_getMyAddress
0000deea   nwk_setLinkToken
0000defc   __mspabi_sral
0000df0c   __mspabi_func_epilog_7
0000df0e   __mspabi_func_epilog_6
0000df10   __mspabi_func_epilog_5
0000df12   __mspabi_func_epilog_4
0000df14   __mspabi_func_epilog_3
0000df16   __mspabi_func_epilog_2
0000df18   __mspabi_func_epilog_1
0000df1c   MRFI_Receive
0000df2a   mrfiSpiWriteTxFifo
0000df38   nwk_getNumObjectFromMsg
0000df46   nwk_setAPAddress
0000df54   MRFI_PostKillSem
0000df6c   mrfiSpiReadRxFifo
0000df78   BSP_InitButtons
0000df82   BSP_InitDrivers
0000df8c   BSP_InitLeds
0000df96   _system_pre_init
0000dfa0   nwk_mgmtInit
0000dfaa   nwk_pingInit
0000dfb4   SMPL_Send
0000dfbc   MRFI_GetRadioState
0000dfc2   __TI_ISR_TRAP
0000dfc8   __TI_decompress_rle24
0000dfce   nwk_freeConnection
0000dfd4   nwk_getBCastAddress
0000dfda   nwk_getFWVersion
0000dfe0   nwk_getMyRxType
0000dfe6   nwk_getProtocolVersion
0000dfec   C$$EXIT
0000dfec   abort
0000dff0   nwk_processFreq
0000dff4   nwk_processSecurity
0000dff8   nwk_freqInit
0000dffa   nwk_securityInit
0000e03a   string1
0000e062   mrfiBroadcastAddr
0000e07c   __TI_Handler_Table_Base
0000e082   __TI_Handler_Table_Limit
0000e086   __TI_CINIT_Base
0000e08e   __TI_CINIT_Limit
0000ffe4   __TI_int02
0000ffe6   __TI_int03
0000ffea   __TI_int05
0000ffec   __TI_int06
0000ffee   __TI_int07
0000fff0   __TI_int08
0000fff2   __TI_int09
0000fff4   __TI_int10
0000fff6   __TI_int11
0000fff8   __TI_int12
0000fffa   __TI_int13
0000fffc   __TI_int14
0000fffe   _reset_vector
ffffffff   __binit__
ffffffff   __c_args__
ffffffff   binit
UNDEFED    __TI_INITARRAY_Base
UNDEFED    __TI_INITARRAY_Limit

[270 symbols]
