******************************************************************************
                  MSP430 Linker PC v4.2.1                      
******************************************************************************
>> Linked Tue Apr 08 18:28:16 2014

OUTPUT FILE NAME:   <MSP430_LP.out>
ENTRY POINT SYMBOL: "_c_int00"  address: 0000ddae


MEMORY CONFIGURATION

         name            origin    length      used     unused   attr    fill
----------------------  --------  ---------  --------  --------  ----  --------
  SFR                   00000000   00000010  00000000  00000010  RWIX
  PERIPHERALS_8BIT      00000010   000000f0  00000000  000000f0  RWIX
  PERIPHERALS_16BIT     00000100   00000100  00000000  00000100  RWIX
  RAM                   00000200   00000200  0000014b  000000b5  RWIX
  INFOD                 00001000   00000040  00000000  00000040  RWIX
  INFOC                 00001040   00000040  00000000  00000040  RWIX
  INFOB                 00001080   00000040  00000000  00000040  RWIX
  INFOA                 000010c0   00000040  00000000  00000040  RWIX
  FLASH                 0000c000   00003fe0  00002045  00001f9b  RWIX
  INT00                 0000ffe0   00000002  00000000  00000002  RWIX
  INT01                 0000ffe2   00000002  00000000  00000002  RWIX
  INT02                 0000ffe4   00000002  00000002  00000000  RWIX
  INT03                 0000ffe6   00000002  00000002  00000000  RWIX
  INT04                 0000ffe8   00000002  00000000  00000002  RWIX
  INT05                 0000ffea   00000002  00000002  00000000  RWIX
  INT06                 0000ffec   00000002  00000002  00000000  RWIX
  INT07                 0000ffee   00000002  00000002  00000000  RWIX
  INT08                 0000fff0   00000002  00000002  00000000  RWIX
  INT09                 0000fff2   00000002  00000002  00000000  RWIX
  INT10                 0000fff4   00000002  00000002  00000000  RWIX
  INT11                 0000fff6   00000002  00000002  00000000  RWIX
  INT12                 0000fff8   00000002  00000002  00000000  RWIX
  INT13                 0000fffa   00000002  00000002  00000000  RWIX
  INT14                 0000fffc   00000002  00000002  00000000  RWIX
  RESET                 0000fffe   00000002  00000002  00000000  RWIX


SECTION ALLOCATION MAP

 output                                  attributes/
section   page    origin      length       input sections
--------  ----  ----------  ----------   ----------------
.init_array 
*          0    0000c000    00000000     UNINITIALIZED

.bss       0    00000200    000000ab     UNINITIALIZED
                  00000200    00000034     (.common:sInFrameQ)
                  00000234    00000034     (.common:sOutFrameQ)
                  00000268    00000018     (.common:mrfiIncomingPacket)
                  00000280    00000014     (.common:uartMsg)
                  00000294    00000004     (.common:lAddr)
                  00000298    00000004     (.common:sAPAddress)
                  0000029c    00000004     (.common:sMyRAMAddress)
                  000002a0    00000004     (.common:sensor)
                  000002a4    00000002     (.common:Flash_Addr)
                  000002a6    00000002     (.common:i)
                  000002a8    00000002     (.common:sServiceLinkID)
                  000002aa    00000001     (.common:linkIDTemp)

.TI.noinit 
*          0    00000200    00000000     UNINITIALIZED

.data      0    000002ac    00000050     UNINITIALIZED
                  000002ac    00000026     nwk.obj (.data)
                  000002d2    00000009     mrfi.obj (.data)
                  000002db    00000001     bsp.obj (.data)
                  000002dc    00000008     nwk_frame.obj (.data)
                  000002e4    00000007     nwk_join.obj (.data)
                  000002eb    00000001     nwk_api.obj (.data)
                  000002ec    00000007     nwk_link.obj (.data)
                  000002f3    00000001     nwk_globals.obj (.data)
                  000002f4    00000004     mrfi.obj (.data:mrfiRxFilterAddr)
                  000002f8    00000003     nwk_mgmt.obj (.data)
                  000002fb    00000001     nwk_ping.obj (.data)

.TI.persistent 
*          0    000002ac    00000000     UNINITIALIZED

.stack     0    000003b0    00000050     UNINITIALIZED
                  000003b0    00000002     rts430_eabi.lib : boot.obj (.stack)
                  000003b2    0000004e     --HOLE--

.text      0    0000c000    00001fbc     
                  0000c000    000001d0     mrfi.obj (.text:MRFI_Init)
                  0000c1d0    00000198     nwk_link.obj (.text:smpl_send_link_reply)
                  0000c368    00000158     nwk_link.obj (.text:nwk_link)
                  0000c4c0    0000012a     nwk_QMgmt.obj (.text:nwk_QfindOldest)
                  0000c5ea    00000102     mrfi.obj (.text:MRFI_Transmit)
                  0000c6ec    000000fa     nwk_join.obj (.text:nwk_join)
                  0000c7e6    000000de     nwk.obj (.text:nwk_allocateLocalRxPort)
                  0000c8c4    000000d8     mrfi.obj (.text:Mrfi_SyncPinRxIsr)
                  0000c99c    000000b2     nwk_frame.obj (.text:nwk_retrieveFrame)
                  0000ca4e    000000b0     nwk_api.obj (.text:SMPL_Ioctl)
                  0000cafe    000000ae     nwk_frame.obj (.text:dispatchFrame)
                  0000cbac    0000009e     nwk_frame.obj (.text:nwk_buildFrame)
                  0000cc4a    0000009e     vlo_rand.obj (.text)
                  0000cce8    0000008c     mrfi.obj (.text:spiBurstFifoAccess)
                  0000cd74    00000086     nwk.obj (.text:nwk_nwkInit)
                  0000cdfa    00000082     nwk_QMgmt.obj (.text:nwk_QfindSlot)
                  0000ce7c    0000007e     nwk_api.obj (.text:SMPL_SendOpt)
                  0000cefa    00000078     nwk_ioctl.obj (.text:nwk_radioControl)
                  0000cf72    00000072     main_tx.obj (.text:main)
                  0000cfe4    0000006a     main_tx.obj (.text:createRandomAddress)
                  0000d04e    00000068     nwk.obj (.text:nwk_isConnectionValid)
                  0000d0b6    0000005e     rts430_eabi.lib : copy_decompress_rle.obj (.text:__TI_decompress_rle_core)
                  0000d114    0000005e                     : autoinit.obj (.text:_auto_init)
                  0000d172    00000058     main_tx.obj (.text:Init_Addr)
                  0000d1ca    00000058     rts430_eabi.lib : div32u.obj (.text)
                  0000d222    00000054     nwk_ioctl.obj (.text:nwk_rawSend)
                  0000d276    00000050     nwk.obj (.text:nwk_getNextConnection)
                  0000d2c6    0000004e     mrfi.obj (.text:mrfiSpiCmdStrobe)
                  0000d314    0000004c     rts430_eabi.lib : lsr16.obj (.text)
                  0000d360    0000004a     main_tx.obj (.text:Init_UART)
                  0000d3aa    00000048     mrfi.obj (.text:spiRegAccess)
                  0000d3f2    00000046     mrfi.obj (.text:MRFI_RxAddrIsFiltered)
                  0000d438    00000046     nwk.obj (.text:nwk_isLinkDuplicate)
                  0000d47e    00000046     nwk_ping.obj (.text:smpl_send_ping_reply)
                  0000d4c4    00000044     mrfi.obj (.text:MRFI_Rssi)
                  0000d508    00000042     mrfi.obj (.text:mrfiSpiInit)
                  0000d54a    0000003e     nwk.obj (.text:initializeConnection)
                  0000d588    0000003c     mrfi.obj (.text:MRFI_ReplyDelay)
                  0000d5c4    0000003c     main_tx.obj (.text:USCI0RX_ISR)
                  0000d600    0000003c     nwk.obj (.text:nwk_putNumObjectIntoMsg)
                  0000d63c    0000003a     nwk.obj (.text:nwk_isValidReply)
                  0000d676    0000003a     nwk_mgmt.obj (.text:nwk_processMgmt)
                  0000d6b0    00000036     mrfi.obj (.text:MRFI_WakeUp)
                  0000d6e6    00000036     rts430_eabi.lib : strstr.obj (.text:strstr)
                  0000d71c    00000034     mrfi.obj (.text:MRFI_SetRFPwr)
                  0000d750    00000034     mrfi.obj (.text:MRFI_SetRxAddrFilter)
                  0000d784    00000034     nwk_api.obj (.text:SMPL_Init)
                  0000d7b8    00000034     nwk_ioctl.obj (.text:nwk_deviceAddress)
                  0000d7ec    00000032     mrfi.obj (.text:MRFI_SetLogicalChannel)
                  0000d81e    00000032     nwk_QMgmt.obj (.text:nwk_QadjustOrder)
                  0000d850    00000032     nwk.obj (.text:nwk_getConnInfo)
                  0000d882    00000032     nwk_link.obj (.text:nwk_linkInit)
                  0000d8b4    00000030     mrfi.obj (.text:Mrfi_DelayUsecSem)
                  0000d8e4    00000030     nwk.obj (.text:map_lid2idx)
                  0000d914    00000030     nwk_ioctl.obj (.text:nwk_rawReceive)
                  0000d944    00000030     nwk_frame.obj (.text:nwk_sendFrame)
                  0000d974    0000002e     mrfi.obj (.text:Mrfi_CalculateRssi)
                  0000d9a2    0000002c     mrfi.obj (.text:Mrfi_RxModeOff)
                  0000d9ce    0000002c     rts430_eabi.lib : div16s.obj (.text)
                  0000d9fa    0000002a     mrfi.obj (.text:Mrfi_DelayUsec)
                  0000da24    0000002a     nwk.obj (.text:nwk_checkConnInfo)
                  0000da4e    00000028     nwk_ping.obj (.text:nwk_processPing)
                  0000da76    00000026     mrfi.obj (.text:Mrfi_RandomBackoffDelay)
                  0000da9c    00000026     nwk_ioctl.obj (.text:nwk_connectionControl)
                  0000dac2    00000026     nwk_globals.obj (.text:nwk_globalsInit)
                  0000dae8    00000026     nwk_join.obj (.text:nwk_joinInit)
                  0000db0e    00000026     nwk_link.obj (.text:nwk_processLink)
                  0000db34    00000026     rts430_eabi.lib : mult32.obj (.text)
                  0000db5a    00000024     mrfi.obj (.text:MRFI_Sleep)
                  0000db7e    00000022     mrfi.obj (.text:MRFI_EnableRxAddrFilter)
                  0000dba0    00000022     mrfi.obj (.text:MRFI_RxOn)
                  0000dbc2    00000022     rts430_eabi.lib : memcmp.obj (.text:memcmp)
                  0000dbe4    00000020     bsp.obj (.text:BSP_Init)
                  0000dc04    00000020     bsp.obj (.text:BSP_InitBoard)
                  0000dc24    00000020     nwk_frame.obj (.text:MRFI_RxCompleteISR)
                  0000dc44    00000020     mrfi.obj (.text:MRFI_RxIdle)
                  0000dc64    00000020     nwk_link.obj (.text:handleLinkRequest)
                  0000dc84    00000020     rts430_eabi.lib : memmov.obj (.text:memmove)
                  0000dca4    00000020     nwk_frame.obj (.text:nwk_frameInit)
                  0000dcc4    00000020     nwk_join.obj (.text:nwk_processJoin)
                  0000dce4    0000001e     bsp.obj (.text:BSP_Delay)
                  0000dd02    0000001e     main_tx.obj (.text:Timer0A0)
                  0000dd20    0000001e     mrfi.obj (.text:mrfiSpiReadReg)
                  0000dd3e    0000001e     nwk_QMgmt.obj (.text:nwk_QInit)
                  0000dd5c    0000001c     mrfi.obj (.text:MRFI_GpioIsr)
                  0000dd78    0000001c     nwk_globals.obj (.text:nwk_setMyAddress)
                  0000dd94    0000001a     mrfi.obj (.text:BSP_GpioPort1Isr)
                  0000ddae    0000001a     rts430_eabi.lib : boot.obj (.text:_c_int00_noexit)
                  0000ddc8    0000001a     mrfi.obj (.text:mrfiSpiWriteReg)
                  0000dde2    00000016     mrfi.obj (.text:MRFI_RandomByte)
                  0000ddf8    00000016     mrfi.obj (.text:Mrfi_RxModeOn)
                  0000de0e    00000016     rts430_eabi.lib : div16u.obj (.text)
                  0000de24    00000014                     : copy_zero_init.obj (.text:decompress:ZI:__TI_zero_init)
                  0000de38    00000014     nwk_api.obj (.text:ioctlPreInitAccessIsOK)
                  0000de4c    00000014     rts430_eabi.lib : memset.obj (.text:memset)
                  0000de60    00000014                     : mult16.obj (.text)
                  0000de74    00000012                     : copy_decompress_none.obj (.text:decompress:none:__TI_decompress_none)
                  0000de86    00000012                     : memcpy.obj (.text:memcpy)
                  0000de98    00000012     nwk_globals.obj (.text:nwk_getMyAddress)
                  0000deaa    00000012     nwk_link.obj (.text:nwk_setLinkToken)
                  0000debc    00000010     rts430_eabi.lib : asr32.obj (.text:l_asr)
                  0000decc    00000010                     : epilog.obj (.text)
                  0000dedc    0000000e     mrfi.obj (.text:MRFI_Receive)
                  0000deea    0000000e     mrfi.obj (.text:mrfiSpiWriteTxFifo)
                  0000def8    0000000e     nwk.obj (.text:nwk_getNumObjectFromMsg)
                  0000df06    0000000e     nwk_globals.obj (.text:nwk_setAPAddress)
                  0000df14    0000000c     mrfi.obj (.text:MRFI_PostKillSem)
                  0000df20    0000000c     nwk_ping.obj (.text:handlePingRequest)
                  0000df2c    0000000c     mrfi.obj (.text:mrfiSpiReadRxFifo)
                  0000df38    0000000a     bsp.obj (.text:BSP_InitButtons)
                  0000df42    0000000a     bsp.obj (.text:BSP_InitDrivers)
                  0000df4c    0000000a     bsp.obj (.text:BSP_InitLeds)
                  0000df56    0000000a     bsp.obj (.text:_system_pre_init)
                  0000df60    0000000a     nwk_mgmt.obj (.text:nwk_mgmtInit)
                  0000df6a    0000000a     nwk_ping.obj (.text:nwk_pingInit)
                  0000df74    00000008     nwk_api.obj (.text:SMPL_Send)
                  0000df7c    00000006     mrfi.obj (.text:MRFI_GetRadioState)
                  0000df82    00000006     rts430_eabi.lib : isr_trap.obj (.text:__TI_ISR_TRAP)
                  0000df88    00000006                     : copy_decompress_rle.obj (.text:decompress:rle24:__TI_decompress_rle24)
                  0000df8e    00000006     nwk.obj (.text:nwk_freeConnection)
                  0000df94    00000006     nwk_globals.obj (.text:nwk_getBCastAddress)
                  0000df9a    00000006     nwk_globals.obj (.text:nwk_getFWVersion)
                  0000dfa0    00000006     nwk_frame.obj (.text:nwk_getMyRxType)
                  0000dfa6    00000006     nwk_globals.obj (.text:nwk_getProtocolVersion)
                  0000dfac    00000004     rts430_eabi.lib : exit.obj (.text:abort)
                  0000dfb0    00000004     nwk_freq.obj (.text:nwk_processFreq)
                  0000dfb4    00000004     nwk_security.obj (.text:nwk_processSecurity)
                  0000dfb8    00000002     nwk_freq.obj (.text:nwk_freqInit)
                  0000dfba    00000002     nwk_security.obj (.text:nwk_securityInit)

.const     0    0000dfbc    00000069     
                  0000dfbc    0000003e     mrfi.obj (.const:mrfiRadioCfg)
                  0000dffa    0000000c     nwk_frame.obj (.const:func)
                  0000e006    00000009     nwk_globals.obj (.const)
                  0000e00f    00000001     --HOLE-- [fill = 0]
                  0000e010    00000005     main_tx.obj (.const:.string:$P$T0$1)
                  0000e015    00000001     --HOLE-- [fill = 0]
                  0000e016    00000004     main_tx.obj (.const:.string)
                  0000e01a    00000004     mrfi.obj (.const:.string:mrfiBroadcastAddr)
                  0000e01e    00000004     mrfi.obj (.const:.string:mrfiLogicalChanTable)
                  0000e022    00000003     mrfi.obj (.const:.string:mrfiRFPowerTable)

.cinit     0    0000e026    00000020     
                  0000e026    0000000e     (.cinit..data.load) [load image, compression = rle]
                  0000e034    00000006     (__TI_handler_table)
                  0000e03a    00000004     (.cinit..bss.load) [load image, compression = zero_init]
                  0000e03e    00000008     (__TI_cinit_table)

PORT1      0    0000ffe4    00000002     
                  0000ffe4    00000002     rts430_eabi.lib : int02.obj (.int02)

PORT2      0    0000ffe6    00000002     
                  0000ffe6    00000002     mrfi.obj (.int03)

ADC10      0    0000ffea    00000002     
                  0000ffea    00000002     rts430_eabi.lib : int05.obj (.int05)

USCIAB0TX 
*          0    0000ffec    00000002     
                  0000ffec    00000002     rts430_eabi.lib : int06.obj (.int06)

USCIAB0RX 
*          0    0000ffee    00000002     
                  0000ffee    00000002     main_tx.obj (.int07)

TIMER0_A1 
*          0    0000fff0    00000002     
                  0000fff0    00000002     rts430_eabi.lib : int08.obj (.int08)

TIMER0_A0 
*          0    0000fff2    00000002     
                  0000fff2    00000002     main_tx.obj (.int09)

WDT        0    0000fff4    00000002     
                  0000fff4    00000002     rts430_eabi.lib : int10.obj (.int10)

COMPARATORA 
*          0    0000fff6    00000002     
                  0000fff6    00000002     rts430_eabi.lib : int11.obj (.int11)

TIMER1_A1 
*          0    0000fff8    00000002     
                  0000fff8    00000002     rts430_eabi.lib : int12.obj (.int12)

TIMER1_A0 
*          0    0000fffa    00000002     
                  0000fffa    00000002     rts430_eabi.lib : int13.obj (.int13)

NMI        0    0000fffc    00000002     
                  0000fffc    00000002     rts430_eabi.lib : int14.obj (.int14)

.reset     0    0000fffe    00000002     
                  0000fffe    00000002     rts430_eabi.lib : boot.obj (.reset)


LINKER GENERATED COPY TABLES

__TI_cinit_table @ 0000e03e records: 2, size/record: 4, table size: 8
	.data: load addr=0000e026, load size=0000000e bytes, run addr=000002ac, run size=00000050 bytes, compression=rle
	.bss: load addr=0000e03a, load size=00000004 bytes, run addr=00000200, run size=000000ab bytes, compression=zero_init


LINKER GENERATED HANDLER TABLE

__TI_handler_table @ 0000e034 records: 3, size/record: 2, table size: 6
	index: 0, handler: __TI_zero_init
	index: 1, handler: __TI_decompress_rle24
	index: 2, handler: __TI_decompress_none


GLOBAL SYMBOLS: SORTED ALPHABETICALLY BY Name 

address    name
--------   ----
0000004a   ADC10AE0
000001b0   ADC10CTL0
000001b2   ADC10CTL1
00000048   ADC10DTC0
00000049   ADC10DTC1
000001b4   ADC10MEM
000001bc   ADC10SA
00000057   BCSCTL1
00000058   BCSCTL2
00000053   BCSCTL3
0000dce4   BSP_Delay
0000dd94   BSP_GpioPort1Isr
0000dbe4   BSP_Init
0000dc04   BSP_InitBoard
0000df38   BSP_InitButtons
0000df42   BSP_InitDrivers
0000df4c   BSP_InitLeds
0000dfac   C$$EXIT
00000059   CACTL1
0000005a   CACTL2
000010fb   CALBC1_12MHZ
000010f9   CALBC1_16MHZ
000010ff   CALBC1_1MHZ
000010fd   CALBC1_8MHZ
000010fa   CALDCO_12MHZ
000010f8   CALDCO_16MHZ
000010fe   CALDCO_1MHZ
000010fc   CALDCO_8MHZ
0000005b   CAPD
00000056   DCOCTL
00000128   FCTL1
0000012a   FCTL2
0000012c   FCTL3
000002a4   Flash_Addr
00000000   IE1
00000001   IE2
00000002   IFG1
00000003   IFG2
0000d172   Init_Addr
0000d360   Init_UART
0000db7e   MRFI_EnableRxAddrFilter
0000df7c   MRFI_GetRadioState
0000dd5c   MRFI_GpioIsr
0000c000   MRFI_Init
0000df14   MRFI_PostKillSem
0000dde2   MRFI_RandomByte
0000dedc   MRFI_Receive
0000d588   MRFI_ReplyDelay
0000d4c4   MRFI_Rssi
0000d3f2   MRFI_RxAddrIsFiltered
0000dc24   MRFI_RxCompleteISR
0000dc44   MRFI_RxIdle
0000dba0   MRFI_RxOn
0000d7ec   MRFI_SetLogicalChannel
0000d71c   MRFI_SetRFPwr
0000d750   MRFI_SetRxAddrFilter
0000db5a   MRFI_Sleep
0000c5ea   MRFI_Transmit
0000d6b0   MRFI_WakeUp
00000022   P1DIR
00000025   P1IE
00000024   P1IES
00000023   P1IFG
00000020   P1IN
00000021   P1OUT
00000027   P1REN
00000026   P1SEL
00000041   P1SEL2
0000002a   P2DIR
0000002d   P2IE
0000002c   P2IES
0000002b   P2IFG
00000028   P2IN
00000029   P2OUT
0000002f   P2REN
0000002e   P2SEL
00000042   P2SEL2
0000001a   P3DIR
00000018   P3IN
00000019   P3OUT
00000010   P3REN
0000001b   P3SEL
00000043   P3SEL2
0000d784   SMPL_Init
0000ca4e   SMPL_Ioctl
0000c368   SMPL_Link
0000df74   SMPL_Send
0000ce7c   SMPL_SendOpt
00000172   TA0CCR0
00000174   TA0CCR1
00000176   TA0CCR2
00000162   TA0CCTL0
00000164   TA0CCTL1
00000166   TA0CCTL2
00000160   TA0CTL
0000012e   TA0IV
00000170   TA0R
00000192   TA1CCR0
00000194   TA1CCR1
00000196   TA1CCR2
00000182   TA1CCTL0
00000184   TA1CCTL1
00000186   TA1CCTL2
00000180   TA1CTL
0000011e   TA1IV
00000190   TA1R
0000cc4a   TI_getRandomIntegerFromADC
0000cc72   TI_getRandomIntegerFromVLO
0000dd02   Timer0A0
0000005d   UCA0ABCTL
00000062   UCA0BR0
00000063   UCA0BR1
00000060   UCA0CTL0
00000061   UCA0CTL1
0000005f   UCA0IRRCTL
0000005e   UCA0IRTCTL
00000064   UCA0MCTL
00000066   UCA0RXBUF
00000065   UCA0STAT
00000067   UCA0TXBUF
0000006a   UCB0BR0
0000006b   UCB0BR1
00000068   UCB0CTL0
00000069   UCB0CTL1
0000006c   UCB0I2CIE
00000118   UCB0I2COA
0000011a   UCB0I2CSA
0000006e   UCB0RXBUF
0000006d   UCB0STAT
0000006f   UCB0TXBUF
0000d5c4   USCI0RX_ISR
00000120   WDTCTL
00000400   __STACK_END
00000050   __STACK_SIZE
0000e03e   __TI_CINIT_Base
0000e046   __TI_CINIT_Limit
0000e034   __TI_Handler_Table_Base
0000e03a   __TI_Handler_Table_Limit
UNDEFED    __TI_INITARRAY_Base
UNDEFED    __TI_INITARRAY_Limit
0000df82   __TI_ISR_TRAP
00000001   __TI_args_main
0000de74   __TI_decompress_none
0000df88   __TI_decompress_rle24
00000001   __TI_exit
0000ffe4   __TI_int02
0000ffe6   __TI_int03
0000ffea   __TI_int05
0000ffec   __TI_int06
0000ffee   __TI_int07
0000fff0   __TI_int08
0000fff2   __TI_int09
0000fff4   __TI_int10
0000fff6   __TI_int11
0000fff8   __TI_int12
0000fffa   __TI_int13
0000fffc   __TI_int14
0000de24   __TI_zero_init
ffffffff   __binit__
ffffffff   __c_args__
0000d9ce   __mspabi_divi
0000de0e   __mspabi_divu
0000d1ca   __mspabi_divul
0000ded8   __mspabi_func_epilog_1
0000ded6   __mspabi_func_epilog_2
0000ded4   __mspabi_func_epilog_3
0000ded2   __mspabi_func_epilog_4
0000ded0   __mspabi_func_epilog_5
0000dece   __mspabi_func_epilog_6
0000decc   __mspabi_func_epilog_7
0000de60   __mspabi_mpyi
0000db34   __mspabi_mpyl
0000d9ce   __mspabi_remi
0000de0e   __mspabi_remu
0000d1ca   __mspabi_remul
0000debc   __mspabi_sral
0000d314   __mspabi_srli
0000d35a   __mspabi_srli_1
0000d336   __mspabi_srli_10
0000d332   __mspabi_srli_11
0000d32e   __mspabi_srli_12
0000d32a   __mspabi_srli_13
0000d326   __mspabi_srli_14
0000d322   __mspabi_srli_15
0000d356   __mspabi_srli_2
0000d352   __mspabi_srli_3
0000d34e   __mspabi_srli_4
0000d34a   __mspabi_srli_5
0000d346   __mspabi_srli_6
0000d342   __mspabi_srli_7
0000d33e   __mspabi_srli_8
0000d33a   __mspabi_srli_9
0000d114   _auto_init
0000ddae   _c_int00
0000ddae   _c_int00_noexit
0000fffe   _reset_vector
000003b0   _stack
0000df56   _system_pre_init
0000dfac   abort
ffffffff   binit
0000cfe4   createRandomAddress
000002a6   i
00000294   lAddr
000002aa   linkIDTemp
0000cf72   main
0000dbc2   memcmp
0000de86   memcpy
0000dc84   memmove
0000de4c   memset
0000e01a   mrfiBroadcastAddr
0000d2c6   mrfiSpiCmdStrobe
0000d508   mrfiSpiInit
0000dd20   mrfiSpiReadReg
0000df2c   mrfiSpiReadRxFifo
0000ddc8   mrfiSpiWriteReg
0000deea   mrfiSpiWriteTxFifo
0000dd3e   nwk_QInit
0000d81e   nwk_QadjustOrder
0000c4c0   nwk_QfindOldest
0000cdfa   nwk_QfindSlot
0000c7e6   nwk_allocateLocalRxPort
0000cbac   nwk_buildFrame
0000da24   nwk_checkConnInfo
0000da9c   nwk_connectionControl
0000d7b8   nwk_deviceAddress
0000dca4   nwk_frameInit
0000df8e   nwk_freeConnection
0000dfb8   nwk_freqInit
0000df94   nwk_getBCastAddress
0000d850   nwk_getConnInfo
0000df9a   nwk_getFWVersion
0000de98   nwk_getMyAddress
0000dfa0   nwk_getMyRxType
0000d276   nwk_getNextConnection
0000def8   nwk_getNumObjectFromMsg
0000dfa6   nwk_getProtocolVersion
0000dac2   nwk_globalsInit
0000d04e   nwk_isConnectionValid
0000d438   nwk_isLinkDuplicate
0000d63c   nwk_isValidReply
0000c6ec   nwk_join
0000dae8   nwk_joinInit
0000c368   nwk_link
0000d882   nwk_linkInit
0000df60   nwk_mgmtInit
0000cd74   nwk_nwkInit
0000df6a   nwk_pingInit
0000dfb0   nwk_processFreq
0000dcc4   nwk_processJoin
0000db0e   nwk_processLink
0000d676   nwk_processMgmt
0000da4e   nwk_processPing
0000dfb4   nwk_processSecurity
0000d600   nwk_putNumObjectIntoMsg
0000cefa   nwk_radioControl
0000d914   nwk_rawReceive
0000d222   nwk_rawSend
0000c99c   nwk_retrieveFrame
0000dfba   nwk_securityInit
0000d944   nwk_sendFrame
0000df06   nwk_setAPAddress
0000deaa   nwk_setLinkToken
0000dd78   nwk_setMyAddress
000002a0   sensor
0000d6e6   strstr
00000280   uartMsg


GLOBAL SYMBOLS: SORTED BY Symbol Address 

address    name
--------   ----
00000000   IE1
00000001   IE2
00000001   __TI_args_main
00000001   __TI_exit
00000002   IFG1
00000003   IFG2
00000010   P3REN
00000018   P3IN
00000019   P3OUT
0000001a   P3DIR
0000001b   P3SEL
00000020   P1IN
00000021   P1OUT
00000022   P1DIR
00000023   P1IFG
00000024   P1IES
00000025   P1IE
00000026   P1SEL
00000027   P1REN
00000028   P2IN
00000029   P2OUT
0000002a   P2DIR
0000002b   P2IFG
0000002c   P2IES
0000002d   P2IE
0000002e   P2SEL
0000002f   P2REN
00000041   P1SEL2
00000042   P2SEL2
00000043   P3SEL2
00000048   ADC10DTC0
00000049   ADC10DTC1
0000004a   ADC10AE0
00000050   __STACK_SIZE
00000053   BCSCTL3
00000056   DCOCTL
00000057   BCSCTL1
00000058   BCSCTL2
00000059   CACTL1
0000005a   CACTL2
0000005b   CAPD
0000005d   UCA0ABCTL
0000005e   UCA0IRTCTL
0000005f   UCA0IRRCTL
00000060   UCA0CTL0
00000061   UCA0CTL1
00000062   UCA0BR0
00000063   UCA0BR1
00000064   UCA0MCTL
00000065   UCA0STAT
00000066   UCA0RXBUF
00000067   UCA0TXBUF
00000068   UCB0CTL0
00000069   UCB0CTL1
0000006a   UCB0BR0
0000006b   UCB0BR1
0000006c   UCB0I2CIE
0000006d   UCB0STAT
0000006e   UCB0RXBUF
0000006f   UCB0TXBUF
00000118   UCB0I2COA
0000011a   UCB0I2CSA
0000011e   TA1IV
00000120   WDTCTL
00000128   FCTL1
0000012a   FCTL2
0000012c   FCTL3
0000012e   TA0IV
00000160   TA0CTL
00000162   TA0CCTL0
00000164   TA0CCTL1
00000166   TA0CCTL2
00000170   TA0R
00000172   TA0CCR0
00000174   TA0CCR1
00000176   TA0CCR2
00000180   TA1CTL
00000182   TA1CCTL0
00000184   TA1CCTL1
00000186   TA1CCTL2
00000190   TA1R
00000192   TA1CCR0
00000194   TA1CCR1
00000196   TA1CCR2
000001b0   ADC10CTL0
000001b2   ADC10CTL1
000001b4   ADC10MEM
000001bc   ADC10SA
00000280   uartMsg
00000294   lAddr
000002a0   sensor
000002a4   Flash_Addr
000002a6   i
000002aa   linkIDTemp
000003b0   _stack
00000400   __STACK_END
000010f8   CALDCO_16MHZ
000010f9   CALBC1_16MHZ
000010fa   CALDCO_12MHZ
000010fb   CALBC1_12MHZ
000010fc   CALDCO_8MHZ
000010fd   CALBC1_8MHZ
000010fe   CALDCO_1MHZ
000010ff   CALBC1_1MHZ
0000c000   MRFI_Init
0000c368   SMPL_Link
0000c368   nwk_link
0000c4c0   nwk_QfindOldest
0000c5ea   MRFI_Transmit
0000c6ec   nwk_join
0000c7e6   nwk_allocateLocalRxPort
0000c99c   nwk_retrieveFrame
0000ca4e   SMPL_Ioctl
0000cbac   nwk_buildFrame
0000cc4a   TI_getRandomIntegerFromADC
0000cc72   TI_getRandomIntegerFromVLO
0000cd74   nwk_nwkInit
0000cdfa   nwk_QfindSlot
0000ce7c   SMPL_SendOpt
0000cefa   nwk_radioControl
0000cf72   main
0000cfe4   createRandomAddress
0000d04e   nwk_isConnectionValid
0000d114   _auto_init
0000d172   Init_Addr
0000d1ca   __mspabi_divul
0000d1ca   __mspabi_remul
0000d222   nwk_rawSend
0000d276   nwk_getNextConnection
0000d2c6   mrfiSpiCmdStrobe
0000d314   __mspabi_srli
0000d322   __mspabi_srli_15
0000d326   __mspabi_srli_14
0000d32a   __mspabi_srli_13
0000d32e   __mspabi_srli_12
0000d332   __mspabi_srli_11
0000d336   __mspabi_srli_10
0000d33a   __mspabi_srli_9
0000d33e   __mspabi_srli_8
0000d342   __mspabi_srli_7
0000d346   __mspabi_srli_6
0000d34a   __mspabi_srli_5
0000d34e   __mspabi_srli_4
0000d352   __mspabi_srli_3
0000d356   __mspabi_srli_2
0000d35a   __mspabi_srli_1
0000d360   Init_UART
0000d3f2   MRFI_RxAddrIsFiltered
0000d438   nwk_isLinkDuplicate
0000d4c4   MRFI_Rssi
0000d508   mrfiSpiInit
0000d588   MRFI_ReplyDelay
0000d5c4   USCI0RX_ISR
0000d600   nwk_putNumObjectIntoMsg
0000d63c   nwk_isValidReply
0000d676   nwk_processMgmt
0000d6b0   MRFI_WakeUp
0000d6e6   strstr
0000d71c   MRFI_SetRFPwr
0000d750   MRFI_SetRxAddrFilter
0000d784   SMPL_Init
0000d7b8   nwk_deviceAddress
0000d7ec   MRFI_SetLogicalChannel
0000d81e   nwk_QadjustOrder
0000d850   nwk_getConnInfo
0000d882   nwk_linkInit
0000d914   nwk_rawReceive
0000d944   nwk_sendFrame
0000d9ce   __mspabi_divi
0000d9ce   __mspabi_remi
0000da24   nwk_checkConnInfo
0000da4e   nwk_processPing
0000da9c   nwk_connectionControl
0000dac2   nwk_globalsInit
0000dae8   nwk_joinInit
0000db0e   nwk_processLink
0000db34   __mspabi_mpyl
0000db5a   MRFI_Sleep
0000db7e   MRFI_EnableRxAddrFilter
0000dba0   MRFI_RxOn
0000dbc2   memcmp
0000dbe4   BSP_Init
0000dc04   BSP_InitBoard
0000dc24   MRFI_RxCompleteISR
0000dc44   MRFI_RxIdle
0000dc84   memmove
0000dca4   nwk_frameInit
0000dcc4   nwk_processJoin
0000dce4   BSP_Delay
0000dd02   Timer0A0
0000dd20   mrfiSpiReadReg
0000dd3e   nwk_QInit
0000dd5c   MRFI_GpioIsr
0000dd78   nwk_setMyAddress
0000dd94   BSP_GpioPort1Isr
0000ddae   _c_int00
0000ddae   _c_int00_noexit
0000ddc8   mrfiSpiWriteReg
0000dde2   MRFI_RandomByte
0000de0e   __mspabi_divu
0000de0e   __mspabi_remu
0000de24   __TI_zero_init
0000de4c   memset
0000de60   __mspabi_mpyi
0000de74   __TI_decompress_none
0000de86   memcpy
0000de98   nwk_getMyAddress
0000deaa   nwk_setLinkToken
0000debc   __mspabi_sral
0000decc   __mspabi_func_epilog_7
0000dece   __mspabi_func_epilog_6
0000ded0   __mspabi_func_epilog_5
0000ded2   __mspabi_func_epilog_4
0000ded4   __mspabi_func_epilog_3
0000ded6   __mspabi_func_epilog_2
0000ded8   __mspabi_func_epilog_1
0000dedc   MRFI_Receive
0000deea   mrfiSpiWriteTxFifo
0000def8   nwk_getNumObjectFromMsg
0000df06   nwk_setAPAddress
0000df14   MRFI_PostKillSem
0000df2c   mrfiSpiReadRxFifo
0000df38   BSP_InitButtons
0000df42   BSP_InitDrivers
0000df4c   BSP_InitLeds
0000df56   _system_pre_init
0000df60   nwk_mgmtInit
0000df6a   nwk_pingInit
0000df74   SMPL_Send
0000df7c   MRFI_GetRadioState
0000df82   __TI_ISR_TRAP
0000df88   __TI_decompress_rle24
0000df8e   nwk_freeConnection
0000df94   nwk_getBCastAddress
0000df9a   nwk_getFWVersion
0000dfa0   nwk_getMyRxType
0000dfa6   nwk_getProtocolVersion
0000dfac   C$$EXIT
0000dfac   abort
0000dfb0   nwk_processFreq
0000dfb4   nwk_processSecurity
0000dfb8   nwk_freqInit
0000dfba   nwk_securityInit
0000e01a   mrfiBroadcastAddr
0000e034   __TI_Handler_Table_Base
0000e03a   __TI_Handler_Table_Limit
0000e03e   __TI_CINIT_Base
0000e046   __TI_CINIT_Limit
0000ffe4   __TI_int02
0000ffe6   __TI_int03
0000ffea   __TI_int05
0000ffec   __TI_int06
0000ffee   __TI_int07
0000fff0   __TI_int08
0000fff2   __TI_int09
0000fff4   __TI_int10
0000fff6   __TI_int11
0000fff8   __TI_int12
0000fffa   __TI_int13
0000fffc   __TI_int14
0000fffe   _reset_vector
ffffffff   __binit__
ffffffff   __c_args__
ffffffff   binit
UNDEFED    __TI_INITARRAY_Base
UNDEFED    __TI_INITARRAY_Limit

[266 symbols]
