******************************************************************************
                  MSP430 Linker PC v4.2.1                      
******************************************************************************
>> Linked Tue Apr 01 17:06:26 2014

OUTPUT FILE NAME:   <MSP430_LP.out>
ENTRY POINT SYMBOL: "_c_int00"  address: 0000dd2a


MEMORY CONFIGURATION

         name            origin    length      used     unused   attr    fill
----------------------  --------  ---------  --------  --------  ----  --------
  SFR                   00000000   00000010  00000000  00000010  RWIX
  PERIPHERALS_8BIT      00000010   000000f0  00000000  000000f0  RWIX
  PERIPHERALS_16BIT     00000100   00000100  00000000  00000100  RWIX
  RAM                   00000200   00000200  00000149  000000b7  RWIX
  INFOD                 00001000   00000040  00000000  00000040  RWIX
  INFOC                 00001040   00000040  00000000  00000040  RWIX
  INFOB                 00001080   00000040  00000000  00000040  RWIX
  INFOA                 000010c0   00000040  00000000  00000040  RWIX
  FLASH                 0000c000   00003fe0  00001fcb  00002015  RWIX
  INT00                 0000ffe0   00000002  00000000  00000002  RWIX
  INT01                 0000ffe2   00000002  00000000  00000002  RWIX
  INT02                 0000ffe4   00000002  00000002  00000000  RWIX
  INT03                 0000ffe6   00000002  00000002  00000000  RWIX
  INT04                 0000ffe8   00000002  00000000  00000002  RWIX
  INT05                 0000ffea   00000002  00000002  00000000  RWIX
  INT06                 0000ffec   00000002  00000002  00000000  RWIX
  INT07                 0000ffee   00000002  00000002  00000000  RWIX
  INT08                 0000fff0   00000002  00000002  00000000  RWIX
  INT09                 0000fff2   00000002  00000002  00000000  RWIX
  INT10                 0000fff4   00000002  00000002  00000000  RWIX
  INT11                 0000fff6   00000002  00000002  00000000  RWIX
  INT12                 0000fff8   00000002  00000002  00000000  RWIX
  INT13                 0000fffa   00000002  00000002  00000000  RWIX
  INT14                 0000fffc   00000002  00000002  00000000  RWIX
  RESET                 0000fffe   00000002  00000002  00000000  RWIX


SECTION ALLOCATION MAP

 output                                  attributes/
section   page    origin      length       input sections
--------  ----  ----------  ----------   ----------------
.init_array 
*          0    0000c000    00000000     UNINITIALIZED

.bss       0    00000200    000000a9     UNINITIALIZED
                  00000200    00000034     (.common:sInFrameQ)
                  00000234    00000034     (.common:sOutFrameQ)
                  00000268    00000018     (.common:mrfiIncomingPacket)
                  00000280    00000014     (.common:ADCdata)
                  00000294    00000004     (.common:lAddr)
                  00000298    00000004     (.common:sAPAddress)
                  0000029c    00000004     (.common:sMyRAMAddress)
                  000002a0    00000004     (.common:sensor)
                  000002a4    00000002     (.common:Flash_Addr)
                  000002a6    00000002     (.common:sServiceLinkID)
                  000002a8    00000001     (.common:linkIDTemp)

.TI.noinit 
*          0    00000200    00000000     UNINITIALIZED

.data      0    000002aa    00000050     UNINITIALIZED
                  000002aa    00000026     nwk.obj (.data)
                  000002d0    00000009     mrfi.obj (.data)
                  000002d9    00000001     bsp.obj (.data)
                  000002da    00000008     nwk_frame.obj (.data)
                  000002e2    00000007     nwk_join.obj (.data)
                  000002e9    00000001     nwk_api.obj (.data)
                  000002ea    00000007     nwk_link.obj (.data)
                  000002f1    00000001     nwk_globals.obj (.data)
                  000002f2    00000004     mrfi.obj (.data:mrfiRxFilterAddr)
                  000002f6    00000003     nwk_mgmt.obj (.data)
                  000002f9    00000001     nwk_ping.obj (.data)

.TI.persistent 
*          0    000002aa    00000000     UNINITIALIZED

.stack     0    000003b0    00000050     UNINITIALIZED
                  000003b0    00000002     rts430_eabi.lib : boot.obj (.stack)
                  000003b2    0000004e     --HOLE--

.text      0    0000c000    00001f4c     
                  0000c000    000001d0     mrfi.obj (.text:MRFI_Init)
                  0000c1d0    00000198     nwk_link.obj (.text:smpl_send_link_reply)
                  0000c368    00000158     nwk_link.obj (.text:nwk_link)
                  0000c4c0    0000012a     nwk_QMgmt.obj (.text:nwk_QfindOldest)
                  0000c5ea    00000102     mrfi.obj (.text:MRFI_Transmit)
                  0000c6ec    000000fa     nwk_join.obj (.text:nwk_join)
                  0000c7e6    000000de     nwk.obj (.text:nwk_allocateLocalRxPort)
                  0000c8c4    000000dc     main_tx.obj (.text:main)
                  0000c9a0    000000d8     mrfi.obj (.text:Mrfi_SyncPinRxIsr)
                  0000ca78    000000b2     nwk_frame.obj (.text:nwk_retrieveFrame)
                  0000cb2a    000000b0     nwk_api.obj (.text:SMPL_Ioctl)
                  0000cbda    000000ae     nwk_frame.obj (.text:dispatchFrame)
                  0000cc88    0000009e     nwk_frame.obj (.text:nwk_buildFrame)
                  0000cd26    0000009e     vlo_rand.obj (.text)
                  0000cdc4    0000008c     mrfi.obj (.text:spiBurstFifoAccess)
                  0000ce50    00000086     nwk.obj (.text:nwk_nwkInit)
                  0000ced6    00000082     nwk_QMgmt.obj (.text:nwk_QfindSlot)
                  0000cf58    0000007e     nwk_api.obj (.text:SMPL_SendOpt)
                  0000cfd6    00000078     nwk_ioctl.obj (.text:nwk_radioControl)
                  0000d04e    0000006a     main_tx.obj (.text:createRandomAddress)
                  0000d0b8    00000068     nwk.obj (.text:nwk_isConnectionValid)
                  0000d120    0000005e     rts430_eabi.lib : copy_decompress_rle.obj (.text:__TI_decompress_rle_core)
                  0000d17e    0000005e                     : autoinit.obj (.text:_auto_init)
                  0000d1dc    00000058                     : div32u.obj (.text)
                  0000d234    00000054     nwk_ioctl.obj (.text:nwk_rawSend)
                  0000d288    00000050     nwk.obj (.text:nwk_getNextConnection)
                  0000d2d8    0000004e     mrfi.obj (.text:mrfiSpiCmdStrobe)
                  0000d326    0000004c     rts430_eabi.lib : lsr16.obj (.text)
                  0000d372    00000048     mrfi.obj (.text:spiRegAccess)
                  0000d3ba    00000046     mrfi.obj (.text:MRFI_RxAddrIsFiltered)
                  0000d400    00000046     nwk.obj (.text:nwk_isLinkDuplicate)
                  0000d446    00000046     nwk_ping.obj (.text:smpl_send_ping_reply)
                  0000d48c    00000044     mrfi.obj (.text:MRFI_Rssi)
                  0000d4d0    00000042     mrfi.obj (.text:mrfiSpiInit)
                  0000d512    0000003e     nwk.obj (.text:initializeConnection)
                  0000d550    0000003c     mrfi.obj (.text:MRFI_ReplyDelay)
                  0000d58c    0000003c     nwk.obj (.text:nwk_putNumObjectIntoMsg)
                  0000d5c8    0000003a     nwk.obj (.text:nwk_isValidReply)
                  0000d602    0000003a     nwk_mgmt.obj (.text:nwk_processMgmt)
                  0000d63c    00000036     mrfi.obj (.text:MRFI_WakeUp)
                  0000d672    00000034     mrfi.obj (.text:MRFI_SetRFPwr)
                  0000d6a6    00000034     mrfi.obj (.text:MRFI_SetRxAddrFilter)
                  0000d6da    00000034     nwk_api.obj (.text:SMPL_Init)
                  0000d70e    00000034     nwk_ioctl.obj (.text:nwk_deviceAddress)
                  0000d742    00000032     mrfi.obj (.text:MRFI_SetLogicalChannel)
                  0000d774    00000032     nwk_QMgmt.obj (.text:nwk_QadjustOrder)
                  0000d7a6    00000032     nwk.obj (.text:nwk_getConnInfo)
                  0000d7d8    00000032     nwk_link.obj (.text:nwk_linkInit)
                  0000d80a    00000030     mrfi.obj (.text:Mrfi_DelayUsecSem)
                  0000d83a    00000030     nwk.obj (.text:map_lid2idx)
                  0000d86a    00000030     nwk_ioctl.obj (.text:nwk_rawReceive)
                  0000d89a    00000030     nwk_frame.obj (.text:nwk_sendFrame)
                  0000d8ca    0000002e     mrfi.obj (.text:Mrfi_CalculateRssi)
                  0000d8f8    0000002c     mrfi.obj (.text:Mrfi_RxModeOff)
                  0000d924    0000002c     rts430_eabi.lib : div16s.obj (.text)
                  0000d950    0000002a     mrfi.obj (.text:Mrfi_DelayUsec)
                  0000d97a    0000002a     nwk.obj (.text:nwk_checkConnInfo)
                  0000d9a4    00000028     nwk_ping.obj (.text:nwk_processPing)
                  0000d9cc    00000026     main_tx.obj (.text:Init_ADC10)
                  0000d9f2    00000026     mrfi.obj (.text:Mrfi_RandomBackoffDelay)
                  0000da18    00000026     nwk_ioctl.obj (.text:nwk_connectionControl)
                  0000da3e    00000026     nwk_globals.obj (.text:nwk_globalsInit)
                  0000da64    00000026     nwk_join.obj (.text:nwk_joinInit)
                  0000da8a    00000026     nwk_link.obj (.text:nwk_processLink)
                  0000dab0    00000026     rts430_eabi.lib : mult32.obj (.text)
                  0000dad6    00000024     mrfi.obj (.text:MRFI_Sleep)
                  0000dafa    00000022     mrfi.obj (.text:MRFI_EnableRxAddrFilter)
                  0000db1c    00000022     mrfi.obj (.text:MRFI_RxOn)
                  0000db3e    00000022     rts430_eabi.lib : memcmp.obj (.text:memcmp)
                  0000db60    00000020     bsp.obj (.text:BSP_Init)
                  0000db80    00000020     bsp.obj (.text:BSP_InitBoard)
                  0000dba0    00000020     nwk_frame.obj (.text:MRFI_RxCompleteISR)
                  0000dbc0    00000020     mrfi.obj (.text:MRFI_RxIdle)
                  0000dbe0    00000020     nwk_link.obj (.text:handleLinkRequest)
                  0000dc00    00000020     rts430_eabi.lib : memmov.obj (.text:memmove)
                  0000dc20    00000020     nwk_frame.obj (.text:nwk_frameInit)
                  0000dc40    00000020     nwk_join.obj (.text:nwk_processJoin)
                  0000dc60    0000001e     bsp.obj (.text:BSP_Delay)
                  0000dc7e    0000001e     main_tx.obj (.text:Timer0A0)
                  0000dc9c    0000001e     mrfi.obj (.text:mrfiSpiReadReg)
                  0000dcba    0000001e     nwk_QMgmt.obj (.text:nwk_QInit)
                  0000dcd8    0000001c     mrfi.obj (.text:MRFI_GpioIsr)
                  0000dcf4    0000001c     nwk_globals.obj (.text:nwk_setMyAddress)
                  0000dd10    0000001a     mrfi.obj (.text:BSP_GpioPort1Isr)
                  0000dd2a    0000001a     rts430_eabi.lib : boot.obj (.text:_c_int00_noexit)
                  0000dd44    0000001a     mrfi.obj (.text:mrfiSpiWriteReg)
                  0000dd5e    00000016     mrfi.obj (.text:MRFI_RandomByte)
                  0000dd74    00000016     mrfi.obj (.text:Mrfi_RxModeOn)
                  0000dd8a    00000016     rts430_eabi.lib : div16u.obj (.text)
                  0000dda0    00000014     main_tx.obj (.text:Init_TIMER0A0)
                  0000ddb4    00000014     rts430_eabi.lib : copy_zero_init.obj (.text:decompress:ZI:__TI_zero_init)
                  0000ddc8    00000014     nwk_api.obj (.text:ioctlPreInitAccessIsOK)
                  0000dddc    00000014     rts430_eabi.lib : memset.obj (.text:memset)
                  0000ddf0    00000014                     : mult16.obj (.text)
                  0000de04    00000012                     : copy_decompress_none.obj (.text:decompress:none:__TI_decompress_none)
                  0000de16    00000012                     : memcpy.obj (.text:memcpy)
                  0000de28    00000012     nwk_globals.obj (.text:nwk_getMyAddress)
                  0000de3a    00000012     nwk_link.obj (.text:nwk_setLinkToken)
                  0000de4c    00000010     rts430_eabi.lib : asr32.obj (.text:l_asr)
                  0000de5c    00000010                     : epilog.obj (.text)
                  0000de6c    0000000e     mrfi.obj (.text:MRFI_Receive)
                  0000de7a    0000000e     mrfi.obj (.text:mrfiSpiWriteTxFifo)
                  0000de88    0000000e     nwk.obj (.text:nwk_getNumObjectFromMsg)
                  0000de96    0000000e     nwk_globals.obj (.text:nwk_setAPAddress)
                  0000dea4    0000000c     mrfi.obj (.text:MRFI_PostKillSem)
                  0000deb0    0000000c     nwk_ping.obj (.text:handlePingRequest)
                  0000debc    0000000c     mrfi.obj (.text:mrfiSpiReadRxFifo)
                  0000dec8    0000000a     bsp.obj (.text:BSP_InitButtons)
                  0000ded2    0000000a     bsp.obj (.text:BSP_InitDrivers)
                  0000dedc    0000000a     bsp.obj (.text:BSP_InitLeds)
                  0000dee6    0000000a     bsp.obj (.text:_system_pre_init)
                  0000def0    0000000a     nwk_mgmt.obj (.text:nwk_mgmtInit)
                  0000defa    0000000a     nwk_ping.obj (.text:nwk_pingInit)
                  0000df04    00000008     nwk_api.obj (.text:SMPL_Send)
                  0000df0c    00000006     mrfi.obj (.text:MRFI_GetRadioState)
                  0000df12    00000006     rts430_eabi.lib : isr_trap.obj (.text:__TI_ISR_TRAP)
                  0000df18    00000006                     : copy_decompress_rle.obj (.text:decompress:rle24:__TI_decompress_rle24)
                  0000df1e    00000006     nwk.obj (.text:nwk_freeConnection)
                  0000df24    00000006     nwk_globals.obj (.text:nwk_getBCastAddress)
                  0000df2a    00000006     nwk_globals.obj (.text:nwk_getFWVersion)
                  0000df30    00000006     nwk_frame.obj (.text:nwk_getMyRxType)
                  0000df36    00000006     nwk_globals.obj (.text:nwk_getProtocolVersion)
                  0000df3c    00000004     rts430_eabi.lib : exit.obj (.text:abort)
                  0000df40    00000004     nwk_freq.obj (.text:nwk_processFreq)
                  0000df44    00000004     nwk_security.obj (.text:nwk_processSecurity)
                  0000df48    00000002     nwk_freq.obj (.text:nwk_freqInit)
                  0000df4a    00000002     nwk_security.obj (.text:nwk_securityInit)

.const     0    0000df4c    0000005f     
                  0000df4c    0000003e     mrfi.obj (.const:mrfiRadioCfg)
                  0000df8a    0000000c     nwk_frame.obj (.const:func)
                  0000df96    00000009     nwk_globals.obj (.const)
                  0000df9f    00000001     --HOLE-- [fill = 0]
                  0000dfa0    00000004     mrfi.obj (.const:.string:mrfiBroadcastAddr)
                  0000dfa4    00000004     mrfi.obj (.const:.string:mrfiLogicalChanTable)
                  0000dfa8    00000003     mrfi.obj (.const:.string:mrfiRFPowerTable)

.cinit     0    0000dfac    00000020     
                  0000dfac    0000000e     (.cinit..data.load) [load image, compression = rle]
                  0000dfba    00000006     (__TI_handler_table)
                  0000dfc0    00000004     (.cinit..bss.load) [load image, compression = zero_init]
                  0000dfc4    00000008     (__TI_cinit_table)

PORT1      0    0000ffe4    00000002     
                  0000ffe4    00000002     rts430_eabi.lib : int02.obj (.int02)

PORT2      0    0000ffe6    00000002     
                  0000ffe6    00000002     mrfi.obj (.int03)

ADC10      0    0000ffea    00000002     
                  0000ffea    00000002     rts430_eabi.lib : int05.obj (.int05)

USCIAB0TX 
*          0    0000ffec    00000002     
                  0000ffec    00000002     rts430_eabi.lib : int06.obj (.int06)

USCIAB0RX 
*          0    0000ffee    00000002     
                  0000ffee    00000002     rts430_eabi.lib : int07.obj (.int07)

TIMER0_A1 
*          0    0000fff0    00000002     
                  0000fff0    00000002     rts430_eabi.lib : int08.obj (.int08)

TIMER0_A0 
*          0    0000fff2    00000002     
                  0000fff2    00000002     main_tx.obj (.int09)

WDT        0    0000fff4    00000002     
                  0000fff4    00000002     rts430_eabi.lib : int10.obj (.int10)

COMPARATORA 
*          0    0000fff6    00000002     
                  0000fff6    00000002     rts430_eabi.lib : int11.obj (.int11)

TIMER1_A1 
*          0    0000fff8    00000002     
                  0000fff8    00000002     rts430_eabi.lib : int12.obj (.int12)

TIMER1_A0 
*          0    0000fffa    00000002     
                  0000fffa    00000002     rts430_eabi.lib : int13.obj (.int13)

NMI        0    0000fffc    00000002     
                  0000fffc    00000002     rts430_eabi.lib : int14.obj (.int14)

.reset     0    0000fffe    00000002     
                  0000fffe    00000002     rts430_eabi.lib : boot.obj (.reset)


LINKER GENERATED COPY TABLES

__TI_cinit_table @ 0000dfc4 records: 2, size/record: 4, table size: 8
	.data: load addr=0000dfac, load size=0000000e bytes, run addr=000002aa, run size=00000050 bytes, compression=rle
	.bss: load addr=0000dfc0, load size=00000004 bytes, run addr=00000200, run size=000000a9 bytes, compression=zero_init


LINKER GENERATED HANDLER TABLE

__TI_handler_table @ 0000dfba records: 3, size/record: 2, table size: 6
	index: 0, handler: __TI_zero_init
	index: 1, handler: __TI_decompress_rle24
	index: 2, handler: __TI_decompress_none


GLOBAL SYMBOLS: SORTED ALPHABETICALLY BY Name 

address    name
--------   ----
0000004a   ADC10AE0
000001b0   ADC10CTL0
000001b2   ADC10CTL1
00000048   ADC10DTC0
00000049   ADC10DTC1
000001b4   ADC10MEM
000001bc   ADC10SA
00000280   ADCdata
00000057   BCSCTL1
00000058   BCSCTL2
00000053   BCSCTL3
0000dc60   BSP_Delay
0000dd10   BSP_GpioPort1Isr
0000db60   BSP_Init
0000db80   BSP_InitBoard
0000dec8   BSP_InitButtons
0000ded2   BSP_InitDrivers
0000dedc   BSP_InitLeds
0000df3c   C$$EXIT
00000059   CACTL1
0000005a   CACTL2
000010fb   CALBC1_12MHZ
000010f9   CALBC1_16MHZ
000010ff   CALBC1_1MHZ
000010fd   CALBC1_8MHZ
000010fa   CALDCO_12MHZ
000010f8   CALDCO_16MHZ
000010fe   CALDCO_1MHZ
000010fc   CALDCO_8MHZ
0000005b   CAPD
00000056   DCOCTL
00000128   FCTL1
0000012a   FCTL2
0000012c   FCTL3
000002a4   Flash_Addr
00000000   IE1
00000001   IE2
00000002   IFG1
00000003   IFG2
0000d9cc   Init_ADC10
0000dda0   Init_TIMER0A0
0000dafa   MRFI_EnableRxAddrFilter
0000df0c   MRFI_GetRadioState
0000dcd8   MRFI_GpioIsr
0000c000   MRFI_Init
0000dea4   MRFI_PostKillSem
0000dd5e   MRFI_RandomByte
0000de6c   MRFI_Receive
0000d550   MRFI_ReplyDelay
0000d48c   MRFI_Rssi
0000d3ba   MRFI_RxAddrIsFiltered
0000dba0   MRFI_RxCompleteISR
0000dbc0   MRFI_RxIdle
0000db1c   MRFI_RxOn
0000d742   MRFI_SetLogicalChannel
0000d672   MRFI_SetRFPwr
0000d6a6   MRFI_SetRxAddrFilter
0000dad6   MRFI_Sleep
0000c5ea   MRFI_Transmit
0000d63c   MRFI_WakeUp
00000022   P1DIR
00000025   P1IE
00000024   P1IES
00000023   P1IFG
00000020   P1IN
00000021   P1OUT
00000027   P1REN
00000026   P1SEL
00000041   P1SEL2
0000002a   P2DIR
0000002d   P2IE
0000002c   P2IES
0000002b   P2IFG
00000028   P2IN
00000029   P2OUT
0000002f   P2REN
0000002e   P2SEL
00000042   P2SEL2
0000001a   P3DIR
00000018   P3IN
00000019   P3OUT
00000010   P3REN
0000001b   P3SEL
00000043   P3SEL2
0000d6da   SMPL_Init
0000cb2a   SMPL_Ioctl
0000c368   SMPL_Link
0000df04   SMPL_Send
0000cf58   SMPL_SendOpt
00000172   TA0CCR0
00000174   TA0CCR1
00000176   TA0CCR2
00000162   TA0CCTL0
00000164   TA0CCTL1
00000166   TA0CCTL2
00000160   TA0CTL
0000012e   TA0IV
00000170   TA0R
00000192   TA1CCR0
00000194   TA1CCR1
00000196   TA1CCR2
00000182   TA1CCTL0
00000184   TA1CCTL1
00000186   TA1CCTL2
00000180   TA1CTL
0000011e   TA1IV
00000190   TA1R
0000cd26   TI_getRandomIntegerFromADC
0000cd4e   TI_getRandomIntegerFromVLO
0000dc7e   Timer0A0
0000005d   UCA0ABCTL
00000062   UCA0BR0
00000063   UCA0BR1
00000060   UCA0CTL0
00000061   UCA0CTL1
0000005f   UCA0IRRCTL
0000005e   UCA0IRTCTL
00000064   UCA0MCTL
00000066   UCA0RXBUF
00000065   UCA0STAT
00000067   UCA0TXBUF
0000006a   UCB0BR0
0000006b   UCB0BR1
00000068   UCB0CTL0
00000069   UCB0CTL1
0000006c   UCB0I2CIE
00000118   UCB0I2COA
0000011a   UCB0I2CSA
0000006e   UCB0RXBUF
0000006d   UCB0STAT
0000006f   UCB0TXBUF
00000120   WDTCTL
00000400   __STACK_END
00000050   __STACK_SIZE
0000dfc4   __TI_CINIT_Base
0000dfcc   __TI_CINIT_Limit
0000dfba   __TI_Handler_Table_Base
0000dfc0   __TI_Handler_Table_Limit
UNDEFED    __TI_INITARRAY_Base
UNDEFED    __TI_INITARRAY_Limit
0000df12   __TI_ISR_TRAP
00000001   __TI_args_main
0000de04   __TI_decompress_none
0000df18   __TI_decompress_rle24
00000001   __TI_exit
0000ffe4   __TI_int02
0000ffe6   __TI_int03
0000ffea   __TI_int05
0000ffec   __TI_int06
0000ffee   __TI_int07
0000fff0   __TI_int08
0000fff2   __TI_int09
0000fff4   __TI_int10
0000fff6   __TI_int11
0000fff8   __TI_int12
0000fffa   __TI_int13
0000fffc   __TI_int14
0000ddb4   __TI_zero_init
ffffffff   __binit__
ffffffff   __c_args__
0000d924   __mspabi_divi
0000dd8a   __mspabi_divu
0000d1dc   __mspabi_divul
0000de68   __mspabi_func_epilog_1
0000de66   __mspabi_func_epilog_2
0000de64   __mspabi_func_epilog_3
0000de62   __mspabi_func_epilog_4
0000de60   __mspabi_func_epilog_5
0000de5e   __mspabi_func_epilog_6
0000de5c   __mspabi_func_epilog_7
0000ddf0   __mspabi_mpyi
0000dab0   __mspabi_mpyl
0000d924   __mspabi_remi
0000dd8a   __mspabi_remu
0000d1dc   __mspabi_remul
0000de4c   __mspabi_sral
0000d326   __mspabi_srli
0000d36c   __mspabi_srli_1
0000d348   __mspabi_srli_10
0000d344   __mspabi_srli_11
0000d340   __mspabi_srli_12
0000d33c   __mspabi_srli_13
0000d338   __mspabi_srli_14
0000d334   __mspabi_srli_15
0000d368   __mspabi_srli_2
0000d364   __mspabi_srli_3
0000d360   __mspabi_srli_4
0000d35c   __mspabi_srli_5
0000d358   __mspabi_srli_6
0000d354   __mspabi_srli_7
0000d350   __mspabi_srli_8
0000d34c   __mspabi_srli_9
0000d17e   _auto_init
0000dd2a   _c_int00
0000dd2a   _c_int00_noexit
0000fffe   _reset_vector
000003b0   _stack
0000dee6   _system_pre_init
0000df3c   abort
ffffffff   binit
0000d04e   createRandomAddress
00000294   lAddr
000002a8   linkIDTemp
0000c8c4   main
0000db3e   memcmp
0000de16   memcpy
0000dc00   memmove
0000dddc   memset
0000dfa0   mrfiBroadcastAddr
0000d2d8   mrfiSpiCmdStrobe
0000d4d0   mrfiSpiInit
0000dc9c   mrfiSpiReadReg
0000debc   mrfiSpiReadRxFifo
0000dd44   mrfiSpiWriteReg
0000de7a   mrfiSpiWriteTxFifo
0000dcba   nwk_QInit
0000d774   nwk_QadjustOrder
0000c4c0   nwk_QfindOldest
0000ced6   nwk_QfindSlot
0000c7e6   nwk_allocateLocalRxPort
0000cc88   nwk_buildFrame
0000d97a   nwk_checkConnInfo
0000da18   nwk_connectionControl
0000d70e   nwk_deviceAddress
0000dc20   nwk_frameInit
0000df1e   nwk_freeConnection
0000df48   nwk_freqInit
0000df24   nwk_getBCastAddress
0000d7a6   nwk_getConnInfo
0000df2a   nwk_getFWVersion
0000de28   nwk_getMyAddress
0000df30   nwk_getMyRxType
0000d288   nwk_getNextConnection
0000de88   nwk_getNumObjectFromMsg
0000df36   nwk_getProtocolVersion
0000da3e   nwk_globalsInit
0000d0b8   nwk_isConnectionValid
0000d400   nwk_isLinkDuplicate
0000d5c8   nwk_isValidReply
0000c6ec   nwk_join
0000da64   nwk_joinInit
0000c368   nwk_link
0000d7d8   nwk_linkInit
0000def0   nwk_mgmtInit
0000ce50   nwk_nwkInit
0000defa   nwk_pingInit
0000df40   nwk_processFreq
0000dc40   nwk_processJoin
0000da8a   nwk_processLink
0000d602   nwk_processMgmt
0000d9a4   nwk_processPing
0000df44   nwk_processSecurity
0000d58c   nwk_putNumObjectIntoMsg
0000cfd6   nwk_radioControl
0000d86a   nwk_rawReceive
0000d234   nwk_rawSend
0000ca78   nwk_retrieveFrame
0000df4a   nwk_securityInit
0000d89a   nwk_sendFrame
0000de96   nwk_setAPAddress
0000de3a   nwk_setLinkToken
0000dcf4   nwk_setMyAddress
000002a0   sensor


GLOBAL SYMBOLS: SORTED BY Symbol Address 

address    name
--------   ----
00000000   IE1
00000001   IE2
00000001   __TI_args_main
00000001   __TI_exit
00000002   IFG1
00000003   IFG2
00000010   P3REN
00000018   P3IN
00000019   P3OUT
0000001a   P3DIR
0000001b   P3SEL
00000020   P1IN
00000021   P1OUT
00000022   P1DIR
00000023   P1IFG
00000024   P1IES
00000025   P1IE
00000026   P1SEL
00000027   P1REN
00000028   P2IN
00000029   P2OUT
0000002a   P2DIR
0000002b   P2IFG
0000002c   P2IES
0000002d   P2IE
0000002e   P2SEL
0000002f   P2REN
00000041   P1SEL2
00000042   P2SEL2
00000043   P3SEL2
00000048   ADC10DTC0
00000049   ADC10DTC1
0000004a   ADC10AE0
00000050   __STACK_SIZE
00000053   BCSCTL3
00000056   DCOCTL
00000057   BCSCTL1
00000058   BCSCTL2
00000059   CACTL1
0000005a   CACTL2
0000005b   CAPD
0000005d   UCA0ABCTL
0000005e   UCA0IRTCTL
0000005f   UCA0IRRCTL
00000060   UCA0CTL0
00000061   UCA0CTL1
00000062   UCA0BR0
00000063   UCA0BR1
00000064   UCA0MCTL
00000065   UCA0STAT
00000066   UCA0RXBUF
00000067   UCA0TXBUF
00000068   UCB0CTL0
00000069   UCB0CTL1
0000006a   UCB0BR0
0000006b   UCB0BR1
0000006c   UCB0I2CIE
0000006d   UCB0STAT
0000006e   UCB0RXBUF
0000006f   UCB0TXBUF
00000118   UCB0I2COA
0000011a   UCB0I2CSA
0000011e   TA1IV
00000120   WDTCTL
00000128   FCTL1
0000012a   FCTL2
0000012c   FCTL3
0000012e   TA0IV
00000160   TA0CTL
00000162   TA0CCTL0
00000164   TA0CCTL1
00000166   TA0CCTL2
00000170   TA0R
00000172   TA0CCR0
00000174   TA0CCR1
00000176   TA0CCR2
00000180   TA1CTL
00000182   TA1CCTL0
00000184   TA1CCTL1
00000186   TA1CCTL2
00000190   TA1R
00000192   TA1CCR0
00000194   TA1CCR1
00000196   TA1CCR2
000001b0   ADC10CTL0
000001b2   ADC10CTL1
000001b4   ADC10MEM
000001bc   ADC10SA
00000280   ADCdata
00000294   lAddr
000002a0   sensor
000002a4   Flash_Addr
000002a8   linkIDTemp
000003b0   _stack
00000400   __STACK_END
000010f8   CALDCO_16MHZ
000010f9   CALBC1_16MHZ
000010fa   CALDCO_12MHZ
000010fb   CALBC1_12MHZ
000010fc   CALDCO_8MHZ
000010fd   CALBC1_8MHZ
000010fe   CALDCO_1MHZ
000010ff   CALBC1_1MHZ
0000c000   MRFI_Init
0000c368   SMPL_Link
0000c368   nwk_link
0000c4c0   nwk_QfindOldest
0000c5ea   MRFI_Transmit
0000c6ec   nwk_join
0000c7e6   nwk_allocateLocalRxPort
0000c8c4   main
0000ca78   nwk_retrieveFrame
0000cb2a   SMPL_Ioctl
0000cc88   nwk_buildFrame
0000cd26   TI_getRandomIntegerFromADC
0000cd4e   TI_getRandomIntegerFromVLO
0000ce50   nwk_nwkInit
0000ced6   nwk_QfindSlot
0000cf58   SMPL_SendOpt
0000cfd6   nwk_radioControl
0000d04e   createRandomAddress
0000d0b8   nwk_isConnectionValid
0000d17e   _auto_init
0000d1dc   __mspabi_divul
0000d1dc   __mspabi_remul
0000d234   nwk_rawSend
0000d288   nwk_getNextConnection
0000d2d8   mrfiSpiCmdStrobe
0000d326   __mspabi_srli
0000d334   __mspabi_srli_15
0000d338   __mspabi_srli_14
0000d33c   __mspabi_srli_13
0000d340   __mspabi_srli_12
0000d344   __mspabi_srli_11
0000d348   __mspabi_srli_10
0000d34c   __mspabi_srli_9
0000d350   __mspabi_srli_8
0000d354   __mspabi_srli_7
0000d358   __mspabi_srli_6
0000d35c   __mspabi_srli_5
0000d360   __mspabi_srli_4
0000d364   __mspabi_srli_3
0000d368   __mspabi_srli_2
0000d36c   __mspabi_srli_1
0000d3ba   MRFI_RxAddrIsFiltered
0000d400   nwk_isLinkDuplicate
0000d48c   MRFI_Rssi
0000d4d0   mrfiSpiInit
0000d550   MRFI_ReplyDelay
0000d58c   nwk_putNumObjectIntoMsg
0000d5c8   nwk_isValidReply
0000d602   nwk_processMgmt
0000d63c   MRFI_WakeUp
0000d672   MRFI_SetRFPwr
0000d6a6   MRFI_SetRxAddrFilter
0000d6da   SMPL_Init
0000d70e   nwk_deviceAddress
0000d742   MRFI_SetLogicalChannel
0000d774   nwk_QadjustOrder
0000d7a6   nwk_getConnInfo
0000d7d8   nwk_linkInit
0000d86a   nwk_rawReceive
0000d89a   nwk_sendFrame
0000d924   __mspabi_divi
0000d924   __mspabi_remi
0000d97a   nwk_checkConnInfo
0000d9a4   nwk_processPing
0000d9cc   Init_ADC10
0000da18   nwk_connectionControl
0000da3e   nwk_globalsInit
0000da64   nwk_joinInit
0000da8a   nwk_processLink
0000dab0   __mspabi_mpyl
0000dad6   MRFI_Sleep
0000dafa   MRFI_EnableRxAddrFilter
0000db1c   MRFI_RxOn
0000db3e   memcmp
0000db60   BSP_Init
0000db80   BSP_InitBoard
0000dba0   MRFI_RxCompleteISR
0000dbc0   MRFI_RxIdle
0000dc00   memmove
0000dc20   nwk_frameInit
0000dc40   nwk_processJoin
0000dc60   BSP_Delay
0000dc7e   Timer0A0
0000dc9c   mrfiSpiReadReg
0000dcba   nwk_QInit
0000dcd8   MRFI_GpioIsr
0000dcf4   nwk_setMyAddress
0000dd10   BSP_GpioPort1Isr
0000dd2a   _c_int00
0000dd2a   _c_int00_noexit
0000dd44   mrfiSpiWriteReg
0000dd5e   MRFI_RandomByte
0000dd8a   __mspabi_divu
0000dd8a   __mspabi_remu
0000dda0   Init_TIMER0A0
0000ddb4   __TI_zero_init
0000dddc   memset
0000ddf0   __mspabi_mpyi
0000de04   __TI_decompress_none
0000de16   memcpy
0000de28   nwk_getMyAddress
0000de3a   nwk_setLinkToken
0000de4c   __mspabi_sral
0000de5c   __mspabi_func_epilog_7
0000de5e   __mspabi_func_epilog_6
0000de60   __mspabi_func_epilog_5
0000de62   __mspabi_func_epilog_4
0000de64   __mspabi_func_epilog_3
0000de66   __mspabi_func_epilog_2
0000de68   __mspabi_func_epilog_1
0000de6c   MRFI_Receive
0000de7a   mrfiSpiWriteTxFifo
0000de88   nwk_getNumObjectFromMsg
0000de96   nwk_setAPAddress
0000dea4   MRFI_PostKillSem
0000debc   mrfiSpiReadRxFifo
0000dec8   BSP_InitButtons
0000ded2   BSP_InitDrivers
0000dedc   BSP_InitLeds
0000dee6   _system_pre_init
0000def0   nwk_mgmtInit
0000defa   nwk_pingInit
0000df04   SMPL_Send
0000df0c   MRFI_GetRadioState
0000df12   __TI_ISR_TRAP
0000df18   __TI_decompress_rle24
0000df1e   nwk_freeConnection
0000df24   nwk_getBCastAddress
0000df2a   nwk_getFWVersion
0000df30   nwk_getMyRxType
0000df36   nwk_getProtocolVersion
0000df3c   C$$EXIT
0000df3c   abort
0000df40   nwk_processFreq
0000df44   nwk_processSecurity
0000df48   nwk_freqInit
0000df4a   nwk_securityInit
0000dfa0   mrfiBroadcastAddr
0000dfba   __TI_Handler_Table_Base
0000dfc0   __TI_Handler_Table_Limit
0000dfc4   __TI_CINIT_Base
0000dfcc   __TI_CINIT_Limit
0000ffe4   __TI_int02
0000ffe6   __TI_int03
0000ffea   __TI_int05
0000ffec   __TI_int06
0000ffee   __TI_int07
0000fff0   __TI_int08
0000fff2   __TI_int09
0000fff4   __TI_int10
0000fff6   __TI_int11
0000fff8   __TI_int12
0000fffa   __TI_int13
0000fffc   __TI_int14
0000fffe   _reset_vector
ffffffff   __binit__
ffffffff   __c_args__
ffffffff   binit
UNDEFED    __TI_INITARRAY_Base
UNDEFED    __TI_INITARRAY_Limit

[263 symbols]
