<?xml version="1.0"?>
<link_info>
   <banner>MSP430 Linker PC v4.2.1</banner>
   <copyright>Copyright (c) 2003-2013 Texas Instruments Incorporated</copyright>
   <link_time>0x533c59ce</link_time>
   <link_errors>0x0</link_errors>
   <output_file>MSP430_LP.out</output_file>
   <entry_point>
      <name>_c_int00</name>
      <address>0xdd14</address>
   </entry_point>
   <input_file_list>
      <input_file id="fl-2">
         <path>.\application\</path>
         <kind>object</kind>
         <file>vlo_rand.obj</file>
         <name>vlo_rand.obj</name>
      </input_file>
      <input_file id="fl-3">
         <path>.\application\</path>
         <kind>object</kind>
         <file>main_tx.obj</file>
         <name>main_tx.obj</name>
      </input_file>
      <input_file id="fl-4">
         <path>.\bsp\</path>
         <kind>object</kind>
         <file>bsp.obj</file>
         <name>bsp.obj</name>
      </input_file>
      <input_file id="fl-5">
         <path>.\mrfi\</path>
         <kind>object</kind>
         <file>mrfi.obj</file>
         <name>mrfi.obj</name>
      </input_file>
      <input_file id="fl-6">
         <path>.\nwk\</path>
         <kind>object</kind>
         <file>nwk_globals.obj</file>
         <name>nwk_globals.obj</name>
      </input_file>
      <input_file id="fl-7">
         <path>.\nwk\</path>
         <kind>object</kind>
         <file>nwk_frame.obj</file>
         <name>nwk_frame.obj</name>
      </input_file>
      <input_file id="fl-8">
         <path>.\nwk\</path>
         <kind>object</kind>
         <file>nwk_api.obj</file>
         <name>nwk_api.obj</name>
      </input_file>
      <input_file id="fl-9">
         <path>.\nwk\</path>
         <kind>object</kind>
         <file>nwk_QMgmt.obj</file>
         <name>nwk_QMgmt.obj</name>
      </input_file>
      <input_file id="fl-a">
         <path>.\nwk\</path>
         <kind>object</kind>
         <file>nwk.obj</file>
         <name>nwk.obj</name>
      </input_file>
      <input_file id="fl-b">
         <path>.\nwk applications\</path>
         <kind>object</kind>
         <file>nwk_security.obj</file>
         <name>nwk_security.obj</name>
      </input_file>
      <input_file id="fl-c">
         <path>.\nwk applications\</path>
         <kind>object</kind>
         <file>nwk_ping.obj</file>
         <name>nwk_ping.obj</name>
      </input_file>
      <input_file id="fl-d">
         <path>.\nwk applications\</path>
         <kind>object</kind>
         <file>nwk_mgmt.obj</file>
         <name>nwk_mgmt.obj</name>
      </input_file>
      <input_file id="fl-e">
         <path>.\nwk applications\</path>
         <kind>object</kind>
         <file>nwk_link.obj</file>
         <name>nwk_link.obj</name>
      </input_file>
      <input_file id="fl-f">
         <path>.\nwk applications\</path>
         <kind>object</kind>
         <file>nwk_join.obj</file>
         <name>nwk_join.obj</name>
      </input_file>
      <input_file id="fl-10">
         <path>.\nwk applications\</path>
         <kind>object</kind>
         <file>nwk_ioctl.obj</file>
         <name>nwk_ioctl.obj</name>
      </input_file>
      <input_file id="fl-11">
         <path>.\nwk applications\</path>
         <kind>object</kind>
         <file>nwk_freq.obj</file>
         <name>nwk_freq.obj</name>
      </input_file>
      <input_file id="fl-2b">
         <path>C:\ti\ccsv5\tools\compiler\msp430_4.2.1\lib\</path>
         <kind>archive</kind>
         <file>rts430_eabi.lib</file>
         <name>asr32.obj</name>
      </input_file>
      <input_file id="fl-2c">
         <path>C:\ti\ccsv5\tools\compiler\msp430_4.2.1\lib\</path>
         <kind>archive</kind>
         <file>rts430_eabi.lib</file>
         <name>boot.obj</name>
      </input_file>
      <input_file id="fl-2d">
         <path>C:\ti\ccsv5\tools\compiler\msp430_4.2.1\lib\</path>
         <kind>archive</kind>
         <file>rts430_eabi.lib</file>
         <name>copy_decompress_none.obj</name>
      </input_file>
      <input_file id="fl-2e">
         <path>C:\ti\ccsv5\tools\compiler\msp430_4.2.1\lib\</path>
         <kind>archive</kind>
         <file>rts430_eabi.lib</file>
         <name>copy_decompress_rle.obj</name>
      </input_file>
      <input_file id="fl-2f">
         <path>C:\ti\ccsv5\tools\compiler\msp430_4.2.1\lib\</path>
         <kind>archive</kind>
         <file>rts430_eabi.lib</file>
         <name>copy_zero_init.obj</name>
      </input_file>
      <input_file id="fl-30">
         <path>C:\ti\ccsv5\tools\compiler\msp430_4.2.1\lib\</path>
         <kind>archive</kind>
         <file>rts430_eabi.lib</file>
         <name>div16s.obj</name>
      </input_file>
      <input_file id="fl-31">
         <path>C:\ti\ccsv5\tools\compiler\msp430_4.2.1\lib\</path>
         <kind>archive</kind>
         <file>rts430_eabi.lib</file>
         <name>div16u.obj</name>
      </input_file>
      <input_file id="fl-32">
         <path>C:\ti\ccsv5\tools\compiler\msp430_4.2.1\lib\</path>
         <kind>archive</kind>
         <file>rts430_eabi.lib</file>
         <name>div32u.obj</name>
      </input_file>
      <input_file id="fl-33">
         <path>C:\ti\ccsv5\tools\compiler\msp430_4.2.1\lib\</path>
         <kind>archive</kind>
         <file>rts430_eabi.lib</file>
         <name>epilog.obj</name>
      </input_file>
      <input_file id="fl-34">
         <path>C:\ti\ccsv5\tools\compiler\msp430_4.2.1\lib\</path>
         <kind>archive</kind>
         <file>rts430_eabi.lib</file>
         <name>exit.obj</name>
      </input_file>
      <input_file id="fl-35">
         <path>C:\ti\ccsv5\tools\compiler\msp430_4.2.1\lib\</path>
         <kind>archive</kind>
         <file>rts430_eabi.lib</file>
         <name>int02.obj</name>
      </input_file>
      <input_file id="fl-36">
         <path>C:\ti\ccsv5\tools\compiler\msp430_4.2.1\lib\</path>
         <kind>archive</kind>
         <file>rts430_eabi.lib</file>
         <name>int05.obj</name>
      </input_file>
      <input_file id="fl-37">
         <path>C:\ti\ccsv5\tools\compiler\msp430_4.2.1\lib\</path>
         <kind>archive</kind>
         <file>rts430_eabi.lib</file>
         <name>int06.obj</name>
      </input_file>
      <input_file id="fl-38">
         <path>C:\ti\ccsv5\tools\compiler\msp430_4.2.1\lib\</path>
         <kind>archive</kind>
         <file>rts430_eabi.lib</file>
         <name>int07.obj</name>
      </input_file>
      <input_file id="fl-39">
         <path>C:\ti\ccsv5\tools\compiler\msp430_4.2.1\lib\</path>
         <kind>archive</kind>
         <file>rts430_eabi.lib</file>
         <name>int08.obj</name>
      </input_file>
      <input_file id="fl-3a">
         <path>C:\ti\ccsv5\tools\compiler\msp430_4.2.1\lib\</path>
         <kind>archive</kind>
         <file>rts430_eabi.lib</file>
         <name>int10.obj</name>
      </input_file>
      <input_file id="fl-3b">
         <path>C:\ti\ccsv5\tools\compiler\msp430_4.2.1\lib\</path>
         <kind>archive</kind>
         <file>rts430_eabi.lib</file>
         <name>int11.obj</name>
      </input_file>
      <input_file id="fl-3c">
         <path>C:\ti\ccsv5\tools\compiler\msp430_4.2.1\lib\</path>
         <kind>archive</kind>
         <file>rts430_eabi.lib</file>
         <name>int12.obj</name>
      </input_file>
      <input_file id="fl-3d">
         <path>C:\ti\ccsv5\tools\compiler\msp430_4.2.1\lib\</path>
         <kind>archive</kind>
         <file>rts430_eabi.lib</file>
         <name>int13.obj</name>
      </input_file>
      <input_file id="fl-3e">
         <path>C:\ti\ccsv5\tools\compiler\msp430_4.2.1\lib\</path>
         <kind>archive</kind>
         <file>rts430_eabi.lib</file>
         <name>int14.obj</name>
      </input_file>
      <input_file id="fl-3f">
         <path>C:\ti\ccsv5\tools\compiler\msp430_4.2.1\lib\</path>
         <kind>archive</kind>
         <file>rts430_eabi.lib</file>
         <name>isr_trap.obj</name>
      </input_file>
      <input_file id="fl-40">
         <path>C:\ti\ccsv5\tools\compiler\msp430_4.2.1\lib\</path>
         <kind>archive</kind>
         <file>rts430_eabi.lib</file>
         <name>lsr16.obj</name>
      </input_file>
      <input_file id="fl-41">
         <path>C:\ti\ccsv5\tools\compiler\msp430_4.2.1\lib\</path>
         <kind>archive</kind>
         <file>rts430_eabi.lib</file>
         <name>memcmp.obj</name>
      </input_file>
      <input_file id="fl-42">
         <path>C:\ti\ccsv5\tools\compiler\msp430_4.2.1\lib\</path>
         <kind>archive</kind>
         <file>rts430_eabi.lib</file>
         <name>memcpy.obj</name>
      </input_file>
      <input_file id="fl-43">
         <path>C:\ti\ccsv5\tools\compiler\msp430_4.2.1\lib\</path>
         <kind>archive</kind>
         <file>rts430_eabi.lib</file>
         <name>memmov.obj</name>
      </input_file>
      <input_file id="fl-44">
         <path>C:\ti\ccsv5\tools\compiler\msp430_4.2.1\lib\</path>
         <kind>archive</kind>
         <file>rts430_eabi.lib</file>
         <name>memset.obj</name>
      </input_file>
      <input_file id="fl-45">
         <path>C:\ti\ccsv5\tools\compiler\msp430_4.2.1\lib\</path>
         <kind>archive</kind>
         <file>rts430_eabi.lib</file>
         <name>mult16.obj</name>
      </input_file>
      <input_file id="fl-46">
         <path>C:\ti\ccsv5\tools\compiler\msp430_4.2.1\lib\</path>
         <kind>archive</kind>
         <file>rts430_eabi.lib</file>
         <name>mult32.obj</name>
      </input_file>
      <input_file id="fl-47">
         <path>C:\ti\ccsv5\tools\compiler\msp430_4.2.1\lib\</path>
         <kind>archive</kind>
         <file>rts430_eabi.lib</file>
         <name>_lock.obj</name>
      </input_file>
      <input_file id="fl-48">
         <path>C:\ti\ccsv5\tools\compiler\msp430_4.2.1\lib\</path>
         <kind>archive</kind>
         <file>rts430_eabi.lib</file>
         <name>args_main.obj</name>
      </input_file>
      <input_file id="fl-49">
         <path>C:\ti\ccsv5\tools\compiler\msp430_4.2.1\lib\</path>
         <kind>archive</kind>
         <file>rts430_eabi.lib</file>
         <name>autoinit.obj</name>
      </input_file>
   </input_file_list>
   <object_component_list>
      <object_component id="oc-4e">
         <name>.stack</name>
         <uninitialized>true</uninitialized>
         <run_address>0x3b0</run_address>
         <size>0x2</size>
         <input_file_ref idref="fl-2c"/>
      </object_component>
      <object_component id="oc-473">
         <name>.stack</name>
         <uninitialized>true</uninitialized>
         <run_address>0x3b0</run_address>
         <size>0x0</size>
      </object_component>
      <object_component id="oc-15d">
         <name>.text:MRFI_Init</name>
         <load_address>0xc000</load_address>
         <run_address>0xc000</run_address>
         <size>0x1d0</size>
         <input_file_ref idref="fl-5"/>
      </object_component>
      <object_component id="oc-421">
         <name>.text:smpl_send_link_reply</name>
         <load_address>0xc1d0</load_address>
         <run_address>0xc1d0</run_address>
         <size>0x198</size>
         <input_file_ref idref="fl-e"/>
      </object_component>
      <object_component id="oc-d6">
         <name>.text:nwk_link</name>
         <load_address>0xc368</load_address>
         <run_address>0xc368</run_address>
         <size>0x158</size>
         <input_file_ref idref="fl-e"/>
      </object_component>
      <object_component id="oc-349">
         <name>.text:nwk_QfindOldest</name>
         <load_address>0xc4c0</load_address>
         <run_address>0xc4c0</run_address>
         <size>0x12a</size>
         <input_file_ref idref="fl-9"/>
      </object_component>
      <object_component id="oc-343">
         <name>.text:MRFI_Transmit</name>
         <load_address>0xc5ea</load_address>
         <run_address>0xc5ea</run_address>
         <size>0x102</size>
         <input_file_ref idref="fl-5"/>
      </object_component>
      <object_component id="oc-17b">
         <name>.text:nwk_join</name>
         <load_address>0xc6ec</load_address>
         <run_address>0xc6ec</run_address>
         <size>0xfa</size>
         <input_file_ref idref="fl-f"/>
      </object_component>
      <object_component id="oc-189">
         <name>.text:nwk_allocateLocalRxPort</name>
         <load_address>0xc7e6</load_address>
         <run_address>0xc7e6</run_address>
         <size>0xde</size>
         <input_file_ref idref="fl-a"/>
      </object_component>
      <object_component id="oc-fd">
         <name>.text:Mrfi_SyncPinRxIsr</name>
         <load_address>0xc8c4</load_address>
         <run_address>0xc8c4</run_address>
         <size>0xd8</size>
         <input_file_ref idref="fl-5"/>
      </object_component>
      <object_component id="oc-69">
         <name>.text:main</name>
         <load_address>0xc99c</load_address>
         <run_address>0xc99c</run_address>
         <size>0xc6</size>
         <input_file_ref idref="fl-3"/>
      </object_component>
      <object_component id="oc-239">
         <name>.text:nwk_retrieveFrame</name>
         <load_address>0xca62</load_address>
         <run_address>0xca62</run_address>
         <size>0xb2</size>
         <input_file_ref idref="fl-7"/>
      </object_component>
      <object_component id="oc-c1">
         <name>.text:SMPL_Ioctl</name>
         <load_address>0xcb14</load_address>
         <run_address>0xcb14</run_address>
         <size>0xb0</size>
         <input_file_ref idref="fl-8"/>
      </object_component>
      <object_component id="oc-324">
         <name>.text:dispatchFrame</name>
         <load_address>0xcbc4</load_address>
         <run_address>0xcbc4</run_address>
         <size>0xae</size>
         <input_file_ref idref="fl-7"/>
      </object_component>
      <object_component id="oc-22e">
         <name>.text:nwk_buildFrame</name>
         <load_address>0xcc72</load_address>
         <run_address>0xcc72</run_address>
         <size>0x9e</size>
         <input_file_ref idref="fl-7"/>
      </object_component>
      <object_component id="oc-12c">
         <name>.text</name>
         <load_address>0xcd10</load_address>
         <run_address>0xcd10</run_address>
         <size>0x9e</size>
         <input_file_ref idref="fl-2"/>
      </object_component>
      <object_component id="oc-30a">
         <name>.text:spiBurstFifoAccess</name>
         <load_address>0xcdae</load_address>
         <run_address>0xcdae</run_address>
         <size>0x8c</size>
         <input_file_ref idref="fl-5"/>
      </object_component>
      <object_component id="oc-162">
         <name>.text:nwk_nwkInit</name>
         <load_address>0xce3a</load_address>
         <run_address>0xce3a</run_address>
         <size>0x86</size>
         <input_file_ref idref="fl-a"/>
      </object_component>
      <object_component id="oc-31a">
         <name>.text:nwk_QfindSlot</name>
         <load_address>0xcec0</load_address>
         <run_address>0xcec0</run_address>
         <size>0x82</size>
         <input_file_ref idref="fl-9"/>
      </object_component>
      <object_component id="oc-1c9">
         <name>.text:SMPL_SendOpt</name>
         <load_address>0xcf42</load_address>
         <run_address>0xcf42</run_address>
         <size>0x7e</size>
         <input_file_ref idref="fl-8"/>
      </object_component>
      <object_component id="oc-14c">
         <name>.text:nwk_radioControl</name>
         <load_address>0xcfc0</load_address>
         <run_address>0xcfc0</run_address>
         <size>0x78</size>
         <input_file_ref idref="fl-10"/>
      </object_component>
      <object_component id="oc-b6">
         <name>.text:createRandomAddress</name>
         <load_address>0xd038</load_address>
         <run_address>0xd038</run_address>
         <size>0x6a</size>
         <input_file_ref idref="fl-3"/>
      </object_component>
      <object_component id="oc-3ac">
         <name>.text:nwk_isConnectionValid</name>
         <load_address>0xd0a2</load_address>
         <run_address>0xd0a2</run_address>
         <size>0x68</size>
         <input_file_ref idref="fl-a"/>
      </object_component>
      <object_component id="oc-87">
         <name>.text:__TI_decompress_rle_core</name>
         <load_address>0xd10a</load_address>
         <run_address>0xd10a</run_address>
         <size>0x5e</size>
         <input_file_ref idref="fl-2e"/>
      </object_component>
      <object_component id="oc-64">
         <name>.text:_auto_init</name>
         <load_address>0xd168</load_address>
         <run_address>0xd168</run_address>
         <size>0x5e</size>
         <input_file_ref idref="fl-49"/>
      </object_component>
      <object_component id="oc-274">
         <name>.text</name>
         <load_address>0xd1c6</load_address>
         <run_address>0xd1c6</run_address>
         <size>0x58</size>
         <input_file_ref idref="fl-32"/>
      </object_component>
      <object_component id="oc-151">
         <name>.text:nwk_rawSend</name>
         <load_address>0xd21e</load_address>
         <run_address>0xd21e</run_address>
         <size>0x54</size>
         <input_file_ref idref="fl-10"/>
      </object_component>
      <object_component id="oc-184">
         <name>.text:nwk_getNextConnection</name>
         <load_address>0xd272</load_address>
         <run_address>0xd272</run_address>
         <size>0x50</size>
         <input_file_ref idref="fl-a"/>
      </object_component>
      <object_component id="oc-1fb">
         <name>.text:mrfiSpiCmdStrobe</name>
         <load_address>0xd2c2</load_address>
         <run_address>0xd2c2</run_address>
         <size>0x4e</size>
         <input_file_ref idref="fl-5"/>
      </object_component>
      <object_component id="oc-278">
         <name>.text</name>
         <load_address>0xd310</load_address>
         <run_address>0xd310</run_address>
         <size>0x4c</size>
         <input_file_ref idref="fl-40"/>
      </object_component>
      <object_component id="oc-304">
         <name>.text:spiRegAccess</name>
         <load_address>0xd35c</load_address>
         <run_address>0xd35c</run_address>
         <size>0x48</size>
         <input_file_ref idref="fl-5"/>
      </object_component>
      <object_component id="oc-1e9">
         <name>.text:MRFI_RxAddrIsFiltered</name>
         <load_address>0xd3a4</load_address>
         <run_address>0xd3a4</run_address>
         <size>0x46</size>
         <input_file_ref idref="fl-5"/>
      </object_component>
      <object_component id="oc-431">
         <name>.text:nwk_isLinkDuplicate</name>
         <load_address>0xd3ea</load_address>
         <run_address>0xd3ea</run_address>
         <size>0x46</size>
         <input_file_ref idref="fl-a"/>
      </object_component>
      <object_component id="oc-41b">
         <name>.text:smpl_send_ping_reply</name>
         <load_address>0xd430</load_address>
         <run_address>0xd430</run_address>
         <size>0x46</size>
         <input_file_ref idref="fl-c"/>
      </object_component>
      <object_component id="oc-228">
         <name>.text:MRFI_Rssi</name>
         <load_address>0xd476</load_address>
         <run_address>0xd476</run_address>
         <size>0x44</size>
         <input_file_ref idref="fl-5"/>
      </object_component>
      <object_component id="oc-24c">
         <name>.text:mrfiSpiInit</name>
         <load_address>0xd4ba</load_address>
         <run_address>0xd4ba</run_address>
         <size>0x42</size>
         <input_file_ref idref="fl-5"/>
      </object_component>
      <object_component id="oc-2cd">
         <name>.text:initializeConnection</name>
         <load_address>0xd4fc</load_address>
         <run_address>0xd4fc</run_address>
         <size>0x3e</size>
         <input_file_ref idref="fl-a"/>
      </object_component>
      <object_component id="oc-1ae">
         <name>.text:MRFI_ReplyDelay</name>
         <load_address>0xd53a</load_address>
         <run_address>0xd53a</run_address>
         <size>0x3c</size>
         <input_file_ref idref="fl-5"/>
      </object_component>
      <object_component id="oc-19a">
         <name>.text:nwk_putNumObjectIntoMsg</name>
         <load_address>0xd576</load_address>
         <run_address>0xd576</run_address>
         <size>0x3c</size>
         <input_file_ref idref="fl-a"/>
      </object_component>
      <object_component id="oc-402">
         <name>.text:nwk_isValidReply</name>
         <load_address>0xd5b2</load_address>
         <run_address>0xd5b2</run_address>
         <size>0x3a</size>
         <input_file_ref idref="fl-a"/>
      </object_component>
      <object_component id="oc-3ef">
         <name>.text:nwk_processMgmt</name>
         <load_address>0xd5ec</load_address>
         <run_address>0xd5ec</run_address>
         <size>0x3a</size>
         <input_file_ref idref="fl-d"/>
      </object_component>
      <object_component id="oc-167">
         <name>.text:MRFI_WakeUp</name>
         <load_address>0xd626</load_address>
         <run_address>0xd626</run_address>
         <size>0x36</size>
         <input_file_ref idref="fl-5"/>
      </object_component>
      <object_component id="oc-262">
         <name>.text:MRFI_SetRFPwr</name>
         <load_address>0xd65c</load_address>
         <run_address>0xd65c</run_address>
         <size>0x34</size>
         <input_file_ref idref="fl-5"/>
      </object_component>
      <object_component id="oc-171">
         <name>.text:MRFI_SetRxAddrFilter</name>
         <load_address>0xd690</load_address>
         <run_address>0xd690</run_address>
         <size>0x34</size>
         <input_file_ref idref="fl-5"/>
      </object_component>
      <object_component id="oc-c6">
         <name>.text:SMPL_Init</name>
         <load_address>0xd6c4</load_address>
         <run_address>0xd6c4</run_address>
         <size>0x34</size>
         <input_file_ref idref="fl-8"/>
      </object_component>
      <object_component id="oc-147">
         <name>.text:nwk_deviceAddress</name>
         <load_address>0xd6f8</load_address>
         <run_address>0xd6f8</run_address>
         <size>0x34</size>
         <input_file_ref idref="fl-10"/>
      </object_component>
      <object_component id="oc-25d">
         <name>.text:MRFI_SetLogicalChannel</name>
         <load_address>0xd72c</load_address>
         <run_address>0xd72c</run_address>
         <size>0x32</size>
         <input_file_ref idref="fl-5"/>
      </object_component>
      <object_component id="oc-34e">
         <name>.text:nwk_QadjustOrder</name>
         <load_address>0xd75e</load_address>
         <run_address>0xd75e</run_address>
         <size>0x32</size>
         <input_file_ref idref="fl-9"/>
      </object_component>
      <object_component id="oc-21b">
         <name>.text:nwk_getConnInfo</name>
         <load_address>0xd790</load_address>
         <run_address>0xd790</run_address>
         <size>0x32</size>
         <input_file_ref idref="fl-a"/>
      </object_component>
      <object_component id="oc-2a4">
         <name>.text:nwk_linkInit</name>
         <load_address>0xd7c2</load_address>
         <run_address>0xd7c2</run_address>
         <size>0x32</size>
         <input_file_ref idref="fl-e"/>
      </object_component>
      <object_component id="oc-2ed">
         <name>.text:Mrfi_DelayUsecSem</name>
         <load_address>0xd7f4</load_address>
         <run_address>0xd7f4</run_address>
         <size>0x30</size>
         <input_file_ref idref="fl-5"/>
      </object_component>
      <object_component id="oc-337">
         <name>.text:map_lid2idx</name>
         <load_address>0xd824</load_address>
         <run_address>0xd824</run_address>
         <size>0x30</size>
         <input_file_ref idref="fl-a"/>
      </object_component>
      <object_component id="oc-156">
         <name>.text:nwk_rawReceive</name>
         <load_address>0xd854</load_address>
         <run_address>0xd854</run_address>
         <size>0x30</size>
         <input_file_ref idref="fl-10"/>
      </object_component>
      <object_component id="oc-233">
         <name>.text:nwk_sendFrame</name>
         <load_address>0xd884</load_address>
         <run_address>0xd884</run_address>
         <size>0x30</size>
         <input_file_ref idref="fl-7"/>
      </object_component>
      <object_component id="oc-1ef">
         <name>.text:Mrfi_CalculateRssi</name>
         <load_address>0xd8b4</load_address>
         <run_address>0xd8b4</run_address>
         <size>0x2e</size>
         <input_file_ref idref="fl-5"/>
      </object_component>
      <object_component id="oc-267">
         <name>.text:Mrfi_RxModeOff</name>
         <load_address>0xd8e2</load_address>
         <run_address>0xd8e2</run_address>
         <size>0x2c</size>
         <input_file_ref idref="fl-5"/>
      </object_component>
      <object_component id="oc-315">
         <name>.text</name>
         <load_address>0xd90e</load_address>
         <run_address>0xd90e</run_address>
         <size>0x2c</size>
         <input_file_ref idref="fl-30"/>
      </object_component>
      <object_component id="oc-251">
         <name>.text:Mrfi_DelayUsec</name>
         <load_address>0xd93a</load_address>
         <run_address>0xd93a</run_address>
         <size>0x2a</size>
         <input_file_ref idref="fl-5"/>
      </object_component>
      <object_component id="oc-2fc">
         <name>.text:nwk_checkConnInfo</name>
         <load_address>0xd964</load_address>
         <run_address>0xd964</run_address>
         <size>0x2a</size>
         <input_file_ref idref="fl-a"/>
      </object_component>
      <object_component id="oc-3d6">
         <name>.text:nwk_processPing</name>
         <load_address>0xd98e</load_address>
         <run_address>0xd98e</run_address>
         <size>0x28</size>
         <input_file_ref idref="fl-c"/>
      </object_component>
      <object_component id="oc-cb">
         <name>.text:Init_ADC10</name>
         <load_address>0xd9b6</load_address>
         <run_address>0xd9b6</run_address>
         <size>0x26</size>
         <input_file_ref idref="fl-3"/>
      </object_component>
      <object_component id="oc-3ba">
         <name>.text:Mrfi_RandomBackoffDelay</name>
         <load_address>0xd9dc</load_address>
         <run_address>0xd9dc</run_address>
         <size>0x26</size>
         <input_file_ref idref="fl-5"/>
      </object_component>
      <object_component id="oc-142">
         <name>.text:nwk_connectionControl</name>
         <load_address>0xda02</load_address>
         <run_address>0xda02</run_address>
         <size>0x26</size>
         <input_file_ref idref="fl-10"/>
      </object_component>
      <object_component id="oc-281">
         <name>.text:nwk_globalsInit</name>
         <load_address>0xda28</load_address>
         <run_address>0xda28</run_address>
         <size>0x26</size>
         <input_file_ref idref="fl-6"/>
      </object_component>
      <object_component id="oc-29a">
         <name>.text:nwk_joinInit</name>
         <load_address>0xda4e</load_address>
         <run_address>0xda4e</run_address>
         <size>0x26</size>
         <input_file_ref idref="fl-f"/>
      </object_component>
      <object_component id="oc-3db">
         <name>.text:nwk_processLink</name>
         <load_address>0xda74</load_address>
         <run_address>0xda74</run_address>
         <size>0x26</size>
         <input_file_ref idref="fl-e"/>
      </object_component>
      <object_component id="oc-270">
         <name>.text</name>
         <load_address>0xda9a</load_address>
         <run_address>0xda9a</run_address>
         <size>0x26</size>
         <input_file_ref idref="fl-46"/>
      </object_component>
      <object_component id="oc-1b8">
         <name>.text:MRFI_Sleep</name>
         <load_address>0xdac0</load_address>
         <run_address>0xdac0</run_address>
         <size>0x24</size>
         <input_file_ref idref="fl-5"/>
      </object_component>
      <object_component id="oc-176">
         <name>.text:MRFI_EnableRxAddrFilter</name>
         <load_address>0xdae4</load_address>
         <run_address>0xdae4</run_address>
         <size>0x22</size>
         <input_file_ref idref="fl-5"/>
      </object_component>
      <object_component id="oc-1a9">
         <name>.text:MRFI_RxOn</name>
         <load_address>0xdb06</load_address>
         <run_address>0xdb06</run_address>
         <size>0x22</size>
         <input_file_ref idref="fl-5"/>
      </object_component>
      <object_component id="oc-2d3">
         <name>.text:memcmp</name>
         <load_address>0xdb28</load_address>
         <run_address>0xdb28</run_address>
         <size>0x22</size>
         <input_file_ref idref="fl-41"/>
      </object_component>
      <object_component id="oc-af">
         <name>.text:BSP_Init</name>
         <load_address>0xdb4a</load_address>
         <run_address>0xdb4a</run_address>
         <size>0x20</size>
         <input_file_ref idref="fl-4"/>
      </object_component>
      <object_component id="oc-121">
         <name>.text:BSP_InitBoard</name>
         <load_address>0xdb6a</load_address>
         <run_address>0xdb6a</run_address>
         <size>0x20</size>
         <input_file_ref idref="fl-4"/>
      </object_component>
      <object_component id="oc-1f6">
         <name>.text:MRFI_RxCompleteISR</name>
         <load_address>0xdb8a</load_address>
         <run_address>0xdb8a</run_address>
         <size>0x20</size>
         <input_file_ref idref="fl-7"/>
      </object_component>
      <object_component id="oc-1b3">
         <name>.text:MRFI_RxIdle</name>
         <load_address>0xdbaa</load_address>
         <run_address>0xdbaa</run_address>
         <size>0x20</size>
         <input_file_ref idref="fl-5"/>
      </object_component>
      <object_component id="oc-40d">
         <name>.text:handleLinkRequest</name>
         <load_address>0xdbca</load_address>
         <run_address>0xdbca</run_address>
         <size>0x20</size>
         <input_file_ref idref="fl-e"/>
      </object_component>
      <object_component id="oc-2dd">
         <name>.text:memmove</name>
         <load_address>0xdbea</load_address>
         <run_address>0xdbea</run_address>
         <size>0x20</size>
         <input_file_ref idref="fl-43"/>
      </object_component>
      <object_component id="oc-286">
         <name>.text:nwk_frameInit</name>
         <load_address>0xdc0a</load_address>
         <run_address>0xdc0a</run_address>
         <size>0x20</size>
         <input_file_ref idref="fl-7"/>
      </object_component>
      <object_component id="oc-3e0">
         <name>.text:nwk_processJoin</name>
         <load_address>0xdc2a</load_address>
         <run_address>0xdc2a</run_address>
         <size>0x20</size>
         <input_file_ref idref="fl-f"/>
      </object_component>
      <object_component id="oc-db">
         <name>.text:BSP_Delay</name>
         <load_address>0xdc4a</load_address>
         <run_address>0xdc4a</run_address>
         <size>0x1e</size>
         <input_file_ref idref="fl-4"/>
      </object_component>
      <object_component id="oc-5a">
         <name>.text:Timer0A0</name>
         <load_address>0xdc68</load_address>
         <run_address>0xdc68</run_address>
         <size>0x1e</size>
         <input_file_ref idref="fl-3"/>
      </object_component>
      <object_component id="oc-1d3">
         <name>.text:mrfiSpiReadReg</name>
         <load_address>0xdc86</load_address>
         <run_address>0xdc86</run_address>
         <size>0x1e</size>
         <input_file_ref idref="fl-5"/>
      </object_component>
      <object_component id="oc-28b">
         <name>.text:nwk_QInit</name>
         <load_address>0xdca4</load_address>
         <run_address>0xdca4</run_address>
         <size>0x1e</size>
         <input_file_ref idref="fl-9"/>
      </object_component>
      <object_component id="oc-9b">
         <name>.text:MRFI_GpioIsr</name>
         <load_address>0xdcc2</load_address>
         <run_address>0xdcc2</run_address>
         <size>0x1c</size>
         <input_file_ref idref="fl-5"/>
      </object_component>
      <object_component id="oc-222">
         <name>.text:nwk_setMyAddress</name>
         <load_address>0xdcde</load_address>
         <run_address>0xdcde</run_address>
         <size>0x1c</size>
         <input_file_ref idref="fl-6"/>
      </object_component>
      <object_component id="oc-55">
         <name>.text:BSP_GpioPort1Isr</name>
         <load_address>0xdcfa</load_address>
         <run_address>0xdcfa</run_address>
         <size>0x1a</size>
         <input_file_ref idref="fl-5"/>
      </object_component>
      <object_component id="oc-3a">
         <name>.text:_c_int00_noexit</name>
         <load_address>0xdd14</load_address>
         <run_address>0xdd14</run_address>
         <size>0x1a</size>
         <input_file_ref idref="fl-2c"/>
      </object_component>
      <object_component id="oc-256">
         <name>.text:mrfiSpiWriteReg</name>
         <load_address>0xdd2e</load_address>
         <run_address>0xdd2e</run_address>
         <size>0x1a</size>
         <input_file_ref idref="fl-5"/>
      </object_component>
      <object_component id="oc-36e">
         <name>.text:MRFI_RandomByte</name>
         <load_address>0xdd48</load_address>
         <run_address>0xdd48</run_address>
         <size>0x16</size>
         <input_file_ref idref="fl-5"/>
      </object_component>
      <object_component id="oc-2e7">
         <name>.text:Mrfi_RxModeOn</name>
         <load_address>0xdd5e</load_address>
         <run_address>0xdd5e</run_address>
         <size>0x16</size>
         <input_file_ref idref="fl-5"/>
      </object_component>
      <object_component id="oc-3a0">
         <name>.text</name>
         <load_address>0xdd74</load_address>
         <run_address>0xdd74</run_address>
         <size>0x16</size>
         <input_file_ref idref="fl-31"/>
      </object_component>
      <object_component id="oc-d0">
         <name>.text:Init_TIMER0A0</name>
         <load_address>0xdd8a</load_address>
         <run_address>0xdd8a</run_address>
         <size>0x14</size>
         <input_file_ref idref="fl-3"/>
      </object_component>
      <object_component id="oc-44">
         <name>.text:decompress:ZI:__TI_zero_init</name>
         <load_address>0xdd9e</load_address>
         <run_address>0xdd9e</run_address>
         <size>0x14</size>
         <input_file_ref idref="fl-2f"/>
      </object_component>
      <object_component id="oc-133">
         <name>.text:ioctlPreInitAccessIsOK</name>
         <load_address>0xddb2</load_address>
         <run_address>0xddb2</run_address>
         <size>0x14</size>
         <input_file_ref idref="fl-8"/>
      </object_component>
      <object_component id="oc-1df">
         <name>.text:memset</name>
         <load_address>0xddc6</load_address>
         <run_address>0xddc6</run_address>
         <size>0x14</size>
         <input_file_ref idref="fl-44"/>
      </object_component>
      <object_component id="oc-1c1">
         <name>.text</name>
         <load_address>0xddda</load_address>
         <run_address>0xddda</run_address>
         <size>0x14</size>
         <input_file_ref idref="fl-45"/>
      </object_component>
      <object_component id="oc-3f">
         <name>.text:decompress:none:__TI_decompress_none</name>
         <load_address>0xddee</load_address>
         <run_address>0xddee</run_address>
         <size>0x12</size>
         <input_file_ref idref="fl-2d"/>
      </object_component>
      <object_component id="oc-74">
         <name>.text:memcpy</name>
         <load_address>0xde00</load_address>
         <run_address>0xde00</run_address>
         <size>0x12</size>
         <input_file_ref idref="fl-42"/>
      </object_component>
      <object_component id="oc-16c">
         <name>.text:nwk_getMyAddress</name>
         <load_address>0xde12</load_address>
         <run_address>0xde12</run_address>
         <size>0x12</size>
         <input_file_ref idref="fl-6"/>
      </object_component>
      <object_component id="oc-2bd">
         <name>.text:nwk_setLinkToken</name>
         <load_address>0xde24</load_address>
         <run_address>0xde24</run_address>
         <size>0x12</size>
         <input_file_ref idref="fl-e"/>
      </object_component>
      <object_component id="oc-26c">
         <name>.text:l_asr</name>
         <load_address>0xde36</load_address>
         <run_address>0xde36</run_address>
         <size>0x10</size>
         <input_file_ref idref="fl-2b"/>
      </object_component>
      <object_component id="oc-a7">
         <name>.text</name>
         <load_address>0xde46</load_address>
         <run_address>0xde46</run_address>
         <size>0x10</size>
         <input_file_ref idref="fl-33"/>
      </object_component>
      <object_component id="oc-31f">
         <name>.text:MRFI_Receive</name>
         <load_address>0xde56</load_address>
         <run_address>0xde56</run_address>
         <size>0xe</size>
         <input_file_ref idref="fl-5"/>
      </object_component>
      <object_component id="oc-3b5">
         <name>.text:mrfiSpiWriteTxFifo</name>
         <load_address>0xde64</load_address>
         <run_address>0xde64</run_address>
         <size>0xe</size>
         <input_file_ref idref="fl-5"/>
      </object_component>
      <object_component id="oc-42c">
         <name>.text:nwk_getNumObjectFromMsg</name>
         <load_address>0xde72</load_address>
         <run_address>0xde72</run_address>
         <size>0xe</size>
         <input_file_ref idref="fl-a"/>
      </object_component>
      <object_component id="oc-2c2">
         <name>.text:nwk_setAPAddress</name>
         <load_address>0xde80</load_address>
         <run_address>0xde80</run_address>
         <size>0xe</size>
         <input_file_ref idref="fl-6"/>
      </object_component>
      <object_component id="oc-3f6">
         <name>.text:MRFI_PostKillSem</name>
         <load_address>0xde8e</load_address>
         <run_address>0xde8e</run_address>
         <size>0xc</size>
         <input_file_ref idref="fl-5"/>
      </object_component>
      <object_component id="oc-407">
         <name>.text:handlePingRequest</name>
         <load_address>0xde9a</load_address>
         <run_address>0xde9a</run_address>
         <size>0xc</size>
         <input_file_ref idref="fl-c"/>
      </object_component>
      <object_component id="oc-1d8">
         <name>.text:mrfiSpiReadRxFifo</name>
         <load_address>0xdea6</load_address>
         <run_address>0xdea6</run_address>
         <size>0xc</size>
         <input_file_ref idref="fl-5"/>
      </object_component>
      <object_component id="oc-20c">
         <name>.text:BSP_InitButtons</name>
         <load_address>0xdeb2</load_address>
         <run_address>0xdeb2</run_address>
         <size>0xa</size>
         <input_file_ref idref="fl-4"/>
      </object_component>
      <object_component id="oc-126">
         <name>.text:BSP_InitDrivers</name>
         <load_address>0xdebc</load_address>
         <run_address>0xdebc</run_address>
         <size>0xa</size>
         <input_file_ref idref="fl-4"/>
      </object_component>
      <object_component id="oc-207">
         <name>.text:BSP_InitLeds</name>
         <load_address>0xdec6</load_address>
         <run_address>0xdec6</run_address>
         <size>0xa</size>
         <input_file_ref idref="fl-4"/>
      </object_component>
      <object_component id="oc-5f">
         <name>.text:_system_pre_init</name>
         <load_address>0xded0</load_address>
         <run_address>0xded0</run_address>
         <size>0xa</size>
         <input_file_ref idref="fl-4"/>
      </object_component>
      <object_component id="oc-29f">
         <name>.text:nwk_mgmtInit</name>
         <load_address>0xdeda</load_address>
         <run_address>0xdeda</run_address>
         <size>0xa</size>
         <input_file_ref idref="fl-d"/>
      </object_component>
      <object_component id="oc-295">
         <name>.text:nwk_pingInit</name>
         <load_address>0xdee4</load_address>
         <run_address>0xdee4</run_address>
         <size>0xa</size>
         <input_file_ref idref="fl-c"/>
      </object_component>
      <object_component id="oc-e3">
         <name>.text:SMPL_Send</name>
         <load_address>0xdeee</load_address>
         <run_address>0xdeee</run_address>
         <size>0x8</size>
         <input_file_ref idref="fl-8"/>
      </object_component>
      <object_component id="oc-1a4">
         <name>.text:MRFI_GetRadioState</name>
         <load_address>0xdef6</load_address>
         <run_address>0xdef6</run_address>
         <size>0x6</size>
         <input_file_ref idref="fl-5"/>
      </object_component>
      <object_component id="oc-51">
         <name>.text:__TI_ISR_TRAP</name>
         <load_address>0xdefc</load_address>
         <run_address>0xdefc</run_address>
         <size>0x6</size>
         <input_file_ref idref="fl-3f"/>
      </object_component>
      <object_component id="oc-49">
         <name>.text:decompress:rle24:__TI_decompress_rle24</name>
         <load_address>0xdf02</load_address>
         <run_address>0xdf02</run_address>
         <size>0x6</size>
         <input_file_ref idref="fl-2e"/>
      </object_component>
      <object_component id="oc-18e">
         <name>.text:nwk_freeConnection</name>
         <load_address>0xdf08</load_address>
         <run_address>0xdf08</run_address>
         <size>0x6</size>
         <input_file_ref idref="fl-a"/>
      </object_component>
      <object_component id="oc-193">
         <name>.text:nwk_getBCastAddress</name>
         <load_address>0xdf0e</load_address>
         <run_address>0xdf0e</run_address>
         <size>0x6</size>
         <input_file_ref idref="fl-6"/>
      </object_component>
      <object_component id="oc-13d">
         <name>.text:nwk_getFWVersion</name>
         <load_address>0xdf14</load_address>
         <run_address>0xdf14</run_address>
         <size>0x6</size>
         <input_file_ref idref="fl-6"/>
      </object_component>
      <object_component id="oc-19f">
         <name>.text:nwk_getMyRxType</name>
         <load_address>0xdf1a</load_address>
         <run_address>0xdf1a</run_address>
         <size>0x6</size>
         <input_file_ref idref="fl-7"/>
      </object_component>
      <object_component id="oc-138">
         <name>.text:nwk_getProtocolVersion</name>
         <load_address>0xdf20</load_address>
         <run_address>0xdf20</run_address>
         <size>0x6</size>
         <input_file_ref idref="fl-6"/>
      </object_component>
      <object_component id="oc-6e">
         <name>.text:abort</name>
         <load_address>0xdf26</load_address>
         <run_address>0xdf26</run_address>
         <size>0x4</size>
         <input_file_ref idref="fl-34"/>
      </object_component>
      <object_component id="oc-3ea">
         <name>.text:nwk_processFreq</name>
         <load_address>0xdf2a</load_address>
         <run_address>0xdf2a</run_address>
         <size>0x4</size>
         <input_file_ref idref="fl-11"/>
      </object_component>
      <object_component id="oc-3e5">
         <name>.text:nwk_processSecurity</name>
         <load_address>0xdf2e</load_address>
         <run_address>0xdf2e</run_address>
         <size>0x4</size>
         <input_file_ref idref="fl-b"/>
      </object_component>
      <object_component id="oc-290">
         <name>.text:nwk_freqInit</name>
         <load_address>0xdf32</load_address>
         <run_address>0xdf32</run_address>
         <size>0x2</size>
         <input_file_ref idref="fl-11"/>
      </object_component>
      <object_component id="oc-2a9">
         <name>.text:nwk_securityInit</name>
         <load_address>0xdf34</load_address>
         <run_address>0xdf34</run_address>
         <size>0x2</size>
         <input_file_ref idref="fl-b"/>
      </object_component>
      <object_component id="oc-472">
         <name>.cinit..data.load</name>
         <load_address>0xdf9c</load_address>
         <run_address>0xdf9c</run_address>
         <size>0xe</size>
      </object_component>
      <object_component id="oc-46f">
         <name>__TI_handler_table</name>
         <load_address>0xdfaa</load_address>
         <run_address>0xdfaa</run_address>
         <size>0x6</size>
      </object_component>
      <object_component id="oc-471">
         <name>.cinit..bss.load</name>
         <load_address>0xdfb0</load_address>
         <run_address>0xdfb0</run_address>
         <size>0x4</size>
      </object_component>
      <object_component id="oc-470">
         <name>__TI_cinit_table</name>
         <load_address>0xdfb4</load_address>
         <run_address>0xdfb4</run_address>
         <size>0x8</size>
      </object_component>
      <object_component id="oc-25b">
         <name>.const:mrfiRadioCfg</name>
         <load_address>0xdf36</load_address>
         <run_address>0xdf36</run_address>
         <size>0x3e</size>
         <input_file_ref idref="fl-5"/>
      </object_component>
      <object_component id="oc-3aa">
         <name>.const:func</name>
         <load_address>0xdf74</load_address>
         <run_address>0xdf74</run_address>
         <size>0xc</size>
         <input_file_ref idref="fl-7"/>
      </object_component>
      <object_component id="oc-216">
         <name>.const</name>
         <load_address>0xdf80</load_address>
         <run_address>0xdf80</run_address>
         <size>0x9</size>
         <input_file_ref idref="fl-6"/>
      </object_component>
      <object_component id="oc-e0">
         <name>.const:.string:$P$T0$1</name>
         <load_address>0xdf8a</load_address>
         <run_address>0xdf8a</run_address>
         <size>0x5</size>
         <input_file_ref idref="fl-3"/>
      </object_component>
      <object_component id="oc-2b5">
         <name>.const:.string:mrfiBroadcastAddr</name>
         <load_address>0xdf90</load_address>
         <run_address>0xdf90</run_address>
         <size>0x4</size>
         <input_file_ref idref="fl-5"/>
      </object_component>
      <object_component id="oc-359">
         <name>.const:.string:mrfiLogicalChanTable</name>
         <load_address>0xdf94</load_address>
         <run_address>0xdf94</run_address>
         <size>0x4</size>
         <input_file_ref idref="fl-5"/>
      </object_component>
      <object_component id="oc-35c">
         <name>.const:.string:mrfiRFPowerTable</name>
         <load_address>0xdf98</load_address>
         <run_address>0xdf98</run_address>
         <size>0x3</size>
         <input_file_ref idref="fl-5"/>
      </object_component>
      <object_component id="oc-2e">
         <name>.int02</name>
         <load_address>0xffe4</load_address>
         <run_address>0xffe4</run_address>
         <size>0x2</size>
         <input_file_ref idref="fl-35"/>
      </object_component>
      <object_component id="oc-2f">
         <name>.int03</name>
         <load_address>0xffe6</load_address>
         <run_address>0xffe6</run_address>
         <size>0x2</size>
         <input_file_ref idref="fl-5"/>
      </object_component>
      <object_component id="oc-30">
         <name>.int05</name>
         <load_address>0xffea</load_address>
         <run_address>0xffea</run_address>
         <size>0x2</size>
         <input_file_ref idref="fl-36"/>
      </object_component>
      <object_component id="oc-31">
         <name>.int06</name>
         <load_address>0xffec</load_address>
         <run_address>0xffec</run_address>
         <size>0x2</size>
         <input_file_ref idref="fl-37"/>
      </object_component>
      <object_component id="oc-32">
         <name>.int07</name>
         <load_address>0xffee</load_address>
         <run_address>0xffee</run_address>
         <size>0x2</size>
         <input_file_ref idref="fl-38"/>
      </object_component>
      <object_component id="oc-33">
         <name>.int08</name>
         <load_address>0xfff0</load_address>
         <run_address>0xfff0</run_address>
         <size>0x2</size>
         <input_file_ref idref="fl-39"/>
      </object_component>
      <object_component id="oc-34">
         <name>.int09</name>
         <load_address>0xfff2</load_address>
         <run_address>0xfff2</run_address>
         <size>0x2</size>
         <input_file_ref idref="fl-3"/>
      </object_component>
      <object_component id="oc-35">
         <name>.int10</name>
         <load_address>0xfff4</load_address>
         <run_address>0xfff4</run_address>
         <size>0x2</size>
         <input_file_ref idref="fl-3a"/>
      </object_component>
      <object_component id="oc-36">
         <name>.int11</name>
         <load_address>0xfff6</load_address>
         <run_address>0xfff6</run_address>
         <size>0x2</size>
         <input_file_ref idref="fl-3b"/>
      </object_component>
      <object_component id="oc-37">
         <name>.int12</name>
         <load_address>0xfff8</load_address>
         <run_address>0xfff8</run_address>
         <size>0x2</size>
         <input_file_ref idref="fl-3c"/>
      </object_component>
      <object_component id="oc-38">
         <name>.int13</name>
         <load_address>0xfffa</load_address>
         <run_address>0xfffa</run_address>
         <size>0x2</size>
         <input_file_ref idref="fl-3d"/>
      </object_component>
      <object_component id="oc-39">
         <name>.int14</name>
         <load_address>0xfffc</load_address>
         <run_address>0xfffc</run_address>
         <size>0x2</size>
         <input_file_ref idref="fl-3e"/>
      </object_component>
      <object_component id="oc-50">
         <name>.reset</name>
         <load_address>0xfffe</load_address>
         <run_address>0xfffe</run_address>
         <size>0x2</size>
         <input_file_ref idref="fl-2c"/>
      </object_component>
      <object_component id="oc-ae">
         <name>.common:sensor</name>
         <uninitialized>true</uninitialized>
         <run_address>0x2a0</run_address>
         <size>0x4</size>
      </object_component>
      <object_component id="oc-181">
         <name>.common:ADCdata</name>
         <uninitialized>true</uninitialized>
         <run_address>0x280</run_address>
         <size>0x14</size>
      </object_component>
      <object_component id="oc-e2">
         <name>.common:linkIDTemp</name>
         <uninitialized>true</uninitialized>
         <run_address>0x2a8</run_address>
         <size>0x1</size>
      </object_component>
      <object_component id="oc-c0">
         <name>.common:lAddr</name>
         <uninitialized>true</uninitialized>
         <run_address>0x294</run_address>
         <size>0x4</size>
      </object_component>
      <object_component id="oc-bb">
         <name>.common:Flash_Addr</name>
         <uninitialized>true</uninitialized>
         <run_address>0x2a4</run_address>
         <size>0x2</size>
      </object_component>
      <object_component id="oc-3a8">
         <name>.common:mrfiIncomingPacket</name>
         <uninitialized>true</uninitialized>
         <run_address>0x268</run_address>
         <size>0x18</size>
      </object_component>
      <object_component id="oc-38e">
         <name>.common:sAPAddress</name>
         <uninitialized>true</uninitialized>
         <run_address>0x298</run_address>
         <size>0x4</size>
      </object_component>
      <object_component id="oc-36c">
         <name>.common:sMyRAMAddress</name>
         <uninitialized>true</uninitialized>
         <run_address>0x29c</run_address>
         <size>0x4</size>
      </object_component>
      <object_component id="oc-3c2">
         <name>.common:sInFrameQ</name>
         <uninitialized>true</uninitialized>
         <run_address>0x200</run_address>
         <size>0x34</size>
      </object_component>
      <object_component id="oc-3a6">
         <name>.common:sOutFrameQ</name>
         <uninitialized>true</uninitialized>
         <run_address>0x234</run_address>
         <size>0x34</size>
      </object_component>
      <object_component id="oc-436">
         <name>.common:sServiceLinkID</name>
         <uninitialized>true</uninitialized>
         <run_address>0x2a6</run_address>
         <size>0x2</size>
      </object_component>
      <object_component id="oc-131">
         <name>.data</name>
         <load_address>0x2e9</load_address>
         <run_address>0x2e9</run_address>
         <size>0x1</size>
         <input_file_ref idref="fl-8"/>
      </object_component>
      <object_component id="oc-198">
         <name>.data</name>
         <load_address>0x2ea</load_address>
         <run_address>0x2ea</run_address>
         <size>0x7</size>
         <input_file_ref idref="fl-e"/>
      </object_component>
      <object_component id="oc-1bf">
         <name>.data</name>
         <load_address>0x2d9</load_address>
         <run_address>0x2d9</run_address>
         <size>0x1</size>
         <input_file_ref idref="fl-4"/>
      </object_component>
      <object_component id="oc-1d1">
         <name>.data</name>
         <load_address>0x2d0</load_address>
         <run_address>0x2d0</run_address>
         <size>0x9</size>
         <input_file_ref idref="fl-5"/>
      </object_component>
      <object_component id="oc-27f">
         <name>.data</name>
         <load_address>0x2aa</load_address>
         <run_address>0x2aa</run_address>
         <size>0x26</size>
         <input_file_ref idref="fl-a"/>
      </object_component>
      <object_component id="oc-2b1">
         <name>.data</name>
         <load_address>0x2f1</load_address>
         <run_address>0x2f1</run_address>
         <size>0x1</size>
         <input_file_ref idref="fl-6"/>
      </object_component>
      <object_component id="oc-2b7">
         <name>.data:mrfiRxFilterAddr</name>
         <load_address>0x2f2</load_address>
         <run_address>0x2f2</run_address>
         <size>0x4</size>
         <input_file_ref idref="fl-5"/>
      </object_component>
      <object_component id="oc-2bb">
         <name>.data</name>
         <load_address>0x2e2</load_address>
         <run_address>0x2e2</run_address>
         <size>0x7</size>
         <input_file_ref idref="fl-f"/>
      </object_component>
      <object_component id="oc-2e3">
         <name>.data</name>
         <load_address>0x2da</load_address>
         <run_address>0x2da</run_address>
         <size>0x8</size>
         <input_file_ref idref="fl-7"/>
      </object_component>
      <object_component id="oc-379">
         <name>.data</name>
         <load_address>0x2f9</load_address>
         <run_address>0x2f9</run_address>
         <size>0x1</size>
         <input_file_ref idref="fl-c"/>
      </object_component>
      <object_component id="oc-37d">
         <name>.data</name>
         <load_address>0x2f6</load_address>
         <run_address>0x2f6</run_address>
         <size>0x3</size>
         <input_file_ref idref="fl-d"/>
      </object_component>
      <object_component id="oc-3b">
         <name>.debug_info</name>
         <load_address>0x0</load_address>
         <run_address>0x0</run_address>
         <size>0x125</size>
         <input_file_ref idref="fl-2c"/>
      </object_component>
      <object_component id="oc-40">
         <name>.debug_info</name>
         <load_address>0x125</load_address>
         <run_address>0x125</run_address>
         <size>0x194</size>
         <input_file_ref idref="fl-2d"/>
      </object_component>
      <object_component id="oc-46">
         <name>.debug_info</name>
         <load_address>0x2b9</load_address>
         <run_address>0x2b9</run_address>
         <size>0x16a</size>
         <input_file_ref idref="fl-2f"/>
      </object_component>
      <object_component id="oc-4c">
         <name>.debug_info</name>
         <load_address>0x423</load_address>
         <run_address>0x423</run_address>
         <size>0x18e</size>
         <input_file_ref idref="fl-2e"/>
      </object_component>
      <object_component id="oc-4f">
         <name>.debug_info</name>
         <load_address>0x5b1</load_address>
         <run_address>0x5b1</run_address>
         <size>0xaa</size>
         <input_file_ref idref="fl-2c"/>
      </object_component>
      <object_component id="oc-52">
         <name>.debug_info</name>
         <load_address>0x65b</load_address>
         <run_address>0x65b</run_address>
         <size>0xc2</size>
         <input_file_ref idref="fl-3f"/>
      </object_component>
      <object_component id="oc-56">
         <name>.debug_info</name>
         <load_address>0x71d</load_address>
         <run_address>0x71d</run_address>
         <size>0x205</size>
         <input_file_ref idref="fl-5"/>
      </object_component>
      <object_component id="oc-5d">
         <name>.debug_info</name>
         <load_address>0x922</load_address>
         <run_address>0x922</run_address>
         <size>0x126</size>
         <input_file_ref idref="fl-3"/>
      </object_component>
      <object_component id="oc-60">
         <name>.debug_info</name>
         <load_address>0xa48</load_address>
         <run_address>0xa48</run_address>
         <size>0x1d7</size>
         <input_file_ref idref="fl-4"/>
      </object_component>
      <object_component id="oc-67">
         <name>.debug_info</name>
         <load_address>0xc1f</load_address>
         <run_address>0xc1f</run_address>
         <size>0x14d</size>
         <input_file_ref idref="fl-49"/>
      </object_component>
      <object_component id="oc-6b">
         <name>.debug_info</name>
         <load_address>0xd6c</load_address>
         <run_address>0xd6c</run_address>
         <size>0x1d3</size>
         <input_file_ref idref="fl-3"/>
      </object_component>
      <object_component id="oc-70">
         <name>.debug_info</name>
         <load_address>0xf3f</load_address>
         <run_address>0xf3f</run_address>
         <size>0xcc</size>
         <input_file_ref idref="fl-34"/>
      </object_component>
      <object_component id="oc-75">
         <name>.debug_info</name>
         <load_address>0x100b</load_address>
         <run_address>0x100b</run_address>
         <size>0x157</size>
         <input_file_ref idref="fl-42"/>
      </object_component>
      <object_component id="oc-7a">
         <name>.debug_info</name>
         <load_address>0x1162</load_address>
         <run_address>0x1162</run_address>
         <size>0x46</size>
         <input_file_ref idref="fl-2d"/>
      </object_component>
      <object_component id="oc-7f">
         <name>.debug_info</name>
         <load_address>0x11a8</load_address>
         <run_address>0x11a8</run_address>
         <size>0x164</size>
         <input_file_ref idref="fl-2d"/>
      </object_component>
      <object_component id="oc-81">
         <name>.debug_info</name>
         <load_address>0x130c</load_address>
         <run_address>0x130c</run_address>
         <size>0x46</size>
         <input_file_ref idref="fl-2f"/>
      </object_component>
      <object_component id="oc-86">
         <name>.debug_info</name>
         <load_address>0x1352</load_address>
         <run_address>0x1352</run_address>
         <size>0x11f</size>
         <input_file_ref idref="fl-2f"/>
      </object_component>
      <object_component id="oc-8a">
         <name>.debug_info</name>
         <load_address>0x1471</load_address>
         <run_address>0x1471</run_address>
         <size>0x1e9</size>
         <input_file_ref idref="fl-2e"/>
      </object_component>
      <object_component id="oc-8d">
         <name>.debug_info</name>
         <load_address>0x165a</load_address>
         <run_address>0x165a</run_address>
         <size>0x129</size>
         <input_file_ref idref="fl-2e"/>
      </object_component>
      <object_component id="oc-8e">
         <name>.debug_info</name>
         <load_address>0x1783</load_address>
         <run_address>0x1783</run_address>
         <size>0x39</size>
         <input_file_ref idref="fl-2e"/>
      </object_component>
      <object_component id="oc-95">
         <name>.debug_info</name>
         <load_address>0x17bc</load_address>
         <run_address>0x17bc</run_address>
         <size>0x84</size>
         <input_file_ref idref="fl-3"/>
      </object_component>
      <object_component id="oc-9c">
         <name>.debug_info</name>
         <load_address>0x1840</load_address>
         <run_address>0x1840</run_address>
         <size>0x1ea</size>
         <input_file_ref idref="fl-5"/>
      </object_component>
      <object_component id="oc-a2">
         <name>.debug_info</name>
         <load_address>0x1a2a</load_address>
         <run_address>0x1a2a</run_address>
         <size>0x680</size>
         <input_file_ref idref="fl-3"/>
      </object_component>
      <object_component id="oc-a8">
         <name>.debug_info</name>
         <load_address>0x20aa</load_address>
         <run_address>0x20aa</run_address>
         <size>0xe1</size>
         <input_file_ref idref="fl-33"/>
      </object_component>
      <object_component id="oc-ac">
         <name>.debug_info</name>
         <load_address>0x218b</load_address>
         <run_address>0x218b</run_address>
         <size>0x2ba</size>
         <input_file_ref idref="fl-49"/>
      </object_component>
      <object_component id="oc-b0">
         <name>.debug_info</name>
         <load_address>0x2445</load_address>
         <run_address>0x2445</run_address>
         <size>0x1d3</size>
         <input_file_ref idref="fl-4"/>
      </object_component>
      <object_component id="oc-b9">
         <name>.debug_info</name>
         <load_address>0x2618</load_address>
         <run_address>0x2618</run_address>
         <size>0x1b8</size>
         <input_file_ref idref="fl-3"/>
      </object_component>
      <object_component id="oc-c2">
         <name>.debug_info</name>
         <load_address>0x27d0</load_address>
         <run_address>0x27d0</run_address>
         <size>0x318</size>
         <input_file_ref idref="fl-8"/>
      </object_component>
      <object_component id="oc-c7">
         <name>.debug_info</name>
         <load_address>0x2ae8</load_address>
         <run_address>0x2ae8</run_address>
         <size>0x280</size>
         <input_file_ref idref="fl-8"/>
      </object_component>
      <object_component id="oc-ce">
         <name>.debug_info</name>
         <load_address>0x2d68</load_address>
         <run_address>0x2d68</run_address>
         <size>0x129</size>
         <input_file_ref idref="fl-3"/>
      </object_component>
      <object_component id="oc-d3">
         <name>.debug_info</name>
         <load_address>0x2e91</load_address>
         <run_address>0x2e91</run_address>
         <size>0x12f</size>
         <input_file_ref idref="fl-3"/>
      </object_component>
      <object_component id="oc-d7">
         <name>.debug_info</name>
         <load_address>0x2fc0</load_address>
         <run_address>0x2fc0</run_address>
         <size>0x40a</size>
         <input_file_ref idref="fl-e"/>
      </object_component>
      <object_component id="oc-dc">
         <name>.debug_info</name>
         <load_address>0x33ca</load_address>
         <run_address>0x33ca</run_address>
         <size>0x21b</size>
         <input_file_ref idref="fl-4"/>
      </object_component>
      <object_component id="oc-e1">
         <name>.debug_info</name>
         <load_address>0x35e5</load_address>
         <run_address>0x35e5</run_address>
         <size>0xda</size>
         <input_file_ref idref="fl-3"/>
      </object_component>
      <object_component id="oc-e4">
         <name>.debug_info</name>
         <load_address>0x36bf</load_address>
         <run_address>0x36bf</run_address>
         <size>0x20a</size>
         <input_file_ref idref="fl-8"/>
      </object_component>
      <object_component id="oc-eb">
         <name>.debug_info</name>
         <load_address>0x38c9</load_address>
         <run_address>0x38c9</run_address>
         <size>0x127</size>
         <input_file_ref idref="fl-42"/>
      </object_component>
      <object_component id="oc-ec">
         <name>.debug_info</name>
         <load_address>0x39f0</load_address>
         <run_address>0x39f0</run_address>
         <size>0x2c</size>
         <input_file_ref idref="fl-5"/>
      </object_component>
      <object_component id="oc-f1">
         <name>.debug_info</name>
         <load_address>0x3a1c</load_address>
         <run_address>0x3a1c</run_address>
         <size>0x2c</size>
         <input_file_ref idref="fl-2d"/>
      </object_component>
      <object_component id="oc-fe">
         <name>.debug_info</name>
         <load_address>0x3a48</load_address>
         <run_address>0x3a48</run_address>
         <size>0x363</size>
         <input_file_ref idref="fl-5"/>
      </object_component>
      <object_component id="oc-105">
         <name>.debug_info</name>
         <load_address>0x3dab</load_address>
         <run_address>0x3dab</run_address>
         <size>0x692</size>
         <input_file_ref idref="fl-3"/>
      </object_component>
      <object_component id="oc-10a">
         <name>.debug_info</name>
         <load_address>0x443d</load_address>
         <run_address>0x443d</run_address>
         <size>0x5e</size>
         <input_file_ref idref="fl-3"/>
      </object_component>
      <object_component id="oc-10f">
         <name>.debug_info</name>
         <load_address>0x449b</load_address>
         <run_address>0x449b</run_address>
         <size>0x6d</size>
         <input_file_ref idref="fl-3"/>
      </object_component>
      <object_component id="oc-114">
         <name>.debug_info</name>
         <load_address>0x4508</load_address>
         <run_address>0x4508</run_address>
         <size>0x62</size>
         <input_file_ref idref="fl-3"/>
      </object_component>
      <object_component id="oc-11c">
         <name>.debug_info</name>
         <load_address>0x456a</load_address>
         <run_address>0x456a</run_address>
         <size>0x39</size>
         <input_file_ref idref="fl-49"/>
      </object_component>
      <object_component id="oc-122">
         <name>.debug_info</name>
         <load_address>0x45a3</load_address>
         <run_address>0x45a3</run_address>
         <size>0x1cd</size>
         <input_file_ref idref="fl-4"/>
      </object_component>
      <object_component id="oc-129">
         <name>.debug_info</name>
         <load_address>0x4770</load_address>
         <run_address>0x4770</run_address>
         <size>0x1fe</size>
         <input_file_ref idref="fl-4"/>
      </object_component>
      <object_component id="oc-12d">
         <name>.debug_info</name>
         <load_address>0x496e</load_address>
         <run_address>0x496e</run_address>
         <size>0x103</size>
         <input_file_ref idref="fl-2"/>
      </object_component>
      <object_component id="oc-132">
         <name>.debug_info</name>
         <load_address>0x4a71</load_address>
         <run_address>0x4a71</run_address>
         <size>0x115</size>
         <input_file_ref idref="fl-8"/>
      </object_component>
      <object_component id="oc-134">
         <name>.debug_info</name>
         <load_address>0x4b86</load_address>
         <run_address>0x4b86</run_address>
         <size>0x208</size>
         <input_file_ref idref="fl-8"/>
      </object_component>
      <object_component id="oc-139">
         <name>.debug_info</name>
         <load_address>0x4d8e</load_address>
         <run_address>0x4d8e</run_address>
         <size>0x1f0</size>
         <input_file_ref idref="fl-6"/>
      </object_component>
      <object_component id="oc-13e">
         <name>.debug_info</name>
         <load_address>0x4f7e</load_address>
         <run_address>0x4f7e</run_address>
         <size>0x1e4</size>
         <input_file_ref idref="fl-6"/>
      </object_component>
      <object_component id="oc-144">
         <name>.debug_info</name>
         <load_address>0x5162</load_address>
         <run_address>0x5162</run_address>
         <size>0x2ad</size>
         <input_file_ref idref="fl-10"/>
      </object_component>
      <object_component id="oc-149">
         <name>.debug_info</name>
         <load_address>0x540f</load_address>
         <run_address>0x540f</run_address>
         <size>0x298</size>
         <input_file_ref idref="fl-10"/>
      </object_component>
      <object_component id="oc-14e">
         <name>.debug_info</name>
         <load_address>0x56a7</load_address>
         <run_address>0x56a7</run_address>
         <size>0x30c</size>
         <input_file_ref idref="fl-10"/>
      </object_component>
      <object_component id="oc-152">
         <name>.debug_info</name>
         <load_address>0x59b3</load_address>
         <run_address>0x59b3</run_address>
         <size>0x279</size>
         <input_file_ref idref="fl-10"/>
      </object_component>
      <object_component id="oc-158">
         <name>.debug_info</name>
         <load_address>0x5c2c</load_address>
         <run_address>0x5c2c</run_address>
         <size>0x24b</size>
         <input_file_ref idref="fl-10"/>
      </object_component>
      <object_component id="oc-15c">
         <name>.debug_info</name>
         <load_address>0x5e77</load_address>
         <run_address>0x5e77</run_address>
         <size>0x74d</size>
         <input_file_ref idref="fl-8"/>
      </object_component>
      <object_component id="oc-15e">
         <name>.debug_info</name>
         <load_address>0x65c4</load_address>
         <run_address>0x65c4</run_address>
         <size>0x457</size>
         <input_file_ref idref="fl-5"/>
      </object_component>
      <object_component id="oc-165">
         <name>.debug_info</name>
         <load_address>0x6a1b</load_address>
         <run_address>0x6a1b</run_address>
         <size>0x2bc</size>
         <input_file_ref idref="fl-a"/>
      </object_component>
      <object_component id="oc-168">
         <name>.debug_info</name>
         <load_address>0x6cd7</load_address>
         <run_address>0x6cd7</run_address>
         <size>0x1fe</size>
         <input_file_ref idref="fl-5"/>
      </object_component>
      <object_component id="oc-16d">
         <name>.debug_info</name>
         <load_address>0x6ed5</load_address>
         <run_address>0x6ed5</run_address>
         <size>0x1e4</size>
         <input_file_ref idref="fl-6"/>
      </object_component>
      <object_component id="oc-172">
         <name>.debug_info</name>
         <load_address>0x70b9</load_address>
         <run_address>0x70b9</run_address>
         <size>0x229</size>
         <input_file_ref idref="fl-5"/>
      </object_component>
      <object_component id="oc-177">
         <name>.debug_info</name>
         <load_address>0x72e2</load_address>
         <run_address>0x72e2</run_address>
         <size>0x1fa</size>
         <input_file_ref idref="fl-5"/>
      </object_component>
      <object_component id="oc-17c">
         <name>.debug_info</name>
         <load_address>0x74dc</load_address>
         <run_address>0x74dc</run_address>
         <size>0x3ba</size>
         <input_file_ref idref="fl-f"/>
      </object_component>
      <object_component id="oc-187">
         <name>.debug_info</name>
         <load_address>0x7896</load_address>
         <run_address>0x7896</run_address>
         <size>0x239</size>
         <input_file_ref idref="fl-a"/>
      </object_component>
      <object_component id="oc-18b">
         <name>.debug_info</name>
         <load_address>0x7acf</load_address>
         <run_address>0x7acf</run_address>
         <size>0x280</size>
         <input_file_ref idref="fl-a"/>
      </object_component>
      <object_component id="oc-190">
         <name>.debug_info</name>
         <load_address>0x7d4f</load_address>
         <run_address>0x7d4f</run_address>
         <size>0x1f9</size>
         <input_file_ref idref="fl-a"/>
      </object_component>
      <object_component id="oc-194">
         <name>.debug_info</name>
         <load_address>0x7f48</load_address>
         <run_address>0x7f48</run_address>
         <size>0x1eb</size>
         <input_file_ref idref="fl-6"/>
      </object_component>
      <object_component id="oc-199">
         <name>.debug_info</name>
         <load_address>0x8133</load_address>
         <run_address>0x8133</run_address>
         <size>0x18b</size>
         <input_file_ref idref="fl-e"/>
      </object_component>
      <object_component id="oc-19c">
         <name>.debug_info</name>
         <load_address>0x82be</load_address>
         <run_address>0x82be</run_address>
         <size>0x284</size>
         <input_file_ref idref="fl-a"/>
      </object_component>
      <object_component id="oc-1a0">
         <name>.debug_info</name>
         <load_address>0x8542</load_address>
         <run_address>0x8542</run_address>
         <size>0x1df</size>
         <input_file_ref idref="fl-7"/>
      </object_component>
      <object_component id="oc-1a5">
         <name>.debug_info</name>
         <load_address>0x8721</load_address>
         <run_address>0x8721</run_address>
         <size>0x1e2</size>
         <input_file_ref idref="fl-5"/>
      </object_component>
      <object_component id="oc-1aa">
         <name>.debug_info</name>
         <load_address>0x8903</load_address>
         <run_address>0x8903</run_address>
         <size>0x1e0</size>
         <input_file_ref idref="fl-5"/>
      </object_component>
      <object_component id="oc-1af">
         <name>.debug_info</name>
         <load_address>0x8ae3</load_address>
         <run_address>0x8ae3</run_address>
         <size>0x21c</size>
         <input_file_ref idref="fl-5"/>
      </object_component>
      <object_component id="oc-1b4">
         <name>.debug_info</name>
         <load_address>0x8cff</load_address>
         <run_address>0x8cff</run_address>
         <size>0x1e5</size>
         <input_file_ref idref="fl-5"/>
      </object_component>
      <object_component id="oc-1b9">
         <name>.debug_info</name>
         <load_address>0x8ee4</load_address>
         <run_address>0x8ee4</run_address>
         <size>0x202</size>
         <input_file_ref idref="fl-5"/>
      </object_component>
      <object_component id="oc-1be">
         <name>.debug_info</name>
         <load_address>0x90e6</load_address>
         <run_address>0x90e6</run_address>
         <size>0x766</size>
         <input_file_ref idref="fl-e"/>
      </object_component>
      <object_component id="oc-1c0">
         <name>.debug_info</name>
         <load_address>0x984c</load_address>
         <run_address>0x984c</run_address>
         <size>0x116</size>
         <input_file_ref idref="fl-4"/>
      </object_component>
      <object_component id="oc-1c2">
         <name>.debug_info</name>
         <load_address>0x9962</load_address>
         <run_address>0x9962</run_address>
         <size>0xd4</size>
         <input_file_ref idref="fl-45"/>
      </object_component>
      <object_component id="oc-1c6">
         <name>.debug_info</name>
         <load_address>0x9a36</load_address>
         <run_address>0x9a36</run_address>
         <size>0x282</size>
         <input_file_ref idref="fl-4"/>
      </object_component>
      <object_component id="oc-1ca">
         <name>.debug_info</name>
         <load_address>0x9cb8</load_address>
         <run_address>0x9cb8</run_address>
         <size>0x302</size>
         <input_file_ref idref="fl-8"/>
      </object_component>
      <object_component id="oc-1d2">
         <name>.debug_info</name>
         <load_address>0x9fba</load_address>
         <run_address>0x9fba</run_address>
         <size>0x224</size>
         <input_file_ref idref="fl-5"/>
      </object_component>
      <object_component id="oc-1d4">
         <name>.debug_info</name>
         <load_address>0xa1de</load_address>
         <run_address>0xa1de</run_address>
         <size>0x208</size>
         <input_file_ref idref="fl-5"/>
      </object_component>
      <object_component id="oc-1d9">
         <name>.debug_info</name>
         <load_address>0xa3e6</load_address>
         <run_address>0xa3e6</run_address>
         <size>0x235</size>
         <input_file_ref idref="fl-5"/>
      </object_component>
      <object_component id="oc-1de">
         <name>.debug_info</name>
         <load_address>0xa61b</load_address>
         <run_address>0xa61b</run_address>
         <size>0x4f6</size>
         <input_file_ref idref="fl-5"/>
      </object_component>
      <object_component id="oc-1e1">
         <name>.debug_info</name>
         <load_address>0xab11</load_address>
         <run_address>0xab11</run_address>
         <size>0x183</size>
         <input_file_ref idref="fl-44"/>
      </object_component>
      <object_component id="oc-1ea">
         <name>.debug_info</name>
         <load_address>0xac94</load_address>
         <run_address>0xac94</run_address>
         <size>0x28a</size>
         <input_file_ref idref="fl-5"/>
      </object_component>
      <object_component id="oc-1f0">
         <name>.debug_info</name>
         <load_address>0xaf1e</load_address>
         <run_address>0xaf1e</run_address>
         <size>0x238</size>
         <input_file_ref idref="fl-5"/>
      </object_component>
      <object_component id="oc-1f7">
         <name>.debug_info</name>
         <load_address>0xb156</load_address>
         <run_address>0xb156</run_address>
         <size>0x235</size>
         <input_file_ref idref="fl-7"/>
      </object_component>
      <object_component id="oc-1fc">
         <name>.debug_info</name>
         <load_address>0xb38b</load_address>
         <run_address>0xb38b</run_address>
         <size>0x221</size>
         <input_file_ref idref="fl-5"/>
      </object_component>
      <object_component id="oc-201">
         <name>.debug_info</name>
         <load_address>0xb5ac</load_address>
         <run_address>0xb5ac</run_address>
         <size>0x2c</size>
         <input_file_ref idref="fl-3"/>
      </object_component>
      <object_component id="oc-208">
         <name>.debug_info</name>
         <load_address>0xb5d8</load_address>
         <run_address>0xb5d8</run_address>
         <size>0x1c3</size>
         <input_file_ref idref="fl-4"/>
      </object_component>
      <object_component id="oc-20e">
         <name>.debug_info</name>
         <load_address>0xb79b</load_address>
         <run_address>0xb79b</run_address>
         <size>0x1cf</size>
         <input_file_ref idref="fl-4"/>
      </object_component>
      <object_component id="oc-217">
         <name>.debug_info</name>
         <load_address>0xb96a</load_address>
         <run_address>0xb96a</run_address>
         <size>0x147</size>
         <input_file_ref idref="fl-6"/>
      </object_component>
      <object_component id="oc-21a">
         <name>.debug_info</name>
         <load_address>0xbab1</load_address>
         <run_address>0xbab1</run_address>
         <size>0x2e7</size>
         <input_file_ref idref="fl-6"/>
      </object_component>
      <object_component id="oc-21d">
         <name>.debug_info</name>
         <load_address>0xbd98</load_address>
         <run_address>0xbd98</run_address>
         <size>0x22c</size>
         <input_file_ref idref="fl-a"/>
      </object_component>
      <object_component id="oc-221">
         <name>.debug_info</name>
         <load_address>0xbfc4</load_address>
         <run_address>0xbfc4</run_address>
         <size>0x449</size>
         <input_file_ref idref="fl-10"/>
      </object_component>
      <object_component id="oc-223">
         <name>.debug_info</name>
         <load_address>0xc40d</load_address>
         <run_address>0xc40d</run_address>
         <size>0x220</size>
         <input_file_ref idref="fl-6"/>
      </object_component>
      <object_component id="oc-229">
         <name>.debug_info</name>
         <load_address>0xc62d</load_address>
         <run_address>0xc62d</run_address>
         <size>0x23b</size>
         <input_file_ref idref="fl-5"/>
      </object_component>
      <object_component id="oc-22f">
         <name>.debug_info</name>
         <load_address>0xc868</load_address>
         <run_address>0xc868</run_address>
         <size>0x29b</size>
         <input_file_ref idref="fl-7"/>
      </object_component>
      <object_component id="oc-235">
[...]
         <name>mrfiSpiReadRxFifo</name>
         <value>0xdea6</value>
         <object_component_ref idref="oc-1d8"/>
      </symbol>
      <symbol id="sm-2c3">
         <name>MRFI_ReplyDelay</name>
         <value>0xd53a</value>
         <object_component_ref idref="oc-1ae"/>
      </symbol>
      <symbol id="sm-2c4">
         <name>MRFI_WakeUp</name>
         <value>0xd626</value>
         <object_component_ref idref="oc-167"/>
      </symbol>
      <symbol id="sm-2c5">
         <name>MRFI_Transmit</name>
         <value>0xc5ea</value>
         <object_component_ref idref="oc-343"/>
      </symbol>
      <symbol id="sm-2c6">
         <name>mrfiSpiWriteReg</name>
         <value>0xdd2e</value>
         <object_component_ref idref="oc-256"/>
      </symbol>
      <symbol id="sm-2c7">
         <name>mrfiSpiWriteTxFifo</name>
         <value>0xde64</value>
         <object_component_ref idref="oc-3b5"/>
      </symbol>
      <symbol id="sm-2c8">
         <name>MRFI_RxIdle</name>
         <value>0xdbaa</value>
         <object_component_ref idref="oc-1b3"/>
      </symbol>
      <symbol id="sm-2c9">
         <name>MRFI_GetRadioState</name>
         <value>0xdef6</value>
         <object_component_ref idref="oc-1a4"/>
      </symbol>
      <symbol id="sm-2ca">
         <name>MRFI_EnableRxAddrFilter</name>
         <value>0xdae4</value>
         <object_component_ref idref="oc-176"/>
      </symbol>
      <symbol id="sm-2cb">
         <name>MRFI_SetRFPwr</name>
         <value>0xd65c</value>
         <object_component_ref idref="oc-262"/>
      </symbol>
      <symbol id="sm-2cc">
         <name>mrfiSpiInit</name>
         <value>0xd4ba</value>
         <object_component_ref idref="oc-24c"/>
      </symbol>
      <symbol id="sm-2cd">
         <name>MRFI_Receive</name>
         <value>0xde56</value>
         <object_component_ref idref="oc-31f"/>
      </symbol>
      <symbol id="sm-2ce">
         <name>BSP_GpioPort1Isr</name>
         <value>0xdcfa</value>
         <object_component_ref idref="oc-55"/>
      </symbol>
      <symbol id="sm-30e">
         <name>nwk_getProtocolVersion</name>
         <value>0xdf20</value>
         <object_component_ref idref="oc-138"/>
      </symbol>
      <symbol id="sm-30f">
         <name>nwk_getFWVersion</name>
         <value>0xdf14</value>
         <object_component_ref idref="oc-13d"/>
      </symbol>
      <symbol id="sm-310">
         <name>nwk_globalsInit</name>
         <value>0xda28</value>
         <object_component_ref idref="oc-281"/>
      </symbol>
      <symbol id="sm-311">
         <name>nwk_setAPAddress</name>
         <value>0xde80</value>
         <object_component_ref idref="oc-2c2"/>
      </symbol>
      <symbol id="sm-312">
         <name>nwk_setMyAddress</name>
         <value>0xdcde</value>
         <object_component_ref idref="oc-222"/>
      </symbol>
      <symbol id="sm-313">
         <name>nwk_getBCastAddress</name>
         <value>0xdf0e</value>
         <object_component_ref idref="oc-193"/>
      </symbol>
      <symbol id="sm-314">
         <name>nwk_getMyAddress</name>
         <value>0xde12</value>
         <object_component_ref idref="oc-16c"/>
      </symbol>
      <symbol id="sm-372">
         <name>nwk_buildFrame</name>
         <value>0xcc72</value>
         <object_component_ref idref="oc-22e"/>
      </symbol>
      <symbol id="sm-373">
         <name>nwk_sendFrame</name>
         <value>0xd884</value>
         <object_component_ref idref="oc-233"/>
      </symbol>
      <symbol id="sm-374">
         <name>nwk_getMyRxType</name>
         <value>0xdf1a</value>
         <object_component_ref idref="oc-19f"/>
      </symbol>
      <symbol id="sm-375">
         <name>nwk_frameInit</name>
         <value>0xdc0a</value>
         <object_component_ref idref="oc-286"/>
      </symbol>
      <symbol id="sm-376">
         <name>nwk_retrieveFrame</name>
         <value>0xca62</value>
         <object_component_ref idref="oc-239"/>
      </symbol>
      <symbol id="sm-377">
         <name>MRFI_RxCompleteISR</name>
         <value>0xdb8a</value>
         <object_component_ref idref="oc-1f6"/>
      </symbol>
      <symbol id="sm-3b7">
         <name>SMPL_Send</name>
         <value>0xdeee</value>
         <object_component_ref idref="oc-e3"/>
      </symbol>
      <symbol id="sm-3b8">
         <name>SMPL_Init</name>
         <value>0xd6c4</value>
         <object_component_ref idref="oc-c6"/>
      </symbol>
      <symbol id="sm-3b9">
         <name>SMPL_SendOpt</name>
         <value>0xcf42</value>
         <object_component_ref idref="oc-1c9"/>
      </symbol>
      <symbol id="sm-3ba">
         <name>SMPL_Ioctl</name>
         <value>0xcb14</value>
         <object_component_ref idref="oc-c1"/>
      </symbol>
      <symbol id="sm-3fc">
         <name>nwk_QadjustOrder</name>
         <value>0xd75e</value>
         <object_component_ref idref="oc-34e"/>
      </symbol>
      <symbol id="sm-3fd">
         <name>nwk_QfindSlot</name>
         <value>0xcec0</value>
         <object_component_ref idref="oc-31a"/>
      </symbol>
      <symbol id="sm-3fe">
         <name>nwk_QInit</name>
         <value>0xdca4</value>
         <object_component_ref idref="oc-28b"/>
      </symbol>
      <symbol id="sm-3ff">
         <name>nwk_QfindOldest</name>
         <value>0xc4c0</value>
         <object_component_ref idref="oc-349"/>
      </symbol>
      <symbol id="sm-48a">
         <name>nwk_getNextConnection</name>
         <value>0xd272</value>
         <object_component_ref idref="oc-184"/>
      </symbol>
      <symbol id="sm-48b">
         <name>nwk_freeConnection</name>
         <value>0xdf08</value>
         <object_component_ref idref="oc-18e"/>
      </symbol>
      <symbol id="sm-48c">
         <name>nwk_checkConnInfo</name>
         <value>0xd964</value>
         <object_component_ref idref="oc-2fc"/>
      </symbol>
      <symbol id="sm-48d">
         <name>nwk_isLinkDuplicate</name>
         <value>0xd3ea</value>
         <object_component_ref idref="oc-431"/>
      </symbol>
      <symbol id="sm-48e">
         <name>nwk_isConnectionValid</name>
         <value>0xd0a2</value>
         <object_component_ref idref="oc-3ac"/>
      </symbol>
      <symbol id="sm-48f">
         <name>nwk_isValidReply</name>
         <value>0xd5b2</value>
         <object_component_ref idref="oc-402"/>
      </symbol>
      <symbol id="sm-490">
         <name>nwk_putNumObjectIntoMsg</name>
         <value>0xd576</value>
         <object_component_ref idref="oc-19a"/>
      </symbol>
      <symbol id="sm-491">
         <name>nwk_allocateLocalRxPort</name>
         <value>0xc7e6</value>
         <object_component_ref idref="oc-189"/>
      </symbol>
      <symbol id="sm-492">
         <name>nwk_nwkInit</name>
         <value>0xce3a</value>
         <object_component_ref idref="oc-162"/>
      </symbol>
      <symbol id="sm-493">
         <name>nwk_getConnInfo</name>
         <value>0xd790</value>
         <object_component_ref idref="oc-21b"/>
      </symbol>
      <symbol id="sm-494">
         <name>nwk_getNumObjectFromMsg</name>
         <value>0xde72</value>
         <object_component_ref idref="oc-42c"/>
      </symbol>
      <symbol id="sm-4a5">
         <name>nwk_securityInit</name>
         <value>0xdf34</value>
         <object_component_ref idref="oc-2a9"/>
      </symbol>
      <symbol id="sm-4a6">
         <name>nwk_processSecurity</name>
         <value>0xdf2e</value>
         <object_component_ref idref="oc-3e5"/>
      </symbol>
      <symbol id="sm-4ce">
         <name>nwk_processPing</name>
         <value>0xd98e</value>
         <object_component_ref idref="oc-3d6"/>
      </symbol>
      <symbol id="sm-4cf">
         <name>nwk_pingInit</name>
         <value>0xdee4</value>
         <object_component_ref idref="oc-295"/>
      </symbol>
      <symbol id="sm-4e9">
         <name>nwk_mgmtInit</name>
         <value>0xdeda</value>
         <object_component_ref idref="oc-29f"/>
      </symbol>
      <symbol id="sm-4ea">
         <name>nwk_processMgmt</name>
         <value>0xd5ec</value>
         <object_component_ref idref="oc-3ef"/>
      </symbol>
      <symbol id="sm-53e">
         <name>nwk_linkInit</name>
         <value>0xd7c2</value>
         <object_component_ref idref="oc-2a4"/>
      </symbol>
      <symbol id="sm-53f">
         <name>nwk_setLinkToken</name>
         <value>0xde24</value>
         <object_component_ref idref="oc-2bd"/>
      </symbol>
      <symbol id="sm-540">
         <name>nwk_link</name>
         <value>0xc368</value>
         <object_component_ref idref="oc-d6"/>
      </symbol>
      <symbol id="sm-541">
         <name>nwk_processLink</name>
         <value>0xda74</value>
         <object_component_ref idref="oc-3db"/>
      </symbol>
      <symbol id="sm-56b">
         <name>nwk_processJoin</name>
         <value>0xdc2a</value>
         <object_component_ref idref="oc-3e0"/>
      </symbol>
      <symbol id="sm-56c">
         <name>nwk_joinInit</name>
         <value>0xda4e</value>
         <object_component_ref idref="oc-29a"/>
      </symbol>
      <symbol id="sm-56d">
         <name>nwk_join</name>
         <value>0xc6ec</value>
         <object_component_ref idref="oc-17b"/>
      </symbol>
      <symbol id="sm-5a2">
         <name>nwk_radioControl</name>
         <value>0xcfc0</value>
         <object_component_ref idref="oc-14c"/>
      </symbol>
      <symbol id="sm-5a3">
         <name>nwk_rawSend</name>
         <value>0xd21e</value>
         <object_component_ref idref="oc-151"/>
      </symbol>
      <symbol id="sm-5a4">
         <name>nwk_rawReceive</name>
         <value>0xd854</value>
         <object_component_ref idref="oc-156"/>
      </symbol>
      <symbol id="sm-5a5">
         <name>nwk_connectionControl</name>
         <value>0xda02</value>
         <object_component_ref idref="oc-142"/>
      </symbol>
      <symbol id="sm-5a6">
         <name>nwk_deviceAddress</name>
         <value>0xd6f8</value>
         <object_component_ref idref="oc-147"/>
      </symbol>
      <symbol id="sm-5b7">
         <name>nwk_freqInit</name>
         <value>0xdf32</value>
         <object_component_ref idref="oc-290"/>
      </symbol>
      <symbol id="sm-5b8">
         <name>nwk_processFreq</name>
         <value>0xdf2a</value>
         <object_component_ref idref="oc-3ea"/>
      </symbol>
      <symbol id="sm-5c1">
         <name>__mspabi_sral</name>
         <value>0xde36</value>
         <object_component_ref idref="oc-26c"/>
      </symbol>
      <symbol id="sm-5cf">
         <name>_c_int00_noexit</name>
         <value>0xdd14</value>
         <object_component_ref idref="oc-3a"/>
      </symbol>
      <symbol id="sm-5d0">
         <name>_c_int00</name>
         <value>0xdd14</value>
         <object_component_ref idref="oc-3a"/>
      </symbol>
      <symbol id="sm-5d1">
         <name>_stack</name>
         <value>0x3b0</value>
         <object_component_ref idref="oc-4e"/>
      </symbol>
      <symbol id="sm-5d2">
         <name>_reset_vector</name>
         <value>0xfffe</value>
         <object_component_ref idref="oc-50"/>
      </symbol>
      <symbol id="sm-5e7">
         <name>__TI_decompress_none</name>
         <value>0xddee</value>
         <object_component_ref idref="oc-3f"/>
      </symbol>
      <symbol id="sm-607">
         <name>__TI_decompress_rle24</name>
         <value>0xdf02</value>
         <object_component_ref idref="oc-49"/>
      </symbol>
      <symbol id="sm-619">
         <name>__TI_zero_init</name>
         <value>0xdd9e</value>
         <object_component_ref idref="oc-44"/>
      </symbol>
      <symbol id="sm-624">
         <name>__mspabi_remi</name>
         <value>0xd90e</value>
         <object_component_ref idref="oc-315"/>
      </symbol>
      <symbol id="sm-625">
         <name>__mspabi_divi</name>
         <value>0xd90e</value>
         <object_component_ref idref="oc-315"/>
      </symbol>
      <symbol id="sm-62e">
         <name>__mspabi_remu</name>
         <value>0xdd74</value>
         <object_component_ref idref="oc-3a0"/>
      </symbol>
      <symbol id="sm-62f">
         <name>__mspabi_divu</name>
         <value>0xdd74</value>
         <object_component_ref idref="oc-3a0"/>
      </symbol>
      <symbol id="sm-63c">
         <name>__mspabi_remul</name>
         <value>0xd1c6</value>
         <object_component_ref idref="oc-274"/>
      </symbol>
      <symbol id="sm-63d">
         <name>__mspabi_divul</name>
         <value>0xd1c6</value>
         <object_component_ref idref="oc-274"/>
      </symbol>
      <symbol id="sm-645">
         <name>__mspabi_func_epilog_2</name>
         <value>0xde50</value>
         <object_component_ref idref="oc-a7"/>
      </symbol>
      <symbol id="sm-646">
         <name>__mspabi_func_epilog_3</name>
         <value>0xde4e</value>
         <object_component_ref idref="oc-a7"/>
      </symbol>
      <symbol id="sm-647">
         <name>__mspabi_func_epilog_1</name>
         <value>0xde52</value>
         <object_component_ref idref="oc-a7"/>
      </symbol>
      <symbol id="sm-648">
         <name>__mspabi_func_epilog_6</name>
         <value>0xde48</value>
         <object_component_ref idref="oc-a7"/>
      </symbol>
      <symbol id="sm-649">
         <name>__mspabi_func_epilog_7</name>
         <value>0xde46</value>
         <object_component_ref idref="oc-a7"/>
      </symbol>
      <symbol id="sm-64a">
         <name>__mspabi_func_epilog_4</name>
         <value>0xde4c</value>
         <object_component_ref idref="oc-a7"/>
      </symbol>
      <symbol id="sm-64b">
         <name>__mspabi_func_epilog_5</name>
         <value>0xde4a</value>
         <object_component_ref idref="oc-a7"/>
      </symbol>
      <symbol id="sm-654">
         <name>C$$EXIT</name>
         <value>0xdf26</value>
         <object_component_ref idref="oc-6e"/>
      </symbol>
      <symbol id="sm-655">
         <name>abort</name>
         <value>0xdf26</value>
         <object_component_ref idref="oc-6e"/>
      </symbol>
      <symbol id="sm-658">
         <name>__TI_int02</name>
         <value>0xffe4</value>
         <object_component_ref idref="oc-2e"/>
      </symbol>
      <symbol id="sm-65b">
         <name>__TI_int05</name>
         <value>0xffea</value>
         <object_component_ref idref="oc-30"/>
      </symbol>
      <symbol id="sm-65e">
         <name>__TI_int06</name>
         <value>0xffec</value>
         <object_component_ref idref="oc-31"/>
      </symbol>
      <symbol id="sm-661">
         <name>__TI_int07</name>
         <value>0xffee</value>
         <object_component_ref idref="oc-32"/>
      </symbol>
      <symbol id="sm-664">
         <name>__TI_int08</name>
         <value>0xfff0</value>
         <object_component_ref idref="oc-33"/>
      </symbol>
      <symbol id="sm-667">
         <name>__TI_int10</name>
         <value>0xfff4</value>
         <object_component_ref idref="oc-35"/>
      </symbol>
      <symbol id="sm-66a">
         <name>__TI_int11</name>
         <value>0xfff6</value>
         <object_component_ref idref="oc-36"/>
      </symbol>
      <symbol id="sm-66d">
         <name>__TI_int12</name>
         <value>0xfff8</value>
         <object_component_ref idref="oc-37"/>
      </symbol>
      <symbol id="sm-670">
         <name>__TI_int13</name>
         <value>0xfffa</value>
         <object_component_ref idref="oc-38"/>
      </symbol>
      <symbol id="sm-673">
         <name>__TI_int14</name>
         <value>0xfffc</value>
         <object_component_ref idref="oc-39"/>
      </symbol>
      <symbol id="sm-67a">
         <name>__TI_ISR_TRAP</name>
         <value>0xdefc</value>
         <object_component_ref idref="oc-51"/>
      </symbol>
      <symbol id="sm-681">
         <name>__mspabi_srli_8</name>
         <value>0xd33a</value>
         <object_component_ref idref="oc-278"/>
      </symbol>
      <symbol id="sm-682">
         <name>__mspabi_srli_9</name>
         <value>0xd336</value>
         <object_component_ref idref="oc-278"/>
      </symbol>
      <symbol id="sm-683">
         <name>__mspabi_srli_6</name>
         <value>0xd342</value>
         <object_component_ref idref="oc-278"/>
      </symbol>
      <symbol id="sm-684">
         <name>__mspabi_srli_7</name>
         <value>0xd33e</value>
         <object_component_ref idref="oc-278"/>
      </symbol>
      <symbol id="sm-685">
         <name>__mspabi_srli_4</name>
         <value>0xd34a</value>
         <object_component_ref idref="oc-278"/>
      </symbol>
      <symbol id="sm-686">
         <name>__mspabi_srli_5</name>
         <value>0xd346</value>
         <object_component_ref idref="oc-278"/>
      </symbol>
      <symbol id="sm-687">
         <name>__mspabi_srli_2</name>
         <value>0xd352</value>
         <object_component_ref idref="oc-278"/>
      </symbol>
      <symbol id="sm-688">
         <name>__mspabi_srli_3</name>
         <value>0xd34e</value>
         <object_component_ref idref="oc-278"/>
      </symbol>
      <symbol id="sm-689">
         <name>__mspabi_srli_1</name>
         <value>0xd356</value>
         <object_component_ref idref="oc-278"/>
      </symbol>
      <symbol id="sm-68a">
         <name>__mspabi_srli</name>
         <value>0xd310</value>
         <object_component_ref idref="oc-278"/>
      </symbol>
      <symbol id="sm-68b">
         <name>__mspabi_srli_15</name>
         <value>0xd31e</value>
         <object_component_ref idref="oc-278"/>
      </symbol>
      <symbol id="sm-68c">
         <name>__mspabi_srli_14</name>
         <value>0xd322</value>
         <object_component_ref idref="oc-278"/>
      </symbol>
      <symbol id="sm-68d">
         <name>__mspabi_srli_13</name>
         <value>0xd326</value>
         <object_component_ref idref="oc-278"/>
      </symbol>
      <symbol id="sm-68e">
         <name>__mspabi_srli_12</name>
         <value>0xd32a</value>
         <object_component_ref idref="oc-278"/>
      </symbol>
      <symbol id="sm-68f">
         <name>__mspabi_srli_11</name>
         <value>0xd32e</value>
         <object_component_ref idref="oc-278"/>
      </symbol>
      <symbol id="sm-690">
         <name>__mspabi_srli_10</name>
         <value>0xd332</value>
         <object_component_ref idref="oc-278"/>
      </symbol>
      <symbol id="sm-69e">
         <name>memcmp</name>
         <value>0xdb28</value>
         <object_component_ref idref="oc-2d3"/>
      </symbol>
      <symbol id="sm-6ab">
         <name>memcpy</name>
         <value>0xde00</value>
         <object_component_ref idref="oc-74"/>
      </symbol>
      <symbol id="sm-6b9">
         <name>memmove</name>
         <value>0xdbea</value>
         <object_component_ref idref="oc-2dd"/>
      </symbol>
      <symbol id="sm-6c6">
         <name>memset</name>
         <value>0xddc6</value>
         <object_component_ref idref="oc-1df"/>
      </symbol>
      <symbol id="sm-6cf">
         <name>__mspabi_mpyi</name>
         <value>0xddda</value>
         <object_component_ref idref="oc-1c1"/>
      </symbol>
      <symbol id="sm-6d8">
         <name>__mspabi_mpyl</name>
         <value>0xda9a</value>
         <object_component_ref idref="oc-270"/>
      </symbol>
      <symbol id="sm-6ef">
         <name>_auto_init</name>
         <value>0xd168</value>
         <object_component_ref idref="oc-64"/>
      </symbol>
      <symbol id="sm-6f0">
         <name>__TI_exit</name>
         <value>0x1</value>
      </symbol>
      <symbol id="sm-6f1">
         <name>__TI_args_main</name>
         <value>0x1</value>
      </symbol>
      <symbol id="sm-6f2">
         <name>__TI_INITARRAY_Base</name>
         <value>0x0</value>
      </symbol>
      <symbol id="sm-6f3">
         <name>__TI_INITARRAY_Limit</name>
         <value>0x0</value>
      </symbol>
      <symbol id="sm-6f6">
         <name>SMPL_Link</name>
         <value>0xc368</value>
      </symbol>
   </symbol_table>
   <title>Link successful</title>
</link_info>
