<?xml version="1.0"?>
<link_info>
   <banner>MSP430 Linker PC v4.2.1</banner>
   <copyright>Copyright (c) 2003-2013 Texas Instruments Incorporated</copyright>
   <link_time>0x53558f95</link_time>
   <link_errors>0x0</link_errors>
   <output_file>MSP430_LP.out</output_file>
   <entry_point>
      <name>_c_int00</name>
      <address>0xdb2a</address>
   </entry_point>
   <input_file_list>
      <input_file id="fl-2">
         <path>.\application\</path>
         <kind>object</kind>
         <file>vlo_rand.obj</file>
         <name>vlo_rand.obj</name>
      </input_file>
      <input_file id="fl-3">
         <path>.\application\</path>
         <kind>object</kind>
         <file>main_rx.obj</file>
         <name>main_rx.obj</name>
      </input_file>
      <input_file id="fl-4">
         <path>.\bsp\</path>
         <kind>object</kind>
         <file>bsp.obj</file>
         <name>bsp.obj</name>
      </input_file>
      <input_file id="fl-5">
         <path>.\mrfi\</path>
         <kind>object</kind>
         <file>mrfi.obj</file>
         <name>mrfi.obj</name>
      </input_file>
      <input_file id="fl-6">
         <path>.\nwk\</path>
         <kind>object</kind>
         <file>nwk_globals.obj</file>
         <name>nwk_globals.obj</name>
      </input_file>
      <input_file id="fl-7">
         <path>.\nwk\</path>
         <kind>object</kind>
         <file>nwk_frame.obj</file>
         <name>nwk_frame.obj</name>
      </input_file>
      <input_file id="fl-8">
         <path>.\nwk\</path>
         <kind>object</kind>
         <file>nwk_api.obj</file>
         <name>nwk_api.obj</name>
      </input_file>
      <input_file id="fl-9">
         <path>.\nwk\</path>
         <kind>object</kind>
         <file>nwk_QMgmt.obj</file>
         <name>nwk_QMgmt.obj</name>
      </input_file>
      <input_file id="fl-a">
         <path>.\nwk\</path>
         <kind>object</kind>
         <file>nwk.obj</file>
         <name>nwk.obj</name>
      </input_file>
      <input_file id="fl-b">
         <path>.\nwk applications\</path>
         <kind>object</kind>
         <file>nwk_security.obj</file>
         <name>nwk_security.obj</name>
      </input_file>
      <input_file id="fl-c">
         <path>.\nwk applications\</path>
         <kind>object</kind>
         <file>nwk_ping.obj</file>
         <name>nwk_ping.obj</name>
      </input_file>
      <input_file id="fl-d">
         <path>.\nwk applications\</path>
         <kind>object</kind>
         <file>nwk_mgmt.obj</file>
         <name>nwk_mgmt.obj</name>
      </input_file>
      <input_file id="fl-e">
         <path>.\nwk applications\</path>
         <kind>object</kind>
         <file>nwk_link.obj</file>
         <name>nwk_link.obj</name>
      </input_file>
      <input_file id="fl-f">
         <path>.\nwk applications\</path>
         <kind>object</kind>
         <file>nwk_join.obj</file>
         <name>nwk_join.obj</name>
      </input_file>
      <input_file id="fl-10">
         <path>.\nwk applications\</path>
         <kind>object</kind>
         <file>nwk_ioctl.obj</file>
         <name>nwk_ioctl.obj</name>
      </input_file>
      <input_file id="fl-11">
         <path>.\nwk applications\</path>
         <kind>object</kind>
         <file>nwk_freq.obj</file>
         <name>nwk_freq.obj</name>
      </input_file>
      <input_file id="fl-31">
         <path>C:\ti\ccsv5\tools\compiler\msp430_4.2.1\lib\</path>
         <kind>archive</kind>
         <file>rts430_eabi.lib</file>
         <name>asr32.obj</name>
      </input_file>
      <input_file id="fl-32">
         <path>C:\ti\ccsv5\tools\compiler\msp430_4.2.1\lib\</path>
         <kind>archive</kind>
         <file>rts430_eabi.lib</file>
         <name>boot.obj</name>
      </input_file>
      <input_file id="fl-33">
         <path>C:\ti\ccsv5\tools\compiler\msp430_4.2.1\lib\</path>
         <kind>archive</kind>
         <file>rts430_eabi.lib</file>
         <name>copy_decompress_none.obj</name>
      </input_file>
      <input_file id="fl-34">
         <path>C:\ti\ccsv5\tools\compiler\msp430_4.2.1\lib\</path>
         <kind>archive</kind>
         <file>rts430_eabi.lib</file>
         <name>copy_decompress_rle.obj</name>
      </input_file>
      <input_file id="fl-35">
         <path>C:\ti\ccsv5\tools\compiler\msp430_4.2.1\lib\</path>
         <kind>archive</kind>
         <file>rts430_eabi.lib</file>
         <name>copy_zero_init.obj</name>
      </input_file>
      <input_file id="fl-36">
         <path>C:\ti\ccsv5\tools\compiler\msp430_4.2.1\lib\</path>
         <kind>archive</kind>
         <file>rts430_eabi.lib</file>
         <name>div16s.obj</name>
      </input_file>
      <input_file id="fl-37">
         <path>C:\ti\ccsv5\tools\compiler\msp430_4.2.1\lib\</path>
         <kind>archive</kind>
         <file>rts430_eabi.lib</file>
         <name>div16u.obj</name>
      </input_file>
      <input_file id="fl-38">
         <path>C:\ti\ccsv5\tools\compiler\msp430_4.2.1\lib\</path>
         <kind>archive</kind>
         <file>rts430_eabi.lib</file>
         <name>div32u.obj</name>
      </input_file>
      <input_file id="fl-39">
         <path>C:\ti\ccsv5\tools\compiler\msp430_4.2.1\lib\</path>
         <kind>archive</kind>
         <file>rts430_eabi.lib</file>
         <name>epilog.obj</name>
      </input_file>
      <input_file id="fl-3a">
         <path>C:\ti\ccsv5\tools\compiler\msp430_4.2.1\lib\</path>
         <kind>archive</kind>
         <file>rts430_eabi.lib</file>
         <name>exit.obj</name>
      </input_file>
      <input_file id="fl-3b">
         <path>C:\ti\ccsv5\tools\compiler\msp430_4.2.1\lib\</path>
         <kind>archive</kind>
         <file>rts430_eabi.lib</file>
         <name>int45.obj</name>
      </input_file>
      <input_file id="fl-3c">
         <path>C:\ti\ccsv5\tools\compiler\msp430_4.2.1\lib\</path>
         <kind>archive</kind>
         <file>rts430_eabi.lib</file>
         <name>int46.obj</name>
      </input_file>
      <input_file id="fl-3d">
         <path>C:\ti\ccsv5\tools\compiler\msp430_4.2.1\lib\</path>
         <kind>archive</kind>
         <file>rts430_eabi.lib</file>
         <name>int48.obj</name>
      </input_file>
      <input_file id="fl-3e">
         <path>C:\ti\ccsv5\tools\compiler\msp430_4.2.1\lib\</path>
         <kind>archive</kind>
         <file>rts430_eabi.lib</file>
         <name>int49.obj</name>
      </input_file>
      <input_file id="fl-3f">
         <path>C:\ti\ccsv5\tools\compiler\msp430_4.2.1\lib\</path>
         <kind>archive</kind>
         <file>rts430_eabi.lib</file>
         <name>int50.obj</name>
      </input_file>
      <input_file id="fl-40">
         <path>C:\ti\ccsv5\tools\compiler\msp430_4.2.1\lib\</path>
         <kind>archive</kind>
         <file>rts430_eabi.lib</file>
         <name>int51.obj</name>
      </input_file>
      <input_file id="fl-41">
         <path>C:\ti\ccsv5\tools\compiler\msp430_4.2.1\lib\</path>
         <kind>archive</kind>
         <file>rts430_eabi.lib</file>
         <name>int52.obj</name>
      </input_file>
      <input_file id="fl-42">
         <path>C:\ti\ccsv5\tools\compiler\msp430_4.2.1\lib\</path>
         <kind>archive</kind>
         <file>rts430_eabi.lib</file>
         <name>int54.obj</name>
      </input_file>
      <input_file id="fl-43">
         <path>C:\ti\ccsv5\tools\compiler\msp430_4.2.1\lib\</path>
         <kind>archive</kind>
         <file>rts430_eabi.lib</file>
         <name>int56.obj</name>
      </input_file>
      <input_file id="fl-44">
         <path>C:\ti\ccsv5\tools\compiler\msp430_4.2.1\lib\</path>
         <kind>archive</kind>
         <file>rts430_eabi.lib</file>
         <name>int57.obj</name>
      </input_file>
      <input_file id="fl-45">
         <path>C:\ti\ccsv5\tools\compiler\msp430_4.2.1\lib\</path>
         <kind>archive</kind>
         <file>rts430_eabi.lib</file>
         <name>int58.obj</name>
      </input_file>
      <input_file id="fl-46">
         <path>C:\ti\ccsv5\tools\compiler\msp430_4.2.1\lib\</path>
         <kind>archive</kind>
         <file>rts430_eabi.lib</file>
         <name>int59.obj</name>
      </input_file>
      <input_file id="fl-47">
         <path>C:\ti\ccsv5\tools\compiler\msp430_4.2.1\lib\</path>
         <kind>archive</kind>
         <file>rts430_eabi.lib</file>
         <name>int60.obj</name>
      </input_file>
      <input_file id="fl-48">
         <path>C:\ti\ccsv5\tools\compiler\msp430_4.2.1\lib\</path>
         <kind>archive</kind>
         <file>rts430_eabi.lib</file>
         <name>int61.obj</name>
      </input_file>
      <input_file id="fl-49">
         <path>C:\ti\ccsv5\tools\compiler\msp430_4.2.1\lib\</path>
         <kind>archive</kind>
         <file>rts430_eabi.lib</file>
         <name>int62.obj</name>
      </input_file>
      <input_file id="fl-4a">
         <path>C:\ti\ccsv5\tools\compiler\msp430_4.2.1\lib\</path>
         <kind>archive</kind>
         <file>rts430_eabi.lib</file>
         <name>isr_trap.obj</name>
      </input_file>
      <input_file id="fl-4b">
         <path>C:\ti\ccsv5\tools\compiler\msp430_4.2.1\lib\</path>
         <kind>archive</kind>
         <file>rts430_eabi.lib</file>
         <name>lsr16.obj</name>
      </input_file>
      <input_file id="fl-4c">
         <path>C:\ti\ccsv5\tools\compiler\msp430_4.2.1\lib\</path>
         <kind>archive</kind>
         <file>rts430_eabi.lib</file>
         <name>memcmp.obj</name>
      </input_file>
      <input_file id="fl-4d">
         <path>C:\ti\ccsv5\tools\compiler\msp430_4.2.1\lib\</path>
         <kind>archive</kind>
         <file>rts430_eabi.lib</file>
         <name>memcpy.obj</name>
      </input_file>
      <input_file id="fl-4e">
         <path>C:\ti\ccsv5\tools\compiler\msp430_4.2.1\lib\</path>
         <kind>archive</kind>
         <file>rts430_eabi.lib</file>
         <name>memmov.obj</name>
      </input_file>
      <input_file id="fl-4f">
         <path>C:\ti\ccsv5\tools\compiler\msp430_4.2.1\lib\</path>
         <kind>archive</kind>
         <file>rts430_eabi.lib</file>
         <name>memset.obj</name>
      </input_file>
      <input_file id="fl-50">
         <path>C:\ti\ccsv5\tools\compiler\msp430_4.2.1\lib\</path>
         <kind>archive</kind>
         <file>rts430_eabi.lib</file>
         <name>mult16_f5hw.obj</name>
      </input_file>
      <input_file id="fl-51">
         <path>C:\ti\ccsv5\tools\compiler\msp430_4.2.1\lib\</path>
         <kind>archive</kind>
         <file>rts430_eabi.lib</file>
         <name>mult32_f5hw.obj</name>
      </input_file>
      <input_file id="fl-52">
         <path>C:\ti\ccsv5\tools\compiler\msp430_4.2.1\lib\</path>
         <kind>archive</kind>
         <file>rts430_eabi.lib</file>
         <name>strstr.obj</name>
      </input_file>
      <input_file id="fl-53">
         <path>C:\ti\ccsv5\tools\compiler\msp430_4.2.1\lib\</path>
         <kind>archive</kind>
         <file>rts430_eabi.lib</file>
         <name>_lock.obj</name>
      </input_file>
      <input_file id="fl-54">
         <path>C:\ti\ccsv5\tools\compiler\msp430_4.2.1\lib\</path>
         <kind>archive</kind>
         <file>rts430_eabi.lib</file>
         <name>args_main.obj</name>
      </input_file>
      <input_file id="fl-55">
         <path>C:\ti\ccsv5\tools\compiler\msp430_4.2.1\lib\</path>
         <kind>archive</kind>
         <file>rts430_eabi.lib</file>
         <name>autoinit.obj</name>
      </input_file>
   </input_file_list>
   <object_component_list>
      <object_component id="oc-88">
         <name>.stack</name>
         <uninitialized>true</uninitialized>
         <run_address>0x23ac</run_address>
         <size>0x2</size>
         <input_file_ref idref="fl-32"/>
      </object_component>
      <object_component id="oc-4be">
         <name>.stack</name>
         <uninitialized>true</uninitialized>
         <run_address>0x23ac</run_address>
         <size>0x0</size>
      </object_component>
      <object_component id="oc-184">
         <name>.text:MRFI_Init</name>
         <load_address>0xc000</load_address>
         <run_address>0xc000</run_address>
         <size>0x1de</size>
         <input_file_ref idref="fl-5"/>
      </object_component>
      <object_component id="oc-424">
         <name>.text:smpl_send_link_reply</name>
         <load_address>0xc1de</load_address>
         <run_address>0xc1de</run_address>
         <size>0x198</size>
         <input_file_ref idref="fl-e"/>
      </object_component>
      <object_component id="oc-337">
         <name>.text:nwk_QfindOldest</name>
         <load_address>0xc376</load_address>
         <run_address>0xc376</run_address>
         <size>0x12a</size>
         <input_file_ref idref="fl-9"/>
      </object_component>
      <object_component id="oc-1a2">
         <name>.text:nwk_join</name>
         <load_address>0xc4a0</load_address>
         <run_address>0xc4a0</run_address>
         <size>0xfa</size>
         <input_file_ref idref="fl-f"/>
      </object_component>
      <object_component id="oc-10a">
         <name>.text:Mrfi_SyncPinRxIsr</name>
         <load_address>0xc59a</load_address>
         <run_address>0xc59a</run_address>
         <size>0xf6</size>
         <input_file_ref idref="fl-5"/>
      </object_component>
      <object_component id="oc-43e">
         <name>.text:nwk_allocateLocalRxPort</name>
         <load_address>0xc690</load_address>
         <run_address>0xc690</run_address>
         <size>0xde</size>
         <input_file_ref idref="fl-a"/>
      </object_component>
      <object_component id="oc-331">
         <name>.text:MRFI_Transmit</name>
         <load_address>0xc76e</load_address>
         <run_address>0xc76e</run_address>
         <size>0xca</size>
         <input_file_ref idref="fl-5"/>
      </object_component>
      <object_component id="oc-23b">
         <name>.text:nwk_retrieveFrame</name>
         <load_address>0xc838</load_address>
         <run_address>0xc838</run_address>
         <size>0xb2</size>
         <input_file_ref idref="fl-7"/>
      </object_component>
      <object_component id="oc-ee">
         <name>.text:SMPL_Ioctl</name>
         <load_address>0xc8ea</load_address>
         <run_address>0xc8ea</run_address>
         <size>0xb0</size>
         <input_file_ref idref="fl-8"/>
      </object_component>
      <object_component id="oc-314">
         <name>.text:dispatchFrame</name>
         <load_address>0xc99a</load_address>
         <run_address>0xc99a</run_address>
         <size>0xae</size>
         <input_file_ref idref="fl-7"/>
      </object_component>
      <object_component id="oc-230">
         <name>.text:nwk_buildFrame</name>
         <load_address>0xca48</load_address>
         <run_address>0xca48</run_address>
         <size>0x9e</size>
         <input_file_ref idref="fl-7"/>
      </object_component>
      <object_component id="oc-1f7">
         <name>.text:mrfiRadioInterfaceCmdStrobe</name>
         <load_address>0xcae6</load_address>
         <run_address>0xcae6</run_address>
         <size>0x94</size>
         <input_file_ref idref="fl-5"/>
      </object_component>
      <object_component id="oc-189">
         <name>.text:nwk_nwkInit</name>
         <load_address>0xcb7a</load_address>
         <run_address>0xcb7a</run_address>
         <size>0x86</size>
         <input_file_ref idref="fl-a"/>
      </object_component>
      <object_component id="oc-30a">
         <name>.text:nwk_QfindSlot</name>
         <load_address>0xcc00</load_address>
         <run_address>0xcc00</run_address>
         <size>0x82</size>
         <input_file_ref idref="fl-9"/>
      </object_component>
      <object_component id="oc-99">
         <name>.text:main</name>
         <load_address>0xcc82</load_address>
         <run_address>0xcc82</run_address>
         <size>0x80</size>
         <input_file_ref idref="fl-3"/>
      </object_component>
      <object_component id="oc-a4">
         <name>.text:MRFI_RadioIsr</name>
         <load_address>0xcd02</load_address>
         <run_address>0xcd02</run_address>
         <size>0x78</size>
         <input_file_ref idref="fl-5"/>
      </object_component>
      <object_component id="oc-164">
         <name>.text:nwk_radioControl</name>
         <load_address>0xcd7a</load_address>
         <run_address>0xcd7a</run_address>
         <size>0x78</size>
         <input_file_ref idref="fl-10"/>
      </object_component>
      <object_component id="oc-fe">
         <name>.text:SMPL_LinkListen</name>
         <load_address>0xcdf2</load_address>
         <run_address>0xcdf2</run_address>
         <size>0x76</size>
         <input_file_ref idref="fl-8"/>
      </object_component>
      <object_component id="oc-3a8">
         <name>.text:nwk_isConnectionValid</name>
         <load_address>0xce68</load_address>
         <run_address>0xce68</run_address>
         <size>0x68</size>
         <input_file_ref idref="fl-a"/>
      </object_component>
      <object_component id="oc-1d4">
         <name>.text:mrfiRadioInterfaceReadRxFifo</name>
         <load_address>0xced0</load_address>
         <run_address>0xced0</run_address>
         <size>0x60</size>
         <input_file_ref idref="fl-5"/>
      </object_component>
      <object_component id="oc-c1">
         <name>.text:__TI_decompress_rle_core</name>
         <load_address>0xcf30</load_address>
         <run_address>0xcf30</run_address>
         <size>0x5e</size>
         <input_file_ref idref="fl-34"/>
      </object_component>
      <object_component id="oc-94">
         <name>.text:_auto_init</name>
         <load_address>0xcf8e</load_address>
         <run_address>0xcf8e</run_address>
         <size>0x5e</size>
         <input_file_ref idref="fl-55"/>
      </object_component>
      <object_component id="oc-274">
         <name>.text</name>
         <load_address>0xcfec</load_address>
         <run_address>0xcfec</run_address>
         <size>0x58</size>
         <input_file_ref idref="fl-38"/>
      </object_component>
      <object_component id="oc-169">
         <name>.text:nwk_rawSend</name>
         <load_address>0xd044</load_address>
         <run_address>0xd044</run_address>
         <size>0x54</size>
         <input_file_ref idref="fl-10"/>
      </object_component>
      <object_component id="oc-439">
         <name>.text:nwk_getNextConnection</name>
         <load_address>0xd098</load_address>
         <run_address>0xd098</run_address>
         <size>0x50</size>
         <input_file_ref idref="fl-a"/>
      </object_component>
      <object_component id="oc-177">
         <name>.text:SMPL_Receive</name>
         <load_address>0xd0e8</load_address>
         <run_address>0xd0e8</run_address>
         <size>0x4c</size>
         <input_file_ref idref="fl-8"/>
      </object_component>
      <object_component id="oc-278">
         <name>.text</name>
         <load_address>0xd134</load_address>
         <run_address>0xd134</run_address>
         <size>0x4c</size>
         <input_file_ref idref="fl-4b"/>
      </object_component>
      <object_component id="oc-1e5">
         <name>.text:Mrfi_RxAddrIsFiltered</name>
         <load_address>0xd180</load_address>
         <run_address>0xd180</run_address>
         <size>0x46</size>
         <input_file_ref idref="fl-5"/>
      </object_component>
      <object_component id="oc-1cf">
         <name>.text:mrfiRadioInterfaceReadReg</name>
         <load_address>0xd1c6</load_address>
         <run_address>0xd1c6</run_address>
         <size>0x46</size>
         <input_file_ref idref="fl-5"/>
      </object_component>
      <object_component id="oc-434">
         <name>.text:nwk_isLinkDuplicate</name>
         <load_address>0xd20c</load_address>
         <run_address>0xd20c</run_address>
         <size>0x46</size>
         <input_file_ref idref="fl-a"/>
      </object_component>
      <object_component id="oc-41e">
         <name>.text:smpl_send_ping_reply</name>
         <load_address>0xd252</load_address>
         <run_address>0xd252</run_address>
         <size>0x46</size>
         <input_file_ref idref="fl-c"/>
      </object_component>
      <object_component id="oc-44c">
         <name>.text:initializeConnection</name>
         <load_address>0xd298</load_address>
         <run_address>0xd298</run_address>
         <size>0x3e</size>
         <input_file_ref idref="fl-a"/>
      </object_component>
      <object_component id="oc-2cb">
         <name>.text:MRFI_ReplyDelay</name>
         <load_address>0xd2d6</load_address>
         <run_address>0xd2d6</run_address>
         <size>0x3c</size>
         <input_file_ref idref="fl-5"/>
      </object_component>
      <object_component id="oc-2c6">
         <name>.text:nwk_putNumObjectIntoMsg</name>
         <load_address>0xd312</load_address>
         <run_address>0xd312</run_address>
         <size>0x3c</size>
         <input_file_ref idref="fl-a"/>
      </object_component>
      <object_component id="oc-1b7">
         <name>.text:nwk_getLocalLinkID</name>
         <load_address>0xd34e</load_address>
         <run_address>0xd34e</run_address>
         <size>0x3a</size>
         <input_file_ref idref="fl-e"/>
      </object_component>
      <object_component id="oc-405">
         <name>.text:nwk_isValidReply</name>
         <load_address>0xd388</load_address>
         <run_address>0xd388</run_address>
         <size>0x3a</size>
         <input_file_ref idref="fl-a"/>
      </object_component>
      <object_component id="oc-3ee">
         <name>.text:nwk_processMgmt</name>
         <load_address>0xd3c2</load_address>
         <run_address>0xd3c2</run_address>
         <size>0x3a</size>
         <input_file_ref idref="fl-d"/>
      </object_component>
      <object_component id="oc-2f1">
         <name>.text:BSP_Delay</name>
         <load_address>0xd3fc</load_address>
         <run_address>0xd3fc</run_address>
         <size>0x36</size>
         <input_file_ref idref="fl-4"/>
      </object_component>
      <object_component id="oc-17e">
         <name>.text:strstr</name>
         <load_address>0xd432</load_address>
         <run_address>0xd432</run_address>
         <size>0x36</size>
         <input_file_ref idref="fl-52"/>
      </object_component>
      <object_component id="oc-198">
         <name>.text:MRFI_SetRxAddrFilter</name>
         <load_address>0xd468</load_address>
         <run_address>0xd468</run_address>
         <size>0x34</size>
         <input_file_ref idref="fl-5"/>
      </object_component>
      <object_component id="oc-f8">
         <name>.text:SMPL_Init</name>
         <load_address>0xd49c</load_address>
         <run_address>0xd49c</run_address>
         <size>0x34</size>
         <input_file_ref idref="fl-8"/>
      </object_component>
      <object_component id="oc-258">
         <name>.text:mrfiRadioInterfaceWriteReg</name>
         <load_address>0xd4d0</load_address>
         <run_address>0xd4d0</run_address>
         <size>0x34</size>
         <input_file_ref idref="fl-5"/>
      </object_component>
      <object_component id="oc-3b3">
         <name>.text:mrfiRadioInterfaceWriteTxFifo</name>
         <load_address>0xd504</load_address>
         <run_address>0xd504</run_address>
         <size>0x34</size>
         <input_file_ref idref="fl-5"/>
      </object_component>
      <object_component id="oc-15f">
         <name>.text:nwk_deviceAddress</name>
         <load_address>0xd538</load_address>
         <run_address>0xd538</run_address>
         <size>0x34</size>
         <input_file_ref idref="fl-10"/>
      </object_component>
      <object_component id="oc-25d">
         <name>.text:MRFI_SetLogicalChannel</name>
         <load_address>0xd56c</load_address>
         <run_address>0xd56c</run_address>
         <size>0x32</size>
         <input_file_ref idref="fl-5"/>
      </object_component>
      <object_component id="oc-33c">
         <name>.text:nwk_QadjustOrder</name>
         <load_address>0xd59e</load_address>
         <run_address>0xd59e</run_address>
         <size>0x32</size>
         <input_file_ref idref="fl-9"/>
      </object_component>
      <object_component id="oc-218">
         <name>.text:nwk_getConnInfo</name>
         <load_address>0xd5d0</load_address>
         <run_address>0xd5d0</run_address>
         <size>0x32</size>
         <input_file_ref idref="fl-a"/>
      </object_component>
      <object_component id="oc-2a8">
         <name>.text:nwk_linkInit</name>
         <load_address>0xd602</load_address>
         <run_address>0xd602</run_address>
         <size>0x32</size>
         <input_file_ref idref="fl-e"/>
      </object_component>
      <object_component id="oc-384">
         <name>.text:Mrfi_DelayUsecSem</name>
         <load_address>0xd634</load_address>
         <run_address>0xd634</run_address>
         <size>0x30</size>
         <input_file_ref idref="fl-5"/>
      </object_component>
      <object_component id="oc-322">
         <name>.text:map_lid2idx</name>
         <load_address>0xd664</load_address>
         <run_address>0xd664</run_address>
         <size>0x30</size>
         <input_file_ref idref="fl-a"/>
      </object_component>
      <object_component id="oc-16e">
         <name>.text:nwk_rawReceive</name>
         <load_address>0xd694</load_address>
         <run_address>0xd694</run_address>
         <size>0x30</size>
         <input_file_ref idref="fl-10"/>
      </object_component>
      <object_component id="oc-235">
         <name>.text:nwk_sendFrame</name>
         <load_address>0xd6c4</load_address>
         <run_address>0xd6c4</run_address>
         <size>0x30</size>
         <input_file_ref idref="fl-7"/>
      </object_component>
      <object_component id="oc-1eb">
         <name>.text:Mrfi_CalculateRssi</name>
         <load_address>0xd6f4</load_address>
         <run_address>0xd6f4</run_address>
         <size>0x2e</size>
         <input_file_ref idref="fl-5"/>
      </object_component>
      <object_component id="oc-267">
         <name>.text:Mrfi_RxModeOff</name>
         <load_address>0xd722</load_address>
         <run_address>0xd722</run_address>
         <size>0x2c</size>
         <input_file_ref idref="fl-5"/>
      </object_component>
      <object_component id="oc-305">
         <name>.text</name>
         <load_address>0xd74e</load_address>
         <run_address>0xd74e</run_address>
         <size>0x2c</size>
         <input_file_ref idref="fl-36"/>
      </object_component>
      <object_component id="oc-f3">
         <name>.text:sRxCallback</name>
         <load_address>0xd77a</load_address>
         <run_address>0xd77a</run_address>
         <size>0x2c</size>
         <input_file_ref idref="fl-3"/>
      </object_component>
      <object_component id="oc-1c7">
         <name>.text:Mrfi_DelayUsec</name>
         <load_address>0xd7a6</load_address>
         <run_address>0xd7a6</run_address>
         <size>0x2a</size>
         <input_file_ref idref="fl-5"/>
      </object_component>
      <object_component id="oc-24d">
         <name>.text:nwk_checkConnInfo</name>
         <load_address>0xd7d0</load_address>
         <run_address>0xd7d0</run_address>
         <size>0x2a</size>
         <input_file_ref idref="fl-a"/>
      </object_component>
      <object_component id="oc-3d5">
         <name>.text:nwk_processPing</name>
         <load_address>0xd7fa</load_address>
         <run_address>0xd7fa</run_address>
         <size>0x28</size>
         <input_file_ref idref="fl-c"/>
      </object_component>
      <object_component id="oc-3b8">
         <name>.text:Mrfi_RandomBackoffDelay</name>
         <load_address>0xd822</load_address>
         <run_address>0xd822</run_address>
         <size>0x26</size>
         <input_file_ref idref="fl-5"/>
      </object_component>
      <object_component id="oc-15a">
         <name>.text:nwk_connectionControl</name>
         <load_address>0xd848</load_address>
         <run_address>0xd848</run_address>
         <size>0x26</size>
         <input_file_ref idref="fl-10"/>
      </object_component>
      <object_component id="oc-285">
         <name>.text:nwk_globalsInit</name>
         <load_address>0xd86e</load_address>
         <run_address>0xd86e</run_address>
         <size>0x26</size>
         <input_file_ref idref="fl-6"/>
      </object_component>
      <object_component id="oc-29e">
         <name>.text:nwk_joinInit</name>
         <load_address>0xd894</load_address>
         <run_address>0xd894</run_address>
         <size>0x26</size>
         <input_file_ref idref="fl-f"/>
      </object_component>
      <object_component id="oc-3da">
         <name>.text:nwk_processLink</name>
         <load_address>0xd8ba</load_address>
         <run_address>0xd8ba</run_address>
         <size>0x26</size>
         <input_file_ref idref="fl-e"/>
      </object_component>
      <object_component id="oc-22a">
         <name>.text:MRFI_Rssi</name>
         <load_address>0xd8e0</load_address>
         <run_address>0xd8e0</run_address>
         <size>0x24</size>
         <input_file_ref idref="fl-5"/>
      </object_component>
      <object_component id="oc-1c1">
         <name>.text:MRFI_Sleep</name>
         <load_address>0xd904</load_address>
         <run_address>0xd904</run_address>
         <size>0x24</size>
         <input_file_ref idref="fl-5"/>
      </object_component>
      <object_component id="oc-e1">
         <name>.text:Init_LED</name>
         <load_address>0xd928</load_address>
         <run_address>0xd928</run_address>
         <size>0x22</size>
         <input_file_ref idref="fl-3"/>
      </object_component>
      <object_component id="oc-19d">
         <name>.text:MRFI_EnableRxAddrFilter</name>
         <load_address>0xd94a</load_address>
         <run_address>0xd94a</run_address>
         <size>0x22</size>
         <input_file_ref idref="fl-5"/>
      </object_component>
      <object_component id="oc-1b2">
         <name>.text:MRFI_RxOn</name>
         <load_address>0xd96c</load_address>
         <run_address>0xd96c</run_address>
         <size>0x22</size>
         <input_file_ref idref="fl-5"/>
      </object_component>
      <object_component id="oc-18e">
         <name>.text:MRFI_WakeUp</name>
         <load_address>0xd98e</load_address>
         <run_address>0xd98e</run_address>
         <size>0x22</size>
         <input_file_ref idref="fl-5"/>
      </object_component>
      <object_component id="oc-3a1">
         <name>.text:memcmp</name>
         <load_address>0xd9b0</load_address>
         <run_address>0xd9b0</run_address>
         <size>0x22</size>
         <input_file_ref idref="fl-4c"/>
      </object_component>
      <object_component id="oc-dc">
         <name>.text:BSP_Init</name>
         <load_address>0xd9d2</load_address>
         <run_address>0xd9d2</run_address>
         <size>0x20</size>
         <input_file_ref idref="fl-4"/>
      </object_component>
      <object_component id="oc-1f2">
         <name>.text:MRFI_RxCompleteISR</name>
         <load_address>0xd9f2</load_address>
         <run_address>0xd9f2</run_address>
         <size>0x20</size>
         <input_file_ref idref="fl-7"/>
      </object_component>
      <object_component id="oc-1bc">
         <name>.text:MRFI_RxIdle</name>
         <load_address>0xda12</load_address>
         <run_address>0xda12</run_address>
         <size>0x20</size>
         <input_file_ref idref="fl-5"/>
      </object_component>
      <object_component id="oc-410">
         <name>.text:handleLinkRequest</name>
         <load_address>0xda32</load_address>
         <run_address>0xda32</run_address>
         <size>0x20</size>
         <input_file_ref idref="fl-e"/>
      </object_component>
      <object_component id="oc-37e">
         <name>.text:memmove</name>
         <load_address>0xda52</load_address>
         <run_address>0xda52</run_address>
         <size>0x20</size>
         <input_file_ref idref="fl-4e"/>
      </object_component>
      <object_component id="oc-28a">
         <name>.text:nwk_frameInit</name>
         <load_address>0xda72</load_address>
         <run_address>0xda72</run_address>
         <size>0x20</size>
         <input_file_ref idref="fl-7"/>
      </object_component>
      <object_component id="oc-3df">
         <name>.text:nwk_processJoin</name>
         <load_address>0xda92</load_address>
         <run_address>0xda92</run_address>
         <size>0x20</size>
         <input_file_ref idref="fl-f"/>
      </object_component>
      <object_component id="oc-270">
         <name>.text</name>
         <load_address>0xdab2</load_address>
         <run_address>0xdab2</run_address>
         <size>0x20</size>
         <input_file_ref idref="fl-51"/>
      </object_component>
      <object_component id="oc-262">
         <name>.text:MRFI_SetRFPwr</name>
         <load_address>0xdad2</load_address>
         <run_address>0xdad2</run_address>
         <size>0x1e</size>
         <input_file_ref idref="fl-5"/>
      </object_component>
      <object_component id="oc-28f">
         <name>.text:nwk_QInit</name>
         <load_address>0xdaf0</load_address>
         <run_address>0xdaf0</run_address>
         <size>0x1e</size>
         <input_file_ref idref="fl-9"/>
      </object_component>
      <object_component id="oc-224">
         <name>.text:nwk_setMyAddress</name>
         <load_address>0xdb0e</load_address>
         <run_address>0xdb0e</run_address>
         <size>0x1c</size>
         <input_file_ref idref="fl-6"/>
      </object_component>
      <object_component id="oc-67">
         <name>.text:_c_int00_noexit</name>
         <load_address>0xdb2a</load_address>
         <run_address>0xdb2a</run_address>
         <size>0x1a</size>
         <input_file_ref idref="fl-32"/>
      </object_component>
      <object_component id="oc-103">
         <name>.text:MRFI_DelayMs</name>
         <load_address>0xdb44</load_address>
         <run_address>0xdb44</run_address>
         <size>0x18</size>
         <input_file_ref idref="fl-5"/>
      </object_component>
      <object_component id="oc-205">
         <name>.text:BSP_InitLeds</name>
         <load_address>0xdb5c</load_address>
         <run_address>0xdb5c</run_address>
         <size>0x16</size>
         <input_file_ref idref="fl-4"/>
      </object_component>
      <object_component id="oc-35e">
         <name>.text:MRFI_RandomByte</name>
         <load_address>0xdb72</load_address>
         <run_address>0xdb72</run_address>
         <size>0x16</size>
         <input_file_ref idref="fl-5"/>
      </object_component>
      <object_component id="oc-2e4">
         <name>.text:Mrfi_RxModeOn</name>
         <load_address>0xdb88</load_address>
         <run_address>0xdb88</run_address>
         <size>0x16</size>
         <input_file_ref idref="fl-5"/>
      </object_component>
      <object_component id="oc-397">
         <name>.text</name>
         <load_address>0xdb9e</load_address>
         <run_address>0xdb9e</run_address>
         <size>0x16</size>
         <input_file_ref idref="fl-37"/>
      </object_component>
      <object_component id="oc-7e">
         <name>.text:decompress:ZI:__TI_zero_init</name>
         <load_address>0xdbb4</load_address>
         <run_address>0xdbb4</run_address>
         <size>0x14</size>
         <input_file_ref idref="fl-35"/>
      </object_component>
      <object_component id="oc-14b">
         <name>.text:ioctlPreInitAccessIsOK</name>
         <load_address>0xdbc8</load_address>
         <run_address>0xdbc8</run_address>
         <size>0x14</size>
         <input_file_ref idref="fl-8"/>
      </object_component>
      <object_component id="oc-1db">
         <name>.text:memset</name>
         <load_address>0xdbdc</load_address>
         <run_address>0xdbdc</run_address>
         <size>0x14</size>
         <input_file_ref idref="fl-4f"/>
      </object_component>
      <object_component id="oc-27c">
         <name>.text</name>
         <load_address>0xdbf0</load_address>
         <run_address>0xdbf0</run_address>
         <size>0x14</size>
         <input_file_ref idref="fl-50"/>
      </object_component>
      <object_component id="oc-79">
         <name>.text:decompress:none:__TI_decompress_none</name>
         <load_address>0xdc04</load_address>
         <run_address>0xdc04</run_address>
         <size>0x12</size>
         <input_file_ref idref="fl-33"/>
      </object_component>
      <object_component id="oc-ae">
         <name>.text:memcpy</name>
         <load_address>0xdc16</load_address>
         <run_address>0xdc16</run_address>
         <size>0x12</size>
         <input_file_ref idref="fl-4d"/>
      </object_component>
      <object_component id="oc-193">
         <name>.text:nwk_getMyAddress</name>
         <load_address>0xdc28</load_address>
         <run_address>0xdc28</run_address>
         <size>0x12</size>
         <input_file_ref idref="fl-6"/>
      </object_component>
      <object_component id="oc-2d0">
         <name>.text:nwk_setLinkToken</name>
         <load_address>0xdc3a</load_address>
         <run_address>0xdc3a</run_address>
         <size>0x12</size>
         <input_file_ref idref="fl-e"/>
      </object_component>
      <object_component id="oc-131">
         <name>.text:BSP_InitBoard</name>
         <load_address>0xdc4c</load_address>
         <run_address>0xdc4c</run_address>
         <size>0x10</size>
         <input_file_ref idref="fl-4"/>
      </object_component>
      <object_component id="oc-26c">
         <name>.text:l_asr</name>
         <load_address>0xdc5c</load_address>
         <run_address>0xdc5c</run_address>
         <size>0x10</size>
         <input_file_ref idref="fl-31"/>
      </object_component>
      <object_component id="oc-d6">
         <name>.text</name>
         <load_address>0xdc6c</load_address>
         <run_address>0xdc6c</run_address>
         <size>0x10</size>
         <input_file_ref idref="fl-39"/>
      </object_component>
      <object_component id="oc-20a">
         <name>.text:BSP_InitButtons</name>
         <load_address>0xdc7c</load_address>
         <run_address>0xdc7c</run_address>
         <size>0xe</size>
         <input_file_ref idref="fl-4"/>
      </object_component>
      <object_component id="oc-30f">
         <name>.text:MRFI_Receive</name>
         <load_address>0xdc8a</load_address>
         <run_address>0xdc8a</run_address>
         <size>0xe</size>
         <input_file_ref idref="fl-5"/>
      </object_component>
      <object_component id="oc-a9">
         <name>.text:Timer_A</name>
         <load_address>0xdc98</load_address>
         <run_address>0xdc98</run_address>
         <size>0xe</size>
         <input_file_ref idref="fl-3"/>
      </object_component>
      <object_component id="oc-42f">
         <name>.text:nwk_getNumObjectFromMsg</name>
         <load_address>0xdca6</load_address>
         <run_address>0xdca6</run_address>
         <size>0xe</size>
         <input_file_ref idref="fl-a"/>
      </object_component>
      <object_component id="oc-2d5">
         <name>.text:nwk_setAPAddress</name>
         <load_address>0xdcb4</load_address>
         <run_address>0xdcb4</run_address>
         <size>0xe</size>
         <input_file_ref idref="fl-6"/>
      </object_component>
      <object_component id="oc-1ad">
         <name>.text:nwk_setListenContext</name>
         <load_address>0xdcc2</load_address>
         <run_address>0xdcc2</run_address>
         <size>0xe</size>
         <input_file_ref idref="fl-e"/>
      </object_component>
      <object_component id="oc-3f5">
         <name>.text:MRFI_PostKillSem</name>
         <load_address>0xdcd0</load_address>
         <run_address>0xdcd0</run_address>
         <size>0xc</size>
         <input_file_ref idref="fl-5"/>
      </object_component>
      <object_component id="oc-40a">
         <name>.text:handlePingRequest</name>
         <load_address>0xdcdc</load_address>
         <run_address>0xdcdc</run_address>
         <size>0xc</size>
         <input_file_ref idref="fl-c"/>
      </object_component>
      <object_component id="oc-136">
         <name>.text:BSP_InitDrivers</name>
         <load_address>0xdce8</load_address>
         <run_address>0xdce8</run_address>
         <size>0xa</size>
         <input_file_ref idref="fl-4"/>
      </object_component>
      <object_component id="oc-8f">
         <name>.text:_system_pre_init</name>
         <load_address>0xdcf2</load_address>
         <run_address>0xdcf2</run_address>
         <size>0xa</size>
         <input_file_ref idref="fl-4"/>
      </object_component>
      <object_component id="oc-2a3">
         <name>.text:nwk_mgmtInit</name>
         <load_address>0xdcfc</load_address>
         <run_address>0xdcfc</run_address>
         <size>0xa</size>
         <input_file_ref idref="fl-d"/>
      </object_component>
      <object_component id="oc-299">
         <name>.text:nwk_pingInit</name>
         <load_address>0xdd06</load_address>
         <run_address>0xdd06</run_address>
         <size>0xa</size>
         <input_file_ref idref="fl-c"/>
      </object_component>
      <object_component id="oc-1a8">
         <name>.text:MRFI_GetRadioState</name>
         <load_address>0xdd10</load_address>
         <run_address>0xdd10</run_address>
         <size>0x6</size>
         <input_file_ref idref="fl-5"/>
      </object_component>
      <object_component id="oc-8b">
         <name>.text:__TI_ISR_TRAP</name>
         <load_address>0xdd16</load_address>
         <run_address>0xdd16</run_address>
         <size>0x6</size>
         <input_file_ref idref="fl-4a"/>
      </object_component>
      <object_component id="oc-83">
         <name>.text:decompress:rle24:__TI_decompress_rle24</name>
         <load_address>0xdd1c</load_address>
         <run_address>0xdd1c</run_address>
         <size>0x6</size>
         <input_file_ref idref="fl-34"/>
      </object_component>
      <object_component id="oc-21d">
         <name>.text:nwk_freeConnection</name>
         <load_address>0xdd22</load_address>
         <run_address>0xdd22</run_address>
         <size>0x6</size>
         <input_file_ref idref="fl-a"/>
      </object_component>
      <object_component id="oc-2b2">
         <name>.text:nwk_getBCastAddress</name>
         <load_address>0xdd28</load_address>
         <run_address>0xdd28</run_address>
         <size>0x6</size>
         <input_file_ref idref="fl-6"/>
      </object_component>
      <object_component id="oc-155">
         <name>.text:nwk_getFWVersion</name>
         <load_address>0xdd2e</load_address>
         <run_address>0xdd2e</run_address>
         <size>0x6</size>
         <input_file_ref idref="fl-6"/>
      </object_component>
      <object_component id="oc-444">
         <name>.text:nwk_getMyRxType</name>
         <load_address>0xdd34</load_address>
         <run_address>0xdd34</run_address>
         <size>0x6</size>
         <input_file_ref idref="fl-7"/>
      </object_component>
      <object_component id="oc-150">
         <name>.text:nwk_getProtocolVersion</name>
         <load_address>0xdd3a</load_address>
         <run_address>0xdd3a</run_address>
         <size>0x6</size>
         <input_file_ref idref="fl-6"/>
      </object_component>
      <object_component id="oc-9e">
         <name>.text:abort</name>
         <load_address>0xdd40</load_address>
         <run_address>0xdd40</run_address>
         <size>0x4</size>
         <input_file_ref idref="fl-3a"/>
      </object_component>
      <object_component id="oc-3e9">
         <name>.text:nwk_processFreq</name>
         <load_address>0xdd44</load_address>
         <run_address>0xdd44</run_address>
         <size>0x4</size>
         <input_file_ref idref="fl-11"/>
      </object_component>
      <object_component id="oc-3e4">
         <name>.text:nwk_processSecurity</name>
         <load_address>0xdd48</load_address>
         <run_address>0xdd48</run_address>
         <size>0x4</size>
         <input_file_ref idref="fl-b"/>
      </object_component>
      <object_component id="oc-294">
         <name>.text:nwk_freqInit</name>
         <load_address>0xdd4c</load_address>
         <run_address>0xdd4c</run_address>
         <size>0x2</size>
         <input_file_ref idref="fl-11"/>
      </object_component>
      <object_component id="oc-2ad">
         <name>.text:nwk_securityInit</name>
         <load_address>0xdd4e</load_address>
         <run_address>0xdd4e</run_address>
         <size>0x2</size>
         <input_file_ref idref="fl-b"/>
      </object_component>
      <object_component id="oc-4bd">
         <name>.cinit..data.load</name>
         <load_address>0xddb8</load_address>
         <run_address>0xddb8</run_address>
         <size>0x12</size>
      </object_component>
      <object_component id="oc-4ba">
         <name>__TI_handler_table</name>
         <load_address>0xddca</load_address>
         <run_address>0xddca</run_address>
         <size>0x6</size>
      </object_component>
      <object_component id="oc-4bc">
         <name>.cinit..bss.load</name>
         <load_address>0xddd0</load_address>
         <run_address>0xddd0</run_address>
         <size>0x4</size>
      </object_component>
      <object_component id="oc-4bb">
         <name>__TI_cinit_table</name>
         <load_address>0xddd4</load_address>
         <run_address>0xddd4</run_address>
         <size>0x8</size>
      </object_component>
      <object_component id="oc-256">
         <name>.const:mrfiRadioCfg</name>
         <load_address>0xdd50</load_address>
         <run_address>0xdd50</run_address>
         <size>0x40</size>
         <input_file_ref idref="fl-5"/>
      </object_component>
      <object_component id="oc-3a6">
         <name>.const:func</name>
         <load_address>0xdd90</load_address>
         <run_address>0xdd90</run_address>
         <size>0xc</size>
         <input_file_ref idref="fl-7"/>
      </object_component>
      <object_component id="oc-213">
         <name>.const</name>
         <load_address>0xdd9c</load_address>
         <run_address>0xdd9c</run_address>
         <size>0x9</size>
         <input_file_ref idref="fl-6"/>
      </object_component>
      <object_component id="oc-17d">
         <name>.const:.string</name>
         <load_address>0xdda6</load_address>
         <run_address>0xdda6</run_address>
         <size>0x6</size>
         <input_file_ref idref="fl-3"/>
      </object_component>
      <object_component id="oc-2be">
         <name>.const:.string:mrfiBroadcastAddr</name>
         <load_address>0xddac</load_address>
         <run_address>0xddac</run_address>
         <size>0x4</size>
         <input_file_ref idref="fl-5"/>
      </object_component>
      <object_component id="oc-348">
         <name>.const:.string:mrfiLogicalChanTable</name>
         <load_address>0xddb0</load_address>
         <run_address>0xddb0</run_address>
         <size>0x4</size>
         <input_file_ref idref="fl-5"/>
      </object_component>
      <object_component id="oc-34b">
         <name>.const:.string:mrfiRFPowerTable</name>
         <load_address>0xddb4</load_address>
         <run_address>0xddb4</run_address>
         <size>0x3</size>
         <input_file_ref idref="fl-5"/>
      </object_component>
      <object_component id="oc-63">
         <name>.int45</name>
         <load_address>0xffda</load_address>
         <run_address>0xffda</run_address>
         <size>0x2</size>
         <input_file_ref idref="fl-3b"/>
      </object_component>
      <object_component id="oc-64">
         <name>.int46</name>
         <load_address>0xffdc</load_address>
         <run_address>0xffdc</run_address>
         <size>0x2</size>
         <input_file_ref idref="fl-3c"/>
      </object_component>
      <object_component id="oc-65">
         <name>.int48</name>
         <load_address>0xffe0</load_address>
         <run_address>0xffe0</run_address>
         <size>0x2</size>
         <input_file_ref idref="fl-3d"/>
      </object_component>
      <object_component id="oc-66">
         <name>.int49</name>
         <load_address>0xffe2</load_address>
         <run_address>0xffe2</run_address>
         <size>0x2</size>
         <input_file_ref idref="fl-3e"/>
      </object_component>
      <object_component id="oc-6c">
         <name>.int50</name>
         <load_address>0xffe4</load_address>
         <run_address>0xffe4</run_address>
         <size>0x2</size>
         <input_file_ref idref="fl-3f"/>
      </object_component>
      <object_component id="oc-6d">
         <name>.int51</name>
         <load_address>0xffe6</load_address>
         <run_address>0xffe6</run_address>
         <size>0x2</size>
         <input_file_ref idref="fl-40"/>
      </object_component>
      <object_component id="oc-6e">
         <name>.int52</name>
         <load_address>0xffe8</load_address>
         <run_address>0xffe8</run_address>
         <size>0x2</size>
         <input_file_ref idref="fl-41"/>
      </object_component>
      <object_component id="oc-6f">
         <name>.int53</name>
         <load_address>0xffea</load_address>
         <run_address>0xffea</run_address>
         <size>0x2</size>
         <input_file_ref idref="fl-5"/>
      </object_component>
      <object_component id="oc-70">
         <name>.int54</name>
         <load_address>0xffec</load_address>
         <run_address>0xffec</run_address>
         <size>0x2</size>
         <input_file_ref idref="fl-42"/>
      </object_component>
      <object_component id="oc-71">
         <name>.int55</name>
         <load_address>0xffee</load_address>
         <run_address>0xffee</run_address>
         <size>0x2</size>
         <input_file_ref idref="fl-3"/>
      </object_component>
      <object_component id="oc-72">
         <name>.int56</name>
         <load_address>0xfff0</load_address>
         <run_address>0xfff0</run_address>
         <size>0x2</size>
         <input_file_ref idref="fl-43"/>
      </object_component>
      <object_component id="oc-73">
         <name>.int57</name>
         <load_address>0xfff2</load_address>
         <run_address>0xfff2</run_address>
         <size>0x2</size>
         <input_file_ref idref="fl-44"/>
      </object_component>
      <object_component id="oc-74">
         <name>.int58</name>
         <load_address>0xfff4</load_address>
         <run_address>0xfff4</run_address>
         <size>0x2</size>
         <input_file_ref idref="fl-45"/>
      </object_component>
      <object_component id="oc-75">
         <name>.int59</name>
         <load_address>0xfff6</load_address>
         <run_address>0xfff6</run_address>
         <size>0x2</size>
         <input_file_ref idref="fl-46"/>
      </object_component>
      <object_component id="oc-76">
         <name>.int60</name>
         <load_address>0xfff8</load_address>
         <run_address>0xfff8</run_address>
         <size>0x2</size>
         <input_file_ref idref="fl-47"/>
      </object_component>
      <object_component id="oc-77">
         <name>.int61</name>
         <load_address>0xfffa</load_address>
         <run_address>0xfffa</run_address>
         <size>0x2</size>
         <input_file_ref idref="fl-48"/>
      </object_component>
      <object_component id="oc-78">
         <name>.int62</name>
         <load_address>0xfffc</load_address>
         <run_address>0xfffc</run_address>
         <size>0x2</size>
         <input_file_ref idref="fl-49"/>
      </object_component>
      <object_component id="oc-8a">
         <name>.reset</name>
         <load_address>0xfffe</load_address>
         <run_address>0xfffe</run_address>
         <size>0x2</size>
         <input_file_ref idref="fl-32"/>
      </object_component>
      <object_component id="oc-fd">
         <name>.common:linkIDTemp</name>
         <uninitialized>true</uninitialized>
         <run_address>0x1c9b</run_address>
         <size>0x1</size>
      </object_component>
      <object_component id="oc-17c">
         <name>.common:smpl_buffer</name>
         <uninitialized>true</uninitialized>
         <run_address>0x1c80</run_address>
         <size>0xa</size>
      </object_component>
      <object_component id="oc-176">
         <name>.common:len</name>
         <uninitialized>true</uninitialized>
         <run_address>0x1c9a</run_address>
         <size>0x1</size>
      </object_component>
      <object_component id="oc-ed">
         <name>.common:lAddr</name>
         <uninitialized>true</uninitialized>
         <run_address>0x1c8a</run_address>
         <size>0x4</size>
      </object_component>
      <object_component id="oc-e8">
         <name>.common:Flash_Addr</name>
         <uninitialized>true</uninitialized>
         <run_address>0x1c96</run_address>
         <size>0x2</size>
      </object_component>
      <object_component id="oc-39f">
         <name>.common:mrfiIncomingPacket</name>
         <uninitialized>true</uninitialized>
         <run_address>0x1c68</run_address>
         <size>0x18</size>
      </object_component>
      <object_component id="oc-38b">
         <name>.common:sAPAddress</name>
         <uninitialized>true</uninitialized>
         <run_address>0x1c8e</run_address>
         <size>0x4</size>
      </object_component>
      <object_component id="oc-35c">
         <name>.common:sMyRAMAddress</name>
         <uninitialized>true</uninitialized>
         <run_address>0x1c92</run_address>
         <size>0x4</size>
      </object_component>
      <object_component id="oc-3c0">
         <name>.common:sInFrameQ</name>
         <uninitialized>true</uninitialized>
         <run_address>0x1c00</run_address>
         <size>0x34</size>
      </object_component>
      <object_component id="oc-39d">
         <name>.common:sOutFrameQ</name>
         <uninitialized>true</uninitialized>
         <run_address>0x1c34</run_address>
         <size>0x34</size>
      </object_component>
      <object_component id="oc-443">
         <name>.common:sServiceLinkID</name>
         <uninitialized>true</uninitialized>
         <run_address>0x1c98</run_address>
         <size>0x2</size>
      </object_component>
      <object_component id="oc-149">
         <name>.data</name>
         <load_address>0x1cd9</load_address>
         <run_address>0x1cd9</run_address>
         <size>0x1</size>
         <input_file_ref idref="fl-8"/>
      </object_component>
      <object_component id="oc-1cd">
         <name>.data</name>
         <load_address>0x1cc2</load_address>
         <run_address>0x1cc2</run_address>
         <size>0x17</size>
         <input_file_ref idref="fl-5"/>
      </object_component>
      <object_component id="oc-283">
         <name>.data</name>
         <load_address>0x1c9c</load_address>
         <run_address>0x1c9c</run_address>
         <size>0x26</size>
         <input_file_ref idref="fl-a"/>
      </object_component>
      <object_component id="oc-2ba">
         <name>.data</name>
         <load_address>0x1ce9</load_address>
         <run_address>0x1ce9</run_address>
         <size>0x1</size>
         <input_file_ref idref="fl-6"/>
      </object_component>
      <object_component id="oc-2c0">
         <name>.data:mrfiRxFilterAddr</name>
         <load_address>0x1cf2</load_address>
         <run_address>0x1cf2</run_address>
         <size>0x4</size>
         <input_file_ref idref="fl-5"/>
      </object_component>
      <object_component id="oc-2c4">
         <name>.data</name>
         <load_address>0x1ce2</load_address>
         <run_address>0x1ce2</run_address>
         <size>0x7</size>
         <input_file_ref idref="fl-f"/>
      </object_component>
      <object_component id="oc-2e1">
         <name>.data</name>
         <load_address>0x1cea</load_address>
         <run_address>0x1cea</run_address>
         <size>0x7</size>
         <input_file_ref idref="fl-e"/>
      </object_component>
      <object_component id="oc-32e">
         <name>.data</name>
         <load_address>0x1cda</load_address>
         <run_address>0x1cda</run_address>
         <size>0x8</size>
         <input_file_ref idref="fl-7"/>
      </object_component>
      <object_component id="oc-369">
         <name>.data</name>
         <load_address>0x1cf1</load_address>
         <run_address>0x1cf1</run_address>
         <size>0x1</size>
         <input_file_ref idref="fl-c"/>
      </object_component>
      <object_component id="oc-36d">
         <name>.data</name>
         <load_address>0x1cf6</load_address>
         <run_address>0x1cf6</run_address>
         <size>0x3</size>
         <input_file_ref idref="fl-d"/>
      </object_component>
      <object_component id="oc-68">
         <name>.debug_info</name>
         <load_address>0x0</load_address>
         <run_address>0x0</run_address>
         <size>0x125</size>
         <input_file_ref idref="fl-32"/>
      </object_component>
      <object_component id="oc-7c">
         <name>.debug_info</name>
         <load_address>0x125</load_address>
         <run_address>0x125</run_address>
         <size>0x194</size>
         <input_file_ref idref="fl-33"/>
      </object_component>
      <object_component id="oc-80">
         <name>.debug_info</name>
         <load_address>0x2b9</load_address>
         <run_address>0x2b9</run_address>
         <size>0x16a</size>
         <input_file_ref idref="fl-35"/>
      </object_component>
      <object_component id="oc-85">
         <name>.debug_info</name>
         <load_address>0x423</load_address>
         <run_address>0x423</run_address>
         <size>0x18e</size>
         <input_file_ref idref="fl-34"/>
      </object_component>
      <object_component id="oc-89">
         <name>.debug_info</name>
         <load_address>0x5b1</load_address>
         <run_address>0x5b1</run_address>
         <size>0xaa</size>
         <input_file_ref idref="fl-32"/>
      </object_component>
      <object_component id="oc-8c">
         <name>.debug_info</name>
         <load_address>0x65b</load_address>
         <run_address>0x65b</run_address>
         <size>0xc2</size>
         <input_file_ref idref="fl-4a"/>
      </object_component>
      <object_component id="oc-90">
         <name>.debug_info</name>
         <load_address>0x71d</load_address>
         <run_address>0x71d</run_address>
         <size>0x1d7</size>
         <input_file_ref idref="fl-4"/>
      </object_component>
      <object_component id="oc-98">
         <name>.debug_info</name>
         <load_address>0x8f4</load_address>
         <run_address>0x8f4</run_address>
         <size>0x14d</size>
         <input_file_ref idref="fl-55"/>
      </object_component>
      <object_component id="oc-9a">
         <name>.debug_info</name>
         <load_address>0xa41</load_address>
         <run_address>0xa41</run_address>
         <size>0x192</size>
         <input_file_ref idref="fl-3"/>
      </object_component>
      <object_component id="oc-a0">
         <name>.debug_info</name>
         <load_address>0xbd3</load_address>
         <run_address>0xbd3</run_address>
         <size>0xcc</size>
         <input_file_ref idref="fl-3a"/>
      </object_component>
      <object_component id="oc-a5">
         <name>.debug_info</name>
         <load_address>0xc9f</load_address>
         <run_address>0xc9f</run_address>
         <size>0x264</size>
         <input_file_ref idref="fl-5"/>
      </object_component>
      <object_component id="oc-ac">
         <name>.debug_info</name>
         <load_address>0xf03</load_address>
         <run_address>0xf03</run_address>
         <size>0x126</size>
         <input_file_ref idref="fl-3"/>
      </object_component>
      <object_component id="oc-b0">
         <name>.debug_info</name>
         <load_address>0x1029</load_address>
         <run_address>0x1029</run_address>
         <size>0x157</size>
         <input_file_ref idref="fl-4d"/>
      </object_component>
      <object_component id="oc-b4">
         <name>.debug_info</name>
         <load_address>0x1180</load_address>
         <run_address>0x1180</run_address>
         <size>0x46</size>
         <input_file_ref idref="fl-33"/>
      </object_component>
      <object_component id="oc-b9">
         <name>.debug_info</name>
         <load_address>0x11c6</load_address>
         <run_address>0x11c6</run_address>
         <size>0x164</size>
         <input_file_ref idref="fl-33"/>
      </object_component>
      <object_component id="oc-bb">
         <name>.debug_info</name>
         <load_address>0x132a</load_address>
         <run_address>0x132a</run_address>
         <size>0x46</size>
         <input_file_ref idref="fl-35"/>
      </object_component>
      <object_component id="oc-c0">
         <name>.debug_info</name>
         <load_address>0x1370</load_address>
         <run_address>0x1370</run_address>
         <size>0x11f</size>
         <input_file_ref idref="fl-35"/>
      </object_component>
      <object_component id="oc-c2">
         <name>.debug_info</name>
         <load_address>0x148f</load_address>
         <run_address>0x148f</run_address>
         <size>0x1e9</size>
         <input_file_ref idref="fl-34"/>
      </object_component>
      <object_component id="oc-c7">
         <name>.debug_info</name>
         <load_address>0x1678</load_address>
         <run_address>0x1678</run_address>
         <size>0x129</size>
         <input_file_ref idref="fl-34"/>
      </object_component>
      <object_component id="oc-c8">
         <name>.debug_info</name>
         <load_address>0x17a1</load_address>
         <run_address>0x17a1</run_address>
         <size>0x39</size>
         <input_file_ref idref="fl-34"/>
      </object_component>
      <object_component id="oc-cf">
         <name>.debug_info</name>
         <load_address>0x17da</load_address>
         <run_address>0x17da</run_address>
         <size>0x84</size>
         <input_file_ref idref="fl-3"/>
      </object_component>
      <object_component id="oc-d8">
         <name>.debug_info</name>
         <load_address>0x185e</load_address>
         <run_address>0x185e</run_address>
         <size>0xe1</size>
         <input_file_ref idref="fl-39"/>
      </object_component>
      <object_component id="oc-db">
         <name>.debug_info</name>
         <load_address>0x193f</load_address>
         <run_address>0x193f</run_address>
         <size>0x2ba</size>
         <input_file_ref idref="fl-55"/>
      </object_component>
      <object_component id="oc-dd">
         <name>.debug_info</name>
         <load_address>0x1bf9</load_address>
         <run_address>0x1bf9</run_address>
         <size>0x1d5</size>
         <input_file_ref idref="fl-4"/>
      </object_component>
      <object_component id="oc-e4">
         <name>.debug_info</name>
         <load_address>0x1dce</load_address>
         <run_address>0x1dce</run_address>
         <size>0x127</size>
         <input_file_ref idref="fl-3"/>
      </object_component>
      <object_component id="oc-e7">
         <name>.debug_info</name>
         <load_address>0x1ef5</load_address>
         <run_address>0x1ef5</run_address>
         <size>0x519</size>
         <input_file_ref idref="fl-3"/>
      </object_component>
      <object_component id="oc-ef">
         <name>.debug_info</name>
         <load_address>0x240e</load_address>
         <run_address>0x240e</run_address>
         <size>0x31a</size>
         <input_file_ref idref="fl-8"/>
      </object_component>
      <object_component id="oc-f4">
         <name>.debug_info</name>
         <load_address>0x2728</load_address>
         <run_address>0x2728</run_address>
         <size>0x16d</size>
         <input_file_ref idref="fl-3"/>
      </object_component>
      <object_component id="oc-fa">
         <name>.debug_info</name>
         <load_address>0x2895</load_address>
         <run_address>0x2895</run_address>
         <size>0x282</size>
         <input_file_ref idref="fl-8"/>
      </object_component>
      <object_component id="oc-ff">
         <name>.debug_info</name>
         <load_address>0x2b17</load_address>
         <run_address>0x2b17</run_address>
         <size>0x2ff</size>
         <input_file_ref idref="fl-8"/>
      </object_component>
      <object_component id="oc-104">
         <name>.debug_info</name>
         <load_address>0x2e16</load_address>
         <run_address>0x2e16</run_address>
         <size>0x22b</size>
         <input_file_ref idref="fl-5"/>
      </object_component>
      <object_component id="oc-10b">
         <name>.debug_info</name>
         <load_address>0x3041</load_address>
         <run_address>0x3041</run_address>
         <size>0x3c8</size>
         <input_file_ref idref="fl-5"/>
      </object_component>
      <object_component id="oc-110">
         <name>.debug_info</name>
         <load_address>0x3409</load_address>
         <run_address>0x3409</run_address>
         <size>0x6d</size>
         <input_file_ref idref="fl-3"/>
      </object_component>
      <object_component id="oc-117">
         <name>.debug_info</name>
         <load_address>0x3476</load_address>
         <run_address>0x3476</run_address>
         <size>0x127</size>
         <input_file_ref idref="fl-4d"/>
      </object_component>
      <object_component id="oc-118">
         <name>.debug_info</name>
         <load_address>0x359d</load_address>
         <run_address>0x359d</run_address>
         <size>0x2c</size>
         <input_file_ref idref="fl-5"/>
      </object_component>
      <object_component id="oc-11d">
         <name>.debug_info</name>
         <load_address>0x35c9</load_address>
         <run_address>0x35c9</run_address>
         <size>0x2c</size>
         <input_file_ref idref="fl-33"/>
      </object_component>
      <object_component id="oc-12c">
         <name>.debug_info</name>
         <load_address>0x35f5</load_address>
         <run_address>0x35f5</run_address>
         <size>0x39</size>
         <input_file_ref idref="fl-55"/>
      </object_component>
      <object_component id="oc-132">
         <name>.debug_info</name>
         <load_address>0x362e</load_address>
         <run_address>0x362e</run_address>
         <size>0x1cd</size>
         <input_file_ref idref="fl-4"/>
      </object_component>
      <object_component id="oc-137">
         <name>.debug_info</name>
         <load_address>0x37fb</load_address>
         <run_address>0x37fb</run_address>
         <size>0x1fe</size>
         <input_file_ref idref="fl-4"/>
      </object_component>
      <object_component id="oc-13f">
         <name>.debug_info</name>
         <load_address>0x39f9</load_address>
         <run_address>0x39f9</run_address>
         <size>0x692</size>
         <input_file_ref idref="fl-3"/>
      </object_component>
      <object_component id="oc-144">
         <name>.debug_info</name>
         <load_address>0x408b</load_address>
         <run_address>0x408b</run_address>
         <size>0x5e</size>
         <input_file_ref idref="fl-3"/>
      </object_component>
      <object_component id="oc-14a">
         <name>.debug_info</name>
         <load_address>0x40e9</load_address>
         <run_address>0x40e9</run_address>
         <size>0x117</size>
         <input_file_ref idref="fl-8"/>
      </object_component>
      <object_component id="oc-14c">
         <name>.debug_info</name>
         <load_address>0x4200</load_address>
         <run_address>0x4200</run_address>
         <size>0x20a</size>
         <input_file_ref idref="fl-8"/>
      </object_component>
      <object_component id="oc-151">
         <name>.debug_info</name>
         <load_address>0x440a</load_address>
         <run_address>0x440a</run_address>
         <size>0x1f2</size>
         <input_file_ref idref="fl-6"/>
      </object_component>
      <object_component id="oc-156">
         <name>.debug_info</name>
         <load_address>0x45fc</load_address>
         <run_address>0x45fc</run_address>
         <size>0x1e6</size>
         <input_file_ref idref="fl-6"/>
      </object_component>
      <object_component id="oc-15b">
         <name>.debug_info</name>
         <load_address>0x47e2</load_address>
         <run_address>0x47e2</run_address>
         <size>0x2af</size>
         <input_file_ref idref="fl-10"/>
      </object_component>
      <object_component id="oc-160">
         <name>.debug_info</name>
         <load_address>0x4a91</load_address>
         <run_address>0x4a91</run_address>
         <size>0x29a</size>
         <input_file_ref idref="fl-10"/>
      </object_component>
      <object_component id="oc-165">
         <name>.debug_info</name>
         <load_address>0x4d2b</load_address>
         <run_address>0x4d2b</run_address>
         <size>0x30e</size>
         <input_file_ref idref="fl-10"/>
      </object_component>
      <object_component id="oc-16a">
         <name>.debug_info</name>
         <load_address>0x5039</load_address>
         <run_address>0x5039</run_address>
         <size>0x27b</size>
         <input_file_ref idref="fl-10"/>
      </object_component>
      <object_component id="oc-170">
         <name>.debug_info</name>
         <load_address>0x52b4</load_address>
         <run_address>0x52b4</run_address>
         <size>0x24d</size>
         <input_file_ref idref="fl-10"/>
      </object_component>
      <object_component id="oc-174">
         <name>.debug_info</name>
         <load_address>0x5501</load_address>
         <run_address>0x5501</run_address>
         <size>0x757</size>
         <input_file_ref idref="fl-8"/>
      </object_component>
      <object_component id="oc-179">
         <name>.debug_info</name>
         <load_address>0x5c58</load_address>
         <run_address>0x5c58</run_address>
         <size>0x2a1</size>
         <input_file_ref idref="fl-8"/>
      </object_component>
      <object_component id="oc-180">
         <name>.debug_info</name>
         <load_address>0x5ef9</load_address>
         <run_address>0x5ef9</run_address>
         <size>0x16c</size>
         <input_file_ref idref="fl-52"/>
      </object_component>
      <object_component id="oc-185">
         <name>.debug_info</name>
         <load_address>0x6065</load_address>
         <run_address>0x6065</run_address>
         <size>0x4c5</size>
         <input_file_ref idref="fl-5"/>
      </object_component>
      <object_component id="oc-18b">
         <name>.debug_info</name>
         <load_address>0x652a</load_address>
         <run_address>0x652a</run_address>
         <size>0x2be</size>
         <input_file_ref idref="fl-a"/>
      </object_component>
      <object_component id="oc-18f">
         <name>.debug_info</name>
         <load_address>0x67e8</load_address>
         <run_address>0x67e8</run_address>
         <size>0x216</size>
         <input_file_ref idref="fl-5"/>
      </object_component>
      <object_component id="oc-194">
         <name>.debug_info</name>
         <load_address>0x69fe</load_address>
         <run_address>0x69fe</run_address>
         <size>0x1e6</size>
         <input_file_ref idref="fl-6"/>
      </object_component>
      <object_component id="oc-199">
         <name>.debug_info</name>
         <load_address>0x6be4</load_address>
         <run_address>0x6be4</run_address>
         <size>0x23a</size>
         <input_file_ref idref="fl-5"/>
      </object_component>
      <object_component id="oc-19f">
         <name>.debug_info</name>
         <load_address>0x6e1e</load_address>
         <run_address>0x6e1e</run_address>
         <size>0x20b</size>
         <input_file_ref idref="fl-5"/>
      </object_component>
      <object_component id="oc-1a4">
         <name>.debug_info</name>
         <load_address>0x7029</load_address>
         <run_address>0x7029</run_address>
         <size>0x3bc</size>
         <input_file_ref idref="fl-f"/>
      </object_component>
      <object_component id="oc-1a9">
         <name>.debug_info</name>
         <load_address>0x73e5</load_address>
         <run_address>0x73e5</run_address>
         <size>0x1e4</size>
         <input_file_ref idref="fl-5"/>
      </object_component>
      <object_component id="oc-1ae">
         <name>.debug_info</name>
         <load_address>0x75c9</load_address>
         <run_address>0x75c9</run_address>
         <size>0x239</size>
         <input_file_ref idref="fl-e"/>
      </object_component>
      <object_component id="oc-1b3">
         <name>.debug_info</name>
         <load_address>0x7802</load_address>
         <run_address>0x7802</run_address>
         <size>0x1e2</size>
         <input_file_ref idref="fl-5"/>
      </object_component>
      <object_component id="oc-1b9">
         <name>.debug_info</name>
         <load_address>0x79e4</load_address>
         <run_address>0x79e4</run_address>
         <size>0x259</size>
         <input_file_ref idref="fl-e"/>
      </object_component>
      <object_component id="oc-1bd">
         <name>.debug_info</name>
         <load_address>0x7c3d</load_address>
         <run_address>0x7c3d</run_address>
         <size>0x1e7</size>
         <input_file_ref idref="fl-5"/>
      </object_component>
      <object_component id="oc-1c2">
         <name>.debug_info</name>
         <load_address>0x7e24</load_address>
         <run_address>0x7e24</run_address>
         <size>0x20f</size>
         <input_file_ref idref="fl-5"/>
      </object_component>
      <object_component id="oc-1c8">
         <name>.debug_info</name>
         <load_address>0x8033</load_address>
         <run_address>0x8033</run_address>
         <size>0x243</size>
         <input_file_ref idref="fl-5"/>
      </object_component>
      <object_component id="oc-1ce">
         <name>.debug_info</name>
         <load_address>0x8276</load_address>
         <run_address>0x8276</run_address>
         <size>0x2a2</size>
         <input_file_ref idref="fl-5"/>
      </object_component>
      <object_component id="oc-1d0">
         <name>.debug_info</name>
         <load_address>0x8518</load_address>
         <run_address>0x8518</run_address>
         <size>0x249</size>
         <input_file_ref idref="fl-5"/>
      </object_component>
      <object_component id="oc-1d5">
         <name>.debug_info</name>
         <load_address>0x8761</load_address>
         <run_address>0x8761</run_address>
         <size>0x257</size>
         <input_file_ref idref="fl-5"/>
      </object_component>
      <object_component id="oc-1da">
         <name>.debug_info</name>
         <load_address>0x89b8</load_address>
         <run_address>0x89b8</run_address>
         <size>0x542</size>
         <input_file_ref idref="fl-5"/>
      </object_component>
      <object_component id="oc-1dd">
         <name>.debug_info</name>
         <load_address>0x8efa</load_address>
         <run_address>0x8efa</run_address>
         <size>0x183</size>
         <input_file_ref idref="fl-4f"/>
      </object_component>
      <object_component id="oc-1e6">
         <name>.debug_info</name>
         <load_address>0x907d</load_address>
         <run_address>0x907d</run_address>
         <size>0x28f</size>
         <input_file_ref idref="fl-5"/>
      </object_component>
      <object_component id="oc-1ec">
         <name>.debug_info</name>
         <load_address>0x930c</load_address>
         <run_address>0x930c</run_address>
         <size>0x23a</size>
         <input_file_ref idref="fl-5"/>
      </object_component>
      <object_component id="oc-1f6">
         <name>.debug_info</name>
         <load_address>0x9546</load_address>
         <run_address>0x9546</run_address>
         <size>0x237</size>
         <input_file_ref idref="fl-7"/>
      </object_component>
      <object_component id="oc-1f8">
         <name>.debug_info</name>
         <load_address>0x977d</load_address>
         <run_address>0x977d</run_address>
         <size>0x2db</size>
         <input_file_ref idref="fl-5"/>
      </object_component>
      <object_component id="oc-1fd">
         <name>.debug_info</name>
         <load_address>0x9a58</load_address>
         <run_address>0x9a58</run_address>
         <size>0x2c</size>
         <input_file_ref idref="fl-3"/>
      </object_component>
      <object_component id="oc-206">
         <name>.debug_info</name>
         <load_address>0x9a84</load_address>
         <run_address>0x9a84</run_address>
         <size>0x1c5</size>
         <input_file_ref idref="fl-4"/>
      </object_component>
      <object_component id="oc-20b">
         <name>.debug_info</name>
         <load_address>0x9c49</load_address>
         <run_address>0x9c49</run_address>
         <size>0x1d1</size>
         <input_file_ref idref="fl-4"/>
      </object_component>
      <object_component id="oc-214">
         <name>.debug_info</name>
         <load_address>0x9e1a</load_address>
         <run_address>0x9e1a</run_address>
         <size>0x149</size>
         <input_file_ref idref="fl-6"/>
      </object_component>
      <object_component id="oc-217">
         <name>.debug_info</name>
         <load_address>0x9f63</load_address>
         <run_address>0x9f63</run_address>
         <size>0x2f1</size>
         <input_file_ref idref="fl-6"/>
      </object_component>
      <object_component id="oc-219">
         <name>.debug_info</name>
         <load_address>0xa254</load_address>
         <run_address>0xa254</run_address>
         <size>0x22e</size>
         <input_file_ref idref="fl-a"/>
      </object_component>
      <object_component id="oc-21e">
         <name>.debug_info</name>
         <load_address>0xa482</load_address>
         <run_address>0xa482</run_address>
         <size>0x1fb</size>
         <input_file_ref idref="fl-a"/>
      </object_component>
      <object_component id="oc-223">
         <name>.debug_info</name>
         <load_address>0xa67d</load_address>
         <run_address>0xa67d</run_address>
         <size>0x453</size>
         <input_file_ref idref="fl-10"/>
      </object_component>
      <object_component id="oc-225">
         <name>.debug_info</name>
         <load_address>0xaad0</load_address>
         <run_address>0xaad0</run_address>
         <size>0x222</size>
         <input_file_ref idref="fl-6"/>
      </object_component>
      <object_component id="oc-22b">
         <name>.debug_info</name>
         <load_address>0xacf2</load_address>
         <run_address>0xacf2</run_address>
         <size>0x20b</size>
         <input_file_ref idref="fl-5"/>
      </object_component>
      <object_component id="oc-234">
         <name>.debug_info</name>
         <load_address>0xaefd</load_address>
         <run_address>0xaefd</run_address>
         <size>0x29d</size>
         <input_file_ref idref="fl-7"/>
      </object_component>
      <object_component id="oc-238">
         <name>.debug_info</name>
         <load_address>0xb19a</load_address>
         <run_address>0xb19a</run_address>
         <size>0x251</size>
         <input_file_ref idref="fl-7"/>
      </object_component>
      <object_component id="oc-23e">
         <name>.debug_info</name>
         <load_address>0xb3eb</load_address>
         <run_address>0xb3eb</run_address>
         <size>0x32e</size>
         <input_file_ref idref="fl-7"/>
      </object_component>
      <object_component id="oc-243">
         <name>.debug_info</name>
         <load_address>0xb719</load_address>
         <run_address>0xb719</run_address>
         <size>0xb1</size>
         <input_file_ref idref="fl-7"/>
      </object_component>
      <object_component id="oc-248">
         <name>.debug_info</name>
         <load_address>0xb7ca</load_address>
         <run_address>0xb7ca</run_address>
         <size>0xc2</size>
         <input_file_ref idref="fl-7"/>
      </object_component>
      <object_component id="oc-24e">
         <name>.debug_info</name>
         <load_address>0xb88c</load_address>
         <run_address>0xb88c</run_address>
         <size>0x228</size>
         <input_file_ref idref="fl-a"/>
      </object_component>
      <object_component id="oc-254">
         <name>.debug_info</name>
         <load_address>0xbab4</load_address>
         <run_address>0xbab4</run_address>
         <size>0x117</size>
         <input_file_ref idref="fl-52"/>
      </object_component>
      <object_component id="oc-257">
         <name>.debug_info</name>
         <load_address>0xbbcb</load_address>
         <run_address>0xbbcb</run_address>
[...]
         <object_component_ref idref="oc-1a8"/>
      </symbol>
      <symbol id="sm-4e9">
         <name>MRFI_DelayMs</name>
         <value>0xdb44</value>
         <object_component_ref idref="oc-103"/>
      </symbol>
      <symbol id="sm-4ea">
         <name>MRFI_EnableRxAddrFilter</name>
         <value>0xd94a</value>
         <object_component_ref idref="oc-19d"/>
      </symbol>
      <symbol id="sm-4eb">
         <name>mrfiRadioInterfaceWriteTxFifo</name>
         <value>0xd504</value>
         <object_component_ref idref="oc-3b3"/>
      </symbol>
      <symbol id="sm-4ec">
         <name>MRFI_SetRFPwr</name>
         <value>0xdad2</value>
         <object_component_ref idref="oc-262"/>
      </symbol>
      <symbol id="sm-4ed">
         <name>method</name>
         <value>0x1cd8</value>
         <object_component_ref idref="oc-1cd"/>
      </symbol>
      <symbol id="sm-4ee">
         <name>MRFI_Receive</name>
         <value>0xdc8a</value>
         <object_component_ref idref="oc-30f"/>
      </symbol>
      <symbol id="sm-52e">
         <name>nwk_getProtocolVersion</name>
         <value>0xdd3a</value>
         <object_component_ref idref="oc-150"/>
      </symbol>
      <symbol id="sm-52f">
         <name>nwk_getFWVersion</name>
         <value>0xdd2e</value>
         <object_component_ref idref="oc-155"/>
      </symbol>
      <symbol id="sm-530">
         <name>nwk_globalsInit</name>
         <value>0xd86e</value>
         <object_component_ref idref="oc-285"/>
      </symbol>
      <symbol id="sm-531">
         <name>nwk_setAPAddress</name>
         <value>0xdcb4</value>
         <object_component_ref idref="oc-2d5"/>
      </symbol>
      <symbol id="sm-532">
         <name>nwk_setMyAddress</name>
         <value>0xdb0e</value>
         <object_component_ref idref="oc-224"/>
      </symbol>
      <symbol id="sm-533">
         <name>nwk_getBCastAddress</name>
         <value>0xdd28</value>
         <object_component_ref idref="oc-2b2"/>
      </symbol>
      <symbol id="sm-534">
         <name>nwk_getMyAddress</name>
         <value>0xdc28</value>
         <object_component_ref idref="oc-193"/>
      </symbol>
      <symbol id="sm-592">
         <name>nwk_buildFrame</name>
         <value>0xca48</value>
         <object_component_ref idref="oc-230"/>
      </symbol>
      <symbol id="sm-593">
         <name>nwk_sendFrame</name>
         <value>0xd6c4</value>
         <object_component_ref idref="oc-235"/>
      </symbol>
      <symbol id="sm-594">
         <name>nwk_getMyRxType</name>
         <value>0xdd34</value>
         <object_component_ref idref="oc-444"/>
      </symbol>
      <symbol id="sm-595">
         <name>nwk_frameInit</name>
         <value>0xda72</value>
         <object_component_ref idref="oc-28a"/>
      </symbol>
      <symbol id="sm-596">
         <name>nwk_retrieveFrame</name>
         <value>0xc838</value>
         <object_component_ref idref="oc-23b"/>
      </symbol>
      <symbol id="sm-597">
         <name>MRFI_RxCompleteISR</name>
         <value>0xd9f2</value>
         <object_component_ref idref="oc-1f2"/>
      </symbol>
      <symbol id="sm-5dd">
         <name>SMPL_Receive</name>
         <value>0xd0e8</value>
         <object_component_ref idref="oc-177"/>
      </symbol>
      <symbol id="sm-5de">
         <name>SMPL_Init</name>
         <value>0xd49c</value>
         <object_component_ref idref="oc-f8"/>
      </symbol>
      <symbol id="sm-5df">
         <name>SMPL_LinkListen</name>
         <value>0xcdf2</value>
         <object_component_ref idref="oc-fe"/>
      </symbol>
      <symbol id="sm-5e0">
         <name>SMPL_Ioctl</name>
         <value>0xc8ea</value>
         <object_component_ref idref="oc-ee"/>
      </symbol>
      <symbol id="sm-622">
         <name>nwk_QadjustOrder</name>
         <value>0xd59e</value>
         <object_component_ref idref="oc-33c"/>
      </symbol>
      <symbol id="sm-623">
         <name>nwk_QfindSlot</name>
         <value>0xcc00</value>
         <object_component_ref idref="oc-30a"/>
      </symbol>
      <symbol id="sm-624">
         <name>nwk_QInit</name>
         <value>0xdaf0</value>
         <object_component_ref idref="oc-28f"/>
      </symbol>
      <symbol id="sm-625">
         <name>nwk_QfindOldest</name>
         <value>0xc376</value>
         <object_component_ref idref="oc-337"/>
      </symbol>
      <symbol id="sm-6b0">
         <name>nwk_getNextConnection</name>
         <value>0xd098</value>
         <object_component_ref idref="oc-439"/>
      </symbol>
      <symbol id="sm-6b1">
         <name>nwk_freeConnection</name>
         <value>0xdd22</value>
         <object_component_ref idref="oc-21d"/>
      </symbol>
      <symbol id="sm-6b2">
         <name>nwk_checkConnInfo</name>
         <value>0xd7d0</value>
         <object_component_ref idref="oc-24d"/>
      </symbol>
      <symbol id="sm-6b3">
         <name>nwk_isLinkDuplicate</name>
         <value>0xd20c</value>
         <object_component_ref idref="oc-434"/>
      </symbol>
      <symbol id="sm-6b4">
         <name>nwk_isConnectionValid</name>
         <value>0xce68</value>
         <object_component_ref idref="oc-3a8"/>
      </symbol>
      <symbol id="sm-6b5">
         <name>nwk_isValidReply</name>
         <value>0xd388</value>
         <object_component_ref idref="oc-405"/>
      </symbol>
      <symbol id="sm-6b6">
         <name>nwk_putNumObjectIntoMsg</name>
         <value>0xd312</value>
         <object_component_ref idref="oc-2c6"/>
      </symbol>
      <symbol id="sm-6b7">
         <name>nwk_allocateLocalRxPort</name>
         <value>0xc690</value>
         <object_component_ref idref="oc-43e"/>
      </symbol>
      <symbol id="sm-6b8">
         <name>nwk_nwkInit</name>
         <value>0xcb7a</value>
         <object_component_ref idref="oc-189"/>
      </symbol>
      <symbol id="sm-6b9">
         <name>nwk_getConnInfo</name>
         <value>0xd5d0</value>
         <object_component_ref idref="oc-218"/>
      </symbol>
      <symbol id="sm-6ba">
         <name>nwk_getNumObjectFromMsg</name>
         <value>0xdca6</value>
         <object_component_ref idref="oc-42f"/>
      </symbol>
      <symbol id="sm-6cb">
         <name>nwk_securityInit</name>
         <value>0xdd4e</value>
         <object_component_ref idref="oc-2ad"/>
      </symbol>
      <symbol id="sm-6cc">
         <name>nwk_processSecurity</name>
         <value>0xdd48</value>
         <object_component_ref idref="oc-3e4"/>
      </symbol>
      <symbol id="sm-6f4">
         <name>nwk_processPing</name>
         <value>0xd7fa</value>
         <object_component_ref idref="oc-3d5"/>
      </symbol>
      <symbol id="sm-6f5">
         <name>nwk_pingInit</name>
         <value>0xdd06</value>
         <object_component_ref idref="oc-299"/>
      </symbol>
      <symbol id="sm-70f">
         <name>nwk_mgmtInit</name>
         <value>0xdcfc</value>
         <object_component_ref idref="oc-2a3"/>
      </symbol>
      <symbol id="sm-710">
         <name>nwk_processMgmt</name>
         <value>0xd3c2</value>
         <object_component_ref idref="oc-3ee"/>
      </symbol>
      <symbol id="sm-763">
         <name>nwk_linkInit</name>
         <value>0xd602</value>
         <object_component_ref idref="oc-2a8"/>
      </symbol>
      <symbol id="sm-764">
         <name>nwk_setLinkToken</name>
         <value>0xdc3a</value>
         <object_component_ref idref="oc-2d0"/>
      </symbol>
      <symbol id="sm-765">
         <name>nwk_getLocalLinkID</name>
         <value>0xd34e</value>
         <object_component_ref idref="oc-1b7"/>
      </symbol>
      <symbol id="sm-766">
         <name>nwk_setListenContext</name>
         <value>0xdcc2</value>
         <object_component_ref idref="oc-1ad"/>
      </symbol>
      <symbol id="sm-767">
         <name>nwk_processLink</name>
         <value>0xd8ba</value>
         <object_component_ref idref="oc-3da"/>
      </symbol>
      <symbol id="sm-791">
         <name>nwk_processJoin</name>
         <value>0xda92</value>
         <object_component_ref idref="oc-3df"/>
      </symbol>
      <symbol id="sm-792">
         <name>nwk_joinInit</name>
         <value>0xd894</value>
         <object_component_ref idref="oc-29e"/>
      </symbol>
      <symbol id="sm-793">
         <name>nwk_join</name>
         <value>0xc4a0</value>
         <object_component_ref idref="oc-1a2"/>
      </symbol>
      <symbol id="sm-7c8">
         <name>nwk_radioControl</name>
         <value>0xcd7a</value>
         <object_component_ref idref="oc-164"/>
      </symbol>
      <symbol id="sm-7c9">
         <name>nwk_rawSend</name>
         <value>0xd044</value>
         <object_component_ref idref="oc-169"/>
      </symbol>
      <symbol id="sm-7ca">
         <name>nwk_rawReceive</name>
         <value>0xd694</value>
         <object_component_ref idref="oc-16e"/>
      </symbol>
      <symbol id="sm-7cb">
         <name>nwk_connectionControl</name>
         <value>0xd848</value>
         <object_component_ref idref="oc-15a"/>
      </symbol>
      <symbol id="sm-7cc">
         <name>nwk_deviceAddress</name>
         <value>0xd538</value>
         <object_component_ref idref="oc-15f"/>
      </symbol>
      <symbol id="sm-7dd">
         <name>nwk_freqInit</name>
         <value>0xdd4c</value>
         <object_component_ref idref="oc-294"/>
      </symbol>
      <symbol id="sm-7de">
         <name>nwk_processFreq</name>
         <value>0xdd44</value>
         <object_component_ref idref="oc-3e9"/>
      </symbol>
      <symbol id="sm-7e7">
         <name>__mspabi_sral</name>
         <value>0xdc5c</value>
         <object_component_ref idref="oc-26c"/>
      </symbol>
      <symbol id="sm-7f5">
         <name>_c_int00_noexit</name>
         <value>0xdb2a</value>
         <object_component_ref idref="oc-67"/>
      </symbol>
      <symbol id="sm-7f6">
         <name>_c_int00</name>
         <value>0xdb2a</value>
         <object_component_ref idref="oc-67"/>
      </symbol>
      <symbol id="sm-7f7">
         <name>_stack</name>
         <value>0x23ac</value>
         <object_component_ref idref="oc-88"/>
      </symbol>
      <symbol id="sm-7f8">
         <name>_reset_vector</name>
         <value>0xfffe</value>
         <object_component_ref idref="oc-8a"/>
      </symbol>
      <symbol id="sm-80d">
         <name>__TI_decompress_none</name>
         <value>0xdc04</value>
         <object_component_ref idref="oc-79"/>
      </symbol>
      <symbol id="sm-82d">
         <name>__TI_decompress_rle24</name>
         <value>0xdd1c</value>
         <object_component_ref idref="oc-83"/>
      </symbol>
      <symbol id="sm-83f">
         <name>__TI_zero_init</name>
         <value>0xdbb4</value>
         <object_component_ref idref="oc-7e"/>
      </symbol>
      <symbol id="sm-84a">
         <name>__mspabi_remi</name>
         <value>0xd74e</value>
         <object_component_ref idref="oc-305"/>
      </symbol>
      <symbol id="sm-84b">
         <name>__mspabi_divi</name>
         <value>0xd74e</value>
         <object_component_ref idref="oc-305"/>
      </symbol>
      <symbol id="sm-854">
         <name>__mspabi_remu</name>
         <value>0xdb9e</value>
         <object_component_ref idref="oc-397"/>
      </symbol>
      <symbol id="sm-855">
         <name>__mspabi_divu</name>
         <value>0xdb9e</value>
         <object_component_ref idref="oc-397"/>
      </symbol>
      <symbol id="sm-862">
         <name>__mspabi_remul</name>
         <value>0xcfec</value>
         <object_component_ref idref="oc-274"/>
      </symbol>
      <symbol id="sm-863">
         <name>__mspabi_divul</name>
         <value>0xcfec</value>
         <object_component_ref idref="oc-274"/>
      </symbol>
      <symbol id="sm-86b">
         <name>__mspabi_func_epilog_2</name>
         <value>0xdc76</value>
         <object_component_ref idref="oc-d6"/>
      </symbol>
      <symbol id="sm-86c">
         <name>__mspabi_func_epilog_3</name>
         <value>0xdc74</value>
         <object_component_ref idref="oc-d6"/>
      </symbol>
      <symbol id="sm-86d">
         <name>__mspabi_func_epilog_1</name>
         <value>0xdc78</value>
         <object_component_ref idref="oc-d6"/>
      </symbol>
      <symbol id="sm-86e">
         <name>__mspabi_func_epilog_6</name>
         <value>0xdc6e</value>
         <object_component_ref idref="oc-d6"/>
      </symbol>
      <symbol id="sm-86f">
         <name>__mspabi_func_epilog_7</name>
         <value>0xdc6c</value>
         <object_component_ref idref="oc-d6"/>
      </symbol>
      <symbol id="sm-870">
         <name>__mspabi_func_epilog_4</name>
         <value>0xdc72</value>
         <object_component_ref idref="oc-d6"/>
      </symbol>
      <symbol id="sm-871">
         <name>__mspabi_func_epilog_5</name>
         <value>0xdc70</value>
         <object_component_ref idref="oc-d6"/>
      </symbol>
      <symbol id="sm-87a">
         <name>C$$EXIT</name>
         <value>0xdd40</value>
         <object_component_ref idref="oc-9e"/>
      </symbol>
      <symbol id="sm-87b">
         <name>abort</name>
         <value>0xdd40</value>
         <object_component_ref idref="oc-9e"/>
      </symbol>
      <symbol id="sm-87e">
         <name>__TI_int45</name>
         <value>0xffda</value>
         <object_component_ref idref="oc-63"/>
      </symbol>
      <symbol id="sm-881">
         <name>__TI_int46</name>
         <value>0xffdc</value>
         <object_component_ref idref="oc-64"/>
      </symbol>
      <symbol id="sm-884">
         <name>__TI_int48</name>
         <value>0xffe0</value>
         <object_component_ref idref="oc-65"/>
      </symbol>
      <symbol id="sm-887">
         <name>__TI_int49</name>
         <value>0xffe2</value>
         <object_component_ref idref="oc-66"/>
      </symbol>
      <symbol id="sm-88a">
         <name>__TI_int50</name>
         <value>0xffe4</value>
         <object_component_ref idref="oc-6c"/>
      </symbol>
      <symbol id="sm-88d">
         <name>__TI_int51</name>
         <value>0xffe6</value>
         <object_component_ref idref="oc-6d"/>
      </symbol>
      <symbol id="sm-890">
         <name>__TI_int52</name>
         <value>0xffe8</value>
         <object_component_ref idref="oc-6e"/>
      </symbol>
      <symbol id="sm-893">
         <name>__TI_int54</name>
         <value>0xffec</value>
         <object_component_ref idref="oc-70"/>
      </symbol>
      <symbol id="sm-896">
         <name>__TI_int56</name>
         <value>0xfff0</value>
         <object_component_ref idref="oc-72"/>
      </symbol>
      <symbol id="sm-899">
         <name>__TI_int57</name>
         <value>0xfff2</value>
         <object_component_ref idref="oc-73"/>
      </symbol>
      <symbol id="sm-89c">
         <name>__TI_int58</name>
         <value>0xfff4</value>
         <object_component_ref idref="oc-74"/>
      </symbol>
      <symbol id="sm-89f">
         <name>__TI_int59</name>
         <value>0xfff6</value>
         <object_component_ref idref="oc-75"/>
      </symbol>
      <symbol id="sm-8a2">
         <name>__TI_int60</name>
         <value>0xfff8</value>
         <object_component_ref idref="oc-76"/>
      </symbol>
      <symbol id="sm-8a5">
         <name>__TI_int61</name>
         <value>0xfffa</value>
         <object_component_ref idref="oc-77"/>
      </symbol>
      <symbol id="sm-8a8">
         <name>__TI_int62</name>
         <value>0xfffc</value>
         <object_component_ref idref="oc-78"/>
      </symbol>
      <symbol id="sm-8af">
         <name>__TI_ISR_TRAP</name>
         <value>0xdd16</value>
         <object_component_ref idref="oc-8b"/>
      </symbol>
      <symbol id="sm-8b6">
         <name>__mspabi_srli_8</name>
         <value>0xd15e</value>
         <object_component_ref idref="oc-278"/>
      </symbol>
      <symbol id="sm-8b7">
         <name>__mspabi_srli_9</name>
         <value>0xd15a</value>
         <object_component_ref idref="oc-278"/>
      </symbol>
      <symbol id="sm-8b8">
         <name>__mspabi_srli_6</name>
         <value>0xd166</value>
         <object_component_ref idref="oc-278"/>
      </symbol>
      <symbol id="sm-8b9">
         <name>__mspabi_srli_7</name>
         <value>0xd162</value>
         <object_component_ref idref="oc-278"/>
      </symbol>
      <symbol id="sm-8ba">
         <name>__mspabi_srli_4</name>
         <value>0xd16e</value>
         <object_component_ref idref="oc-278"/>
      </symbol>
      <symbol id="sm-8bb">
         <name>__mspabi_srli_5</name>
         <value>0xd16a</value>
         <object_component_ref idref="oc-278"/>
      </symbol>
      <symbol id="sm-8bc">
         <name>__mspabi_srli_2</name>
         <value>0xd176</value>
         <object_component_ref idref="oc-278"/>
      </symbol>
      <symbol id="sm-8bd">
         <name>__mspabi_srli_3</name>
         <value>0xd172</value>
         <object_component_ref idref="oc-278"/>
      </symbol>
      <symbol id="sm-8be">
         <name>__mspabi_srli_1</name>
         <value>0xd17a</value>
         <object_component_ref idref="oc-278"/>
      </symbol>
      <symbol id="sm-8bf">
         <name>__mspabi_srli</name>
         <value>0xd134</value>
         <object_component_ref idref="oc-278"/>
      </symbol>
      <symbol id="sm-8c0">
         <name>__mspabi_srli_15</name>
         <value>0xd142</value>
         <object_component_ref idref="oc-278"/>
      </symbol>
      <symbol id="sm-8c1">
         <name>__mspabi_srli_14</name>
         <value>0xd146</value>
         <object_component_ref idref="oc-278"/>
      </symbol>
      <symbol id="sm-8c2">
         <name>__mspabi_srli_13</name>
         <value>0xd14a</value>
         <object_component_ref idref="oc-278"/>
      </symbol>
      <symbol id="sm-8c3">
         <name>__mspabi_srli_12</name>
         <value>0xd14e</value>
         <object_component_ref idref="oc-278"/>
      </symbol>
      <symbol id="sm-8c4">
         <name>__mspabi_srli_11</name>
         <value>0xd152</value>
         <object_component_ref idref="oc-278"/>
      </symbol>
      <symbol id="sm-8c5">
         <name>__mspabi_srli_10</name>
         <value>0xd156</value>
         <object_component_ref idref="oc-278"/>
      </symbol>
      <symbol id="sm-8d3">
         <name>memcmp</name>
         <value>0xd9b0</value>
         <object_component_ref idref="oc-3a1"/>
      </symbol>
      <symbol id="sm-8e0">
         <name>memcpy</name>
         <value>0xdc16</value>
         <object_component_ref idref="oc-ae"/>
      </symbol>
      <symbol id="sm-8ee">
         <name>memmove</name>
         <value>0xda52</value>
         <object_component_ref idref="oc-37e"/>
      </symbol>
      <symbol id="sm-8fb">
         <name>memset</name>
         <value>0xdbdc</value>
         <object_component_ref idref="oc-1db"/>
      </symbol>
      <symbol id="sm-902">
         <name>__mspabi_mpyi_f5hw</name>
         <value>0xdbf0</value>
         <object_component_ref idref="oc-27c"/>
      </symbol>
      <symbol id="sm-909">
         <name>__mspabi_mpyl_f5hw</name>
         <value>0xdab2</value>
         <object_component_ref idref="oc-270"/>
      </symbol>
      <symbol id="sm-91b">
         <name>strstr</name>
         <value>0xd432</value>
         <object_component_ref idref="oc-17e"/>
      </symbol>
      <symbol id="sm-932">
         <name>_auto_init</name>
         <value>0xcf8e</value>
         <object_component_ref idref="oc-94"/>
      </symbol>
      <symbol id="sm-933">
         <name>__TI_exit</name>
         <value>0x1</value>
      </symbol>
      <symbol id="sm-934">
         <name>__TI_args_main</name>
         <value>0x1</value>
      </symbol>
      <symbol id="sm-935">
         <name>__TI_INITARRAY_Base</name>
         <value>0x0</value>
      </symbol>
      <symbol id="sm-936">
         <name>__TI_INITARRAY_Limit</name>
         <value>0x0</value>
      </symbol>
   </symbol_table>
   <title>Link successful</title>
</link_info>
