******************************************************************************
                  MSP430 Linker PC v4.2.1                      
******************************************************************************
>> Linked Tue Apr 08 13:35:03 2014

OUTPUT FILE NAME:   <MSP430_LP.out>
ENTRY POINT SYMBOL: "_c_int00"  address: 0000dc26


MEMORY CONFIGURATION

         name            origin    length      used     unused   attr    fill
----------------------  --------  ---------  --------  --------  ----  --------
  SFR                   00000000   00000010  00000000  00000010  RWIX
  PERIPHERALS_8BIT      00000010   000000f0  00000000  000000f0  RWIX
  PERIPHERALS_16BIT     00000100   00000100  00000000  00000100  RWIX
  RAM                   00000200   00000200  00000140  000000c0  RWIX
  INFOD                 00001000   00000040  00000000  00000040  RWIX
  INFOC                 00001040   00000040  00000000  00000040  RWIX
  INFOB                 00001080   00000040  00000000  00000040  RWIX
  INFOA                 000010c0   00000040  00000000  00000040  RWIX
  FLASH                 0000c000   00003fe0  00001eef  000020f1  RWIX
  INT00                 0000ffe0   00000002  00000000  00000002  RWIX
  INT01                 0000ffe2   00000002  00000000  00000002  RWIX
  INT02                 0000ffe4   00000002  00000002  00000000  RWIX
  INT03                 0000ffe6   00000002  00000002  00000000  RWIX
  INT04                 0000ffe8   00000002  00000000  00000002  RWIX
  INT05                 0000ffea   00000002  00000002  00000000  RWIX
  INT06                 0000ffec   00000002  00000002  00000000  RWIX
  INT07                 0000ffee   00000002  00000002  00000000  RWIX
  INT08                 0000fff0   00000002  00000002  00000000  RWIX
  INT09                 0000fff2   00000002  00000002  00000000  RWIX
  INT10                 0000fff4   00000002  00000002  00000000  RWIX
  INT11                 0000fff6   00000002  00000002  00000000  RWIX
  INT12                 0000fff8   00000002  00000002  00000000  RWIX
  INT13                 0000fffa   00000002  00000002  00000000  RWIX
  INT14                 0000fffc   00000002  00000002  00000000  RWIX
  RESET                 0000fffe   00000002  00000002  00000000  RWIX


SECTION ALLOCATION MAP

 output                                  attributes/
section   page    origin      length       input sections
--------  ----  ----------  ----------   ----------------
.init_array 
*          0    0000c000    00000000     UNINITIALIZED

.bss       0    00000200    000000a0     UNINITIALIZED
                  00000200    00000034     (.common:sInFrameQ)
                  00000234    00000034     (.common:sOutFrameQ)
                  00000268    00000018     (.common:mrfiIncomingPacket)
                  00000280    0000000a     (.common:smpl_buffer)
                  0000028a    00000004     (.common:lAddr)
                  0000028e    00000004     (.common:sAPAddress)
                  00000292    00000004     (.common:sMyRAMAddress)
                  00000296    00000004     (.common:sensor)
                  0000029a    00000002     (.common:Flash_Addr)
                  0000029c    00000002     (.common:sServiceLinkID)
                  0000029e    00000001     (.common:len)
                  0000029f    00000001     (.common:linkIDTemp)

.TI.noinit 
*          0    00000200    00000000     UNINITIALIZED

.data      0    000002a0    00000050     UNINITIALIZED
                  000002a0    00000026     nwk.obj (.data)
                  000002c6    00000009     mrfi.obj (.data)
                  000002cf    00000001     bsp.obj (.data)
                  000002d0    00000008     nwk_frame.obj (.data)
                  000002d8    00000007     nwk_join.obj (.data)
                  000002df    00000001     nwk_api.obj (.data)
                  000002e0    00000007     nwk_link.obj (.data)
                  000002e7    00000001     nwk_globals.obj (.data)
                  000002e8    00000004     mrfi.obj (.data:mrfiRxFilterAddr)
                  000002ec    00000003     nwk_mgmt.obj (.data)
                  000002ef    00000001     nwk_ping.obj (.data)

.TI.persistent 
*          0    000002a0    00000000     UNINITIALIZED

.stack     0    000003b0    00000050     UNINITIALIZED
                  000003b0    00000002     rts430_eabi.lib : boot.obj (.stack)
                  000003b2    0000004e     --HOLE--

.text      0    0000c000    00001e6a     
                  0000c000    000001d0     mrfi.obj (.text:MRFI_Init)
                  0000c1d0    00000198     nwk_link.obj (.text:smpl_send_link_reply)
                  0000c368    0000012a     nwk_QMgmt.obj (.text:nwk_QfindOldest)
                  0000c492    00000102     mrfi.obj (.text:MRFI_Transmit)
                  0000c594    000000fa     nwk_join.obj (.text:nwk_join)
                  0000c68e    000000de     nwk.obj (.text:nwk_allocateLocalRxPort)
                  0000c76c    000000d8     mrfi.obj (.text:Mrfi_SyncPinRxIsr)
                  0000c844    000000c8     main_rx.obj (.text:main)
                  0000c90c    000000b2     nwk_frame.obj (.text:nwk_retrieveFrame)
                  0000c9be    000000b0     nwk_api.obj (.text:SMPL_Ioctl)
                  0000ca6e    000000ae     nwk_frame.obj (.text:dispatchFrame)
                  0000cb1c    0000009e     nwk_frame.obj (.text:nwk_buildFrame)
                  0000cbba    0000009e     vlo_rand.obj (.text)
                  0000cc58    0000008c     mrfi.obj (.text:spiBurstFifoAccess)
                  0000cce4    00000086     nwk.obj (.text:nwk_nwkInit)
                  0000cd6a    00000082     nwk_QMgmt.obj (.text:nwk_QfindSlot)
                  0000cdec    00000078     nwk_ioctl.obj (.text:nwk_radioControl)
                  0000ce64    00000076     nwk_api.obj (.text:SMPL_LinkListen)
                  0000ceda    0000006a     main_rx.obj (.text:createRandomAddress)
                  0000cf44    00000068     nwk.obj (.text:nwk_isConnectionValid)
                  0000cfac    0000005e     rts430_eabi.lib : copy_decompress_rle.obj (.text:__TI_decompress_rle_core)
                  0000d00a    0000005e                     : autoinit.obj (.text:_auto_init)
                  0000d068    00000058                     : div32u.obj (.text)
                  0000d0c0    00000054     nwk_ioctl.obj (.text:nwk_rawSend)
                  0000d114    00000050     nwk.obj (.text:nwk_getNextConnection)
                  0000d164    0000004e     mrfi.obj (.text:mrfiSpiCmdStrobe)
                  0000d1b2    0000004c     nwk_api.obj (.text:SMPL_Receive)
                  0000d1fe    0000004c     rts430_eabi.lib : lsr16.obj (.text)
                  0000d24a    00000048     mrfi.obj (.text:spiRegAccess)
                  0000d292    00000046     mrfi.obj (.text:MRFI_RxAddrIsFiltered)
                  0000d2d8    00000046     nwk.obj (.text:nwk_isLinkDuplicate)
                  0000d31e    00000046     nwk_ping.obj (.text:smpl_send_ping_reply)
                  0000d364    00000044     mrfi.obj (.text:MRFI_Rssi)
                  0000d3a8    00000042     mrfi.obj (.text:mrfiSpiInit)
                  0000d3ea    0000003e     nwk.obj (.text:initializeConnection)
                  0000d428    0000003c     mrfi.obj (.text:MRFI_ReplyDelay)
                  0000d464    0000003c     nwk.obj (.text:nwk_putNumObjectIntoMsg)
                  0000d4a0    0000003a     nwk_link.obj (.text:nwk_getLocalLinkID)
                  0000d4da    0000003a     nwk.obj (.text:nwk_isValidReply)
                  0000d514    0000003a     nwk_mgmt.obj (.text:nwk_processMgmt)
                  0000d54e    00000036     mrfi.obj (.text:MRFI_WakeUp)
                  0000d584    00000034     mrfi.obj (.text:MRFI_SetRFPwr)
                  0000d5b8    00000034     mrfi.obj (.text:MRFI_SetRxAddrFilter)
                  0000d5ec    00000034     nwk_api.obj (.text:SMPL_Init)
                  0000d620    00000034     nwk_ioctl.obj (.text:nwk_deviceAddress)
                  0000d654    00000032     mrfi.obj (.text:MRFI_SetLogicalChannel)
                  0000d686    00000032     nwk_QMgmt.obj (.text:nwk_QadjustOrder)
                  0000d6b8    00000032     nwk.obj (.text:nwk_getConnInfo)
                  0000d6ea    00000032     nwk_link.obj (.text:nwk_linkInit)
                  0000d71c    00000030     mrfi.obj (.text:Mrfi_DelayUsecSem)
                  0000d74c    00000030     nwk.obj (.text:map_lid2idx)
                  0000d77c    00000030     nwk_ioctl.obj (.text:nwk_rawReceive)
                  0000d7ac    00000030     nwk_frame.obj (.text:nwk_sendFrame)
                  0000d7dc    0000002e     mrfi.obj (.text:Mrfi_CalculateRssi)
                  0000d80a    0000002e     main_rx.obj (.text:sRxCallback)
                  0000d838    0000002c     mrfi.obj (.text:Mrfi_RxModeOff)
                  0000d864    0000002c     rts430_eabi.lib : div16s.obj (.text)
                  0000d890    0000002a     mrfi.obj (.text:Mrfi_DelayUsec)
                  0000d8ba    0000002a     nwk.obj (.text:nwk_checkConnInfo)
                  0000d8e4    00000028     nwk_ping.obj (.text:nwk_processPing)
                  0000d90c    00000026     mrfi.obj (.text:Mrfi_RandomBackoffDelay)
                  0000d932    00000026     nwk_ioctl.obj (.text:nwk_connectionControl)
                  0000d958    00000026     nwk_globals.obj (.text:nwk_globalsInit)
                  0000d97e    00000026     nwk_join.obj (.text:nwk_joinInit)
                  0000d9a4    00000026     nwk_link.obj (.text:nwk_processLink)
                  0000d9ca    00000026     rts430_eabi.lib : mult32.obj (.text)
                  0000d9f0    00000024     mrfi.obj (.text:MRFI_Sleep)
                  0000da14    00000022     mrfi.obj (.text:MRFI_EnableRxAddrFilter)
                  0000da36    00000022     mrfi.obj (.text:MRFI_RxOn)
                  0000da58    00000022     rts430_eabi.lib : memcmp.obj (.text:memcmp)
                  0000da7a    00000020     bsp.obj (.text:BSP_Init)
                  0000da9a    00000020     bsp.obj (.text:BSP_InitBoard)
                  0000daba    00000020     nwk_frame.obj (.text:MRFI_RxCompleteISR)
                  0000dada    00000020     mrfi.obj (.text:MRFI_RxIdle)
                  0000dafa    00000020     nwk_link.obj (.text:handleLinkRequest)
                  0000db1a    00000020     rts430_eabi.lib : memmov.obj (.text:memmove)
                  0000db3a    00000020     nwk_frame.obj (.text:nwk_frameInit)
                  0000db5a    00000020     nwk_join.obj (.text:nwk_processJoin)
                  0000db7a    0000001e     bsp.obj (.text:BSP_Delay)
                  0000db98    0000001e     mrfi.obj (.text:mrfiSpiReadReg)
                  0000dbb6    0000001e     nwk_QMgmt.obj (.text:nwk_QInit)
                  0000dbd4    0000001c     mrfi.obj (.text:MRFI_GpioIsr)
                  0000dbf0    0000001c     nwk_globals.obj (.text:nwk_setMyAddress)
                  0000dc0c    0000001a     mrfi.obj (.text:BSP_GpioPort1Isr)
                  0000dc26    0000001a     rts430_eabi.lib : boot.obj (.text:_c_int00_noexit)
                  0000dc40    0000001a     mrfi.obj (.text:mrfiSpiWriteReg)
                  0000dc5a    00000018     mrfi.obj (.text:MRFI_DelayMs)
                  0000dc72    00000018     rts430_eabi.lib : strcmp.obj (.text:strcmp)
                  0000dc8a    00000016     mrfi.obj (.text:MRFI_RandomByte)
                  0000dca0    00000016     mrfi.obj (.text:Mrfi_RxModeOn)
                  0000dcb6    00000016     rts430_eabi.lib : div16u.obj (.text)
                  0000dccc    00000014                     : copy_zero_init.obj (.text:decompress:ZI:__TI_zero_init)
                  0000dce0    00000014     nwk_api.obj (.text:ioctlPreInitAccessIsOK)
                  0000dcf4    00000014     rts430_eabi.lib : memset.obj (.text:memset)
                  0000dd08    00000014                     : mult16.obj (.text)
                  0000dd1c    00000012                     : copy_decompress_none.obj (.text:decompress:none:__TI_decompress_none)
                  0000dd2e    00000012                     : memcpy.obj (.text:memcpy)
                  0000dd40    00000012     nwk_globals.obj (.text:nwk_getMyAddress)
                  0000dd52    00000012     nwk_link.obj (.text:nwk_setLinkToken)
                  0000dd64    00000010     rts430_eabi.lib : asr32.obj (.text:l_asr)
                  0000dd74    00000010                     : epilog.obj (.text)
                  0000dd84    0000000e     mrfi.obj (.text:MRFI_Receive)
                  0000dd92    0000000e     mrfi.obj (.text:mrfiSpiWriteTxFifo)
                  0000dda0    0000000e     nwk.obj (.text:nwk_getNumObjectFromMsg)
                  0000ddae    0000000e     nwk_globals.obj (.text:nwk_setAPAddress)
                  0000ddbc    0000000e     nwk_link.obj (.text:nwk_setListenContext)
                  0000ddca    0000000c     mrfi.obj (.text:MRFI_PostKillSem)
                  0000ddd6    0000000c     nwk_ping.obj (.text:handlePingRequest)
                  0000dde2    0000000c     mrfi.obj (.text:mrfiSpiReadRxFifo)
                  0000ddee    0000000a     bsp.obj (.text:BSP_InitButtons)
                  0000ddf8    0000000a     bsp.obj (.text:BSP_InitDrivers)
                  0000de02    0000000a     bsp.obj (.text:BSP_InitLeds)
                  0000de0c    0000000a     bsp.obj (.text:_system_pre_init)
                  0000de16    0000000a     nwk_mgmt.obj (.text:nwk_mgmtInit)
                  0000de20    0000000a     nwk_ping.obj (.text:nwk_pingInit)
                  0000de2a    00000006     mrfi.obj (.text:MRFI_GetRadioState)
                  0000de30    00000006     rts430_eabi.lib : isr_trap.obj (.text:__TI_ISR_TRAP)
                  0000de36    00000006                     : copy_decompress_rle.obj (.text:decompress:rle24:__TI_decompress_rle24)
                  0000de3c    00000006     nwk.obj (.text:nwk_freeConnection)
                  0000de42    00000006     nwk_globals.obj (.text:nwk_getBCastAddress)
                  0000de48    00000006     nwk_globals.obj (.text:nwk_getFWVersion)
                  0000de4e    00000006     nwk_frame.obj (.text:nwk_getMyRxType)
                  0000de54    00000006     nwk_globals.obj (.text:nwk_getProtocolVersion)
                  0000de5a    00000004     rts430_eabi.lib : exit.obj (.text:abort)
                  0000de5e    00000004     nwk_freq.obj (.text:nwk_processFreq)
                  0000de62    00000004     nwk_security.obj (.text:nwk_processSecurity)
                  0000de66    00000002     nwk_freq.obj (.text:nwk_freqInit)
                  0000de68    00000002     nwk_security.obj (.text:nwk_securityInit)

.const     0    0000de6a    00000065     
                  0000de6a    0000003e     mrfi.obj (.const:mrfiRadioCfg)
                  0000dea8    0000000c     nwk_frame.obj (.const:func)
                  0000deb4    00000009     nwk_globals.obj (.const)
                  0000debd    00000001     --HOLE-- [fill = 0]
                  0000debe    00000006     main_rx.obj (.const:.string)
                  0000dec4    00000004     mrfi.obj (.const:.string:mrfiBroadcastAddr)
                  0000dec8    00000004     mrfi.obj (.const:.string:mrfiLogicalChanTable)
                  0000decc    00000003     mrfi.obj (.const:.string:mrfiRFPowerTable)

.cinit     0    0000ded0    00000020     
                  0000ded0    0000000e     (.cinit..data.load) [load image, compression = rle]
                  0000dede    00000006     (__TI_handler_table)
                  0000dee4    00000004     (.cinit..bss.load) [load image, compression = zero_init]
                  0000dee8    00000008     (__TI_cinit_table)

PORT1      0    0000ffe4    00000002     
                  0000ffe4    00000002     rts430_eabi.lib : int02.obj (.int02)

PORT2      0    0000ffe6    00000002     
                  0000ffe6    00000002     mrfi.obj (.int03)

ADC10      0    0000ffea    00000002     
                  0000ffea    00000002     rts430_eabi.lib : int05.obj (.int05)

USCIAB0TX 
*          0    0000ffec    00000002     
                  0000ffec    00000002     rts430_eabi.lib : int06.obj (.int06)

USCIAB0RX 
*          0    0000ffee    00000002     
                  0000ffee    00000002     rts430_eabi.lib : int07.obj (.int07)

TIMER0_A1 
*          0    0000fff0    00000002     
                  0000fff0    00000002     rts430_eabi.lib : int08.obj (.int08)

TIMER0_A0 
*          0    0000fff2    00000002     
                  0000fff2    00000002     rts430_eabi.lib : int09.obj (.int09)

WDT        0    0000fff4    00000002     
                  0000fff4    00000002     rts430_eabi.lib : int10.obj (.int10)

COMPARATORA 
*          0    0000fff6    00000002     
                  0000fff6    00000002     rts430_eabi.lib : int11.obj (.int11)

TIMER1_A1 
*          0    0000fff8    00000002     
                  0000fff8    00000002     rts430_eabi.lib : int12.obj (.int12)

TIMER1_A0 
*          0    0000fffa    00000002     
                  0000fffa    00000002     rts430_eabi.lib : int13.obj (.int13)

NMI        0    0000fffc    00000002     
                  0000fffc    00000002     rts430_eabi.lib : int14.obj (.int14)

.reset     0    0000fffe    00000002     
                  0000fffe    00000002     rts430_eabi.lib : boot.obj (.reset)


LINKER GENERATED COPY TABLES

__TI_cinit_table @ 0000dee8 records: 2, size/record: 4, table size: 8
	.data: load addr=0000ded0, load size=0000000e bytes, run addr=000002a0, run size=00000050 bytes, compression=rle
	.bss: load addr=0000dee4, load size=00000004 bytes, run addr=00000200, run size=000000a0 bytes, compression=zero_init


LINKER GENERATED HANDLER TABLE

__TI_handler_table @ 0000dede records: 3, size/record: 2, table size: 6
	index: 0, handler: __TI_zero_init
	index: 1, handler: __TI_decompress_rle24
	index: 2, handler: __TI_decompress_none


GLOBAL SYMBOLS: SORTED ALPHABETICALLY BY Name 

address    name
--------   ----
0000004a   ADC10AE0
000001b0   ADC10CTL0
000001b2   ADC10CTL1
00000048   ADC10DTC0
00000049   ADC10DTC1
000001b4   ADC10MEM
000001bc   ADC10SA
00000057   BCSCTL1
00000058   BCSCTL2
00000053   BCSCTL3
0000db7a   BSP_Delay
0000dc0c   BSP_GpioPort1Isr
0000da7a   BSP_Init
0000da9a   BSP_InitBoard
0000ddee   BSP_InitButtons
0000ddf8   BSP_InitDrivers
0000de02   BSP_InitLeds
0000de5a   C$$EXIT
00000059   CACTL1
0000005a   CACTL2
000010fb   CALBC1_12MHZ
000010f9   CALBC1_16MHZ
000010ff   CALBC1_1MHZ
000010fd   CALBC1_8MHZ
000010fa   CALDCO_12MHZ
000010f8   CALDCO_16MHZ
000010fe   CALDCO_1MHZ
000010fc   CALDCO_8MHZ
0000005b   CAPD
00000056   DCOCTL
00000128   FCTL1
0000012a   FCTL2
0000012c   FCTL3
0000029a   Flash_Addr
00000000   IE1
00000001   IE2
00000002   IFG1
00000003   IFG2
0000dc5a   MRFI_DelayMs
0000da14   MRFI_EnableRxAddrFilter
0000de2a   MRFI_GetRadioState
0000dbd4   MRFI_GpioIsr
0000c000   MRFI_Init
0000ddca   MRFI_PostKillSem
0000dc8a   MRFI_RandomByte
0000dd84   MRFI_Receive
0000d428   MRFI_ReplyDelay
0000d364   MRFI_Rssi
0000d292   MRFI_RxAddrIsFiltered
0000daba   MRFI_RxCompleteISR
0000dada   MRFI_RxIdle
0000da36   MRFI_RxOn
0000d654   MRFI_SetLogicalChannel
0000d584   MRFI_SetRFPwr
0000d5b8   MRFI_SetRxAddrFilter
0000d9f0   MRFI_Sleep
0000c492   MRFI_Transmit
0000d54e   MRFI_WakeUp
00000022   P1DIR
00000025   P1IE
00000024   P1IES
00000023   P1IFG
00000020   P1IN
00000021   P1OUT
00000027   P1REN
00000026   P1SEL
00000041   P1SEL2
0000002a   P2DIR
0000002d   P2IE
0000002c   P2IES
0000002b   P2IFG
00000028   P2IN
00000029   P2OUT
0000002f   P2REN
0000002e   P2SEL
00000042   P2SEL2
0000001a   P3DIR
00000018   P3IN
00000019   P3OUT
00000010   P3REN
0000001b   P3SEL
00000043   P3SEL2
0000d5ec   SMPL_Init
0000c9be   SMPL_Ioctl
0000ce64   SMPL_LinkListen
0000d1b2   SMPL_Receive
00000172   TA0CCR0
00000174   TA0CCR1
00000176   TA0CCR2
00000162   TA0CCTL0
00000164   TA0CCTL1
00000166   TA0CCTL2
00000160   TA0CTL
0000012e   TA0IV
00000170   TA0R
00000192   TA1CCR0
00000194   TA1CCR1
00000196   TA1CCR2
00000182   TA1CCTL0
00000184   TA1CCTL1
00000186   TA1CCTL2
00000180   TA1CTL
0000011e   TA1IV
00000190   TA1R
0000cbba   TI_getRandomIntegerFromADC
0000cbe2   TI_getRandomIntegerFromVLO
0000005d   UCA0ABCTL
00000062   UCA0BR0
00000063   UCA0BR1
00000060   UCA0CTL0
00000061   UCA0CTL1
0000005f   UCA0IRRCTL
0000005e   UCA0IRTCTL
00000064   UCA0MCTL
00000066   UCA0RXBUF
00000065   UCA0STAT
00000067   UCA0TXBUF
0000006a   UCB0BR0
0000006b   UCB0BR1
00000068   UCB0CTL0
00000069   UCB0CTL1
0000006c   UCB0I2CIE
00000118   UCB0I2COA
0000011a   UCB0I2CSA
0000006e   UCB0RXBUF
0000006d   UCB0STAT
0000006f   UCB0TXBUF
00000120   WDTCTL
00000400   __STACK_END
00000050   __STACK_SIZE
0000dee8   __TI_CINIT_Base
0000def0   __TI_CINIT_Limit
0000dede   __TI_Handler_Table_Base
0000dee4   __TI_Handler_Table_Limit
UNDEFED    __TI_INITARRAY_Base
UNDEFED    __TI_INITARRAY_Limit
0000de30   __TI_ISR_TRAP
00000001   __TI_args_main
0000dd1c   __TI_decompress_none
0000de36   __TI_decompress_rle24
00000001   __TI_exit
0000ffe4   __TI_int02
0000ffe6   __TI_int03
0000ffea   __TI_int05
0000ffec   __TI_int06
0000ffee   __TI_int07
0000fff0   __TI_int08
0000fff2   __TI_int09
0000fff4   __TI_int10
0000fff6   __TI_int11
0000fff8   __TI_int12
0000fffa   __TI_int13
0000fffc   __TI_int14
0000dccc   __TI_zero_init
ffffffff   __binit__
ffffffff   __c_args__
0000d864   __mspabi_divi
0000dcb6   __mspabi_divu
0000d068   __mspabi_divul
0000dd80   __mspabi_func_epilog_1
0000dd7e   __mspabi_func_epilog_2
0000dd7c   __mspabi_func_epilog_3
0000dd7a   __mspabi_func_epilog_4
0000dd78   __mspabi_func_epilog_5
0000dd76   __mspabi_func_epilog_6
0000dd74   __mspabi_func_epilog_7
0000dd08   __mspabi_mpyi
0000d9ca   __mspabi_mpyl
0000d864   __mspabi_remi
0000dcb6   __mspabi_remu
0000d068   __mspabi_remul
0000dd64   __mspabi_sral
0000d1fe   __mspabi_srli
0000d244   __mspabi_srli_1
0000d220   __mspabi_srli_10
0000d21c   __mspabi_srli_11
0000d218   __mspabi_srli_12
0000d214   __mspabi_srli_13
0000d210   __mspabi_srli_14
0000d20c   __mspabi_srli_15
0000d240   __mspabi_srli_2
0000d23c   __mspabi_srli_3
0000d238   __mspabi_srli_4
0000d234   __mspabi_srli_5
0000d230   __mspabi_srli_6
0000d22c   __mspabi_srli_7
0000d228   __mspabi_srli_8
0000d224   __mspabi_srli_9
0000d00a   _auto_init
0000dc26   _c_int00
0000dc26   _c_int00_noexit
0000fffe   _reset_vector
000003b0   _stack
0000de0c   _system_pre_init
0000de5a   abort
ffffffff   binit
0000ceda   createRandomAddress
0000028a   lAddr
0000029e   len
0000029f   linkIDTemp
0000c844   main
0000da58   memcmp
0000dd2e   memcpy
0000db1a   memmove
0000dcf4   memset
0000dec4   mrfiBroadcastAddr
0000d164   mrfiSpiCmdStrobe
0000d3a8   mrfiSpiInit
0000db98   mrfiSpiReadReg
0000dde2   mrfiSpiReadRxFifo
0000dc40   mrfiSpiWriteReg
0000dd92   mrfiSpiWriteTxFifo
0000dbb6   nwk_QInit
0000d686   nwk_QadjustOrder
0000c368   nwk_QfindOldest
0000cd6a   nwk_QfindSlot
0000c68e   nwk_allocateLocalRxPort
0000cb1c   nwk_buildFrame
0000d8ba   nwk_checkConnInfo
0000d932   nwk_connectionControl
0000d620   nwk_deviceAddress
0000db3a   nwk_frameInit
0000de3c   nwk_freeConnection
0000de66   nwk_freqInit
0000de42   nwk_getBCastAddress
0000d6b8   nwk_getConnInfo
0000de48   nwk_getFWVersion
0000d4a0   nwk_getLocalLinkID
0000dd40   nwk_getMyAddress
0000de4e   nwk_getMyRxType
0000d114   nwk_getNextConnection
0000dda0   nwk_getNumObjectFromMsg
0000de54   nwk_getProtocolVersion
0000d958   nwk_globalsInit
0000cf44   nwk_isConnectionValid
0000d2d8   nwk_isLinkDuplicate
0000d4da   nwk_isValidReply
0000c594   nwk_join
0000d97e   nwk_joinInit
0000d6ea   nwk_linkInit
0000de16   nwk_mgmtInit
0000cce4   nwk_nwkInit
0000de20   nwk_pingInit
0000de5e   nwk_processFreq
0000db5a   nwk_processJoin
0000d9a4   nwk_processLink
0000d514   nwk_processMgmt
0000d8e4   nwk_processPing
0000de62   nwk_processSecurity
0000d464   nwk_putNumObjectIntoMsg
0000cdec   nwk_radioControl
0000d77c   nwk_rawReceive
0000d0c0   nwk_rawSend
0000c90c   nwk_retrieveFrame
0000de68   nwk_securityInit
0000d7ac   nwk_sendFrame
0000ddae   nwk_setAPAddress
0000dd52   nwk_setLinkToken
0000ddbc   nwk_setListenContext
0000dbf0   nwk_setMyAddress
00000296   sensor
00000280   smpl_buffer
0000dc72   strcmp


GLOBAL SYMBOLS: SORTED BY Symbol Address 

address    name
--------   ----
00000000   IE1
00000001   IE2
00000001   __TI_args_main
00000001   __TI_exit
00000002   IFG1
00000003   IFG2
00000010   P3REN
00000018   P3IN
00000019   P3OUT
0000001a   P3DIR
0000001b   P3SEL
00000020   P1IN
00000021   P1OUT
00000022   P1DIR
00000023   P1IFG
00000024   P1IES
00000025   P1IE
00000026   P1SEL
00000027   P1REN
00000028   P2IN
00000029   P2OUT
0000002a   P2DIR
0000002b   P2IFG
0000002c   P2IES
0000002d   P2IE
0000002e   P2SEL
0000002f   P2REN
00000041   P1SEL2
00000042   P2SEL2
00000043   P3SEL2
00000048   ADC10DTC0
00000049   ADC10DTC1
0000004a   ADC10AE0
00000050   __STACK_SIZE
00000053   BCSCTL3
00000056   DCOCTL
00000057   BCSCTL1
00000058   BCSCTL2
00000059   CACTL1
0000005a   CACTL2
0000005b   CAPD
0000005d   UCA0ABCTL
0000005e   UCA0IRTCTL
0000005f   UCA0IRRCTL
00000060   UCA0CTL0
00000061   UCA0CTL1
00000062   UCA0BR0
00000063   UCA0BR1
00000064   UCA0MCTL
00000065   UCA0STAT
00000066   UCA0RXBUF
00000067   UCA0TXBUF
00000068   UCB0CTL0
00000069   UCB0CTL1
0000006a   UCB0BR0
0000006b   UCB0BR1
0000006c   UCB0I2CIE
0000006d   UCB0STAT
0000006e   UCB0RXBUF
0000006f   UCB0TXBUF
00000118   UCB0I2COA
0000011a   UCB0I2CSA
0000011e   TA1IV
00000120   WDTCTL
00000128   FCTL1
0000012a   FCTL2
0000012c   FCTL3
0000012e   TA0IV
00000160   TA0CTL
00000162   TA0CCTL0
00000164   TA0CCTL1
00000166   TA0CCTL2
00000170   TA0R
00000172   TA0CCR0
00000174   TA0CCR1
00000176   TA0CCR2
00000180   TA1CTL
00000182   TA1CCTL0
00000184   TA1CCTL1
00000186   TA1CCTL2
00000190   TA1R
00000192   TA1CCR0
00000194   TA1CCR1
00000196   TA1CCR2
000001b0   ADC10CTL0
000001b2   ADC10CTL1
000001b4   ADC10MEM
000001bc   ADC10SA
00000280   smpl_buffer
0000028a   lAddr
00000296   sensor
0000029a   Flash_Addr
0000029e   len
0000029f   linkIDTemp
000003b0   _stack
00000400   __STACK_END
000010f8   CALDCO_16MHZ
000010f9   CALBC1_16MHZ
000010fa   CALDCO_12MHZ
000010fb   CALBC1_12MHZ
000010fc   CALDCO_8MHZ
000010fd   CALBC1_8MHZ
000010fe   CALDCO_1MHZ
000010ff   CALBC1_1MHZ
0000c000   MRFI_Init
0000c368   nwk_QfindOldest
0000c492   MRFI_Transmit
0000c594   nwk_join
0000c68e   nwk_allocateLocalRxPort
0000c844   main
0000c90c   nwk_retrieveFrame
0000c9be   SMPL_Ioctl
0000cb1c   nwk_buildFrame
0000cbba   TI_getRandomIntegerFromADC
0000cbe2   TI_getRandomIntegerFromVLO
0000cce4   nwk_nwkInit
0000cd6a   nwk_QfindSlot
0000cdec   nwk_radioControl
0000ce64   SMPL_LinkListen
0000ceda   createRandomAddress
0000cf44   nwk_isConnectionValid
0000d00a   _auto_init
0000d068   __mspabi_divul
0000d068   __mspabi_remul
0000d0c0   nwk_rawSend
0000d114   nwk_getNextConnection
0000d164   mrfiSpiCmdStrobe
0000d1b2   SMPL_Receive
0000d1fe   __mspabi_srli
0000d20c   __mspabi_srli_15
0000d210   __mspabi_srli_14
0000d214   __mspabi_srli_13
0000d218   __mspabi_srli_12
0000d21c   __mspabi_srli_11
0000d220   __mspabi_srli_10
0000d224   __mspabi_srli_9
0000d228   __mspabi_srli_8
0000d22c   __mspabi_srli_7
0000d230   __mspabi_srli_6
0000d234   __mspabi_srli_5
0000d238   __mspabi_srli_4
0000d23c   __mspabi_srli_3
0000d240   __mspabi_srli_2
0000d244   __mspabi_srli_1
0000d292   MRFI_RxAddrIsFiltered
0000d2d8   nwk_isLinkDuplicate
0000d364   MRFI_Rssi
0000d3a8   mrfiSpiInit
0000d428   MRFI_ReplyDelay
0000d464   nwk_putNumObjectIntoMsg
0000d4a0   nwk_getLocalLinkID
0000d4da   nwk_isValidReply
0000d514   nwk_processMgmt
0000d54e   MRFI_WakeUp
0000d584   MRFI_SetRFPwr
0000d5b8   MRFI_SetRxAddrFilter
0000d5ec   SMPL_Init
0000d620   nwk_deviceAddress
0000d654   MRFI_SetLogicalChannel
0000d686   nwk_QadjustOrder
0000d6b8   nwk_getConnInfo
0000d6ea   nwk_linkInit
0000d77c   nwk_rawReceive
0000d7ac   nwk_sendFrame
0000d864   __mspabi_divi
0000d864   __mspabi_remi
0000d8ba   nwk_checkConnInfo
0000d8e4   nwk_processPing
0000d932   nwk_connectionControl
0000d958   nwk_globalsInit
0000d97e   nwk_joinInit
0000d9a4   nwk_processLink
0000d9ca   __mspabi_mpyl
0000d9f0   MRFI_Sleep
0000da14   MRFI_EnableRxAddrFilter
0000da36   MRFI_RxOn
0000da58   memcmp
0000da7a   BSP_Init
0000da9a   BSP_InitBoard
0000daba   MRFI_RxCompleteISR
0000dada   MRFI_RxIdle
0000db1a   memmove
0000db3a   nwk_frameInit
0000db5a   nwk_processJoin
0000db7a   BSP_Delay
0000db98   mrfiSpiReadReg
0000dbb6   nwk_QInit
0000dbd4   MRFI_GpioIsr
0000dbf0   nwk_setMyAddress
0000dc0c   BSP_GpioPort1Isr
0000dc26   _c_int00
0000dc26   _c_int00_noexit
0000dc40   mrfiSpiWriteReg
0000dc5a   MRFI_DelayMs
0000dc72   strcmp
0000dc8a   MRFI_RandomByte
0000dcb6   __mspabi_divu
0000dcb6   __mspabi_remu
0000dccc   __TI_zero_init
0000dcf4   memset
0000dd08   __mspabi_mpyi
0000dd1c   __TI_decompress_none
0000dd2e   memcpy
0000dd40   nwk_getMyAddress
0000dd52   nwk_setLinkToken
0000dd64   __mspabi_sral
0000dd74   __mspabi_func_epilog_7
0000dd76   __mspabi_func_epilog_6
0000dd78   __mspabi_func_epilog_5
0000dd7a   __mspabi_func_epilog_4
0000dd7c   __mspabi_func_epilog_3
0000dd7e   __mspabi_func_epilog_2
0000dd80   __mspabi_func_epilog_1
0000dd84   MRFI_Receive
0000dd92   mrfiSpiWriteTxFifo
0000dda0   nwk_getNumObjectFromMsg
0000ddae   nwk_setAPAddress
0000ddbc   nwk_setListenContext
0000ddca   MRFI_PostKillSem
0000dde2   mrfiSpiReadRxFifo
0000ddee   BSP_InitButtons
0000ddf8   BSP_InitDrivers
0000de02   BSP_InitLeds
0000de0c   _system_pre_init
0000de16   nwk_mgmtInit
0000de20   nwk_pingInit
0000de2a   MRFI_GetRadioState
0000de30   __TI_ISR_TRAP
0000de36   __TI_decompress_rle24
0000de3c   nwk_freeConnection
0000de42   nwk_getBCastAddress
0000de48   nwk_getFWVersion
0000de4e   nwk_getMyRxType
0000de54   nwk_getProtocolVersion
0000de5a   C$$EXIT
0000de5a   abort
0000de5e   nwk_processFreq
0000de62   nwk_processSecurity
0000de66   nwk_freqInit
0000de68   nwk_securityInit
0000dec4   mrfiBroadcastAddr
0000dede   __TI_Handler_Table_Base
0000dee4   __TI_Handler_Table_Limit
0000dee8   __TI_CINIT_Base
0000def0   __TI_CINIT_Limit
0000ffe4   __TI_int02
0000ffe6   __TI_int03
0000ffea   __TI_int05
0000ffec   __TI_int06
0000ffee   __TI_int07
0000fff0   __TI_int08
0000fff2   __TI_int09
0000fff4   __TI_int10
0000fff6   __TI_int11
0000fff8   __TI_int12
0000fffa   __TI_int13
0000fffc   __TI_int14
0000fffe   _reset_vector
ffffffff   __binit__
ffffffff   __c_args__
ffffffff   binit
UNDEFED    __TI_INITARRAY_Base
UNDEFED    __TI_INITARRAY_Limit

[263 symbols]
